Archive member included to satisfy reference by file (symbol)

libcodal-circuit-playground.a(codal_target_hal.cpp.o)
                              CMakeFiles/CIRCUIT_PLAYGROUND.dir/pxtapp/base/control.cpp.o (target_reset)
libcodal-circuit-playground.a(CircuitPlayground.cpp.o)
                              CMakeFiles/CIRCUIT_PLAYGROUND.dir/pxtapp/core/codal.cpp.o (cpu_clock_init())
libcodal-circuit-playground.a(CircuitPlaygroundIO.cpp.o)
                              libcodal-circuit-playground.a(CircuitPlayground.cpp.o) (codal::CircuitPlaygroundIO::CircuitPlaygroundIO())
libcodal-circuit-playground.a(CPlayTimer.cpp.o)
                              libcodal-circuit-playground.a(CircuitPlayground.cpp.o) (codal::CPlayTimer::CPlayTimer())
libcodal-core.a(CodalComponent.cpp.o)
                              libcodal-circuit-playground.a(CircuitPlayground.cpp.o) (codal::CodalComponent::addComponent())
libcodal-core.a(CodalDevice.cpp.o)
                              libcodal-circuit-playground.a(CircuitPlayground.cpp.o) (codal::CodalDevice::sleep(unsigned long))
libcodal-core.a(CodalDmesg.cpp.o)
                              libcodal-circuit-playground.a(CircuitPlayground.cpp.o) (codal_dmesg_set_flush_fn(void (*)()))
libcodal-core.a(CodalFiber.cpp.o)
                              CMakeFiles/CIRCUIT_PLAYGROUND.dir/pxtapp/core/codal.cpp.o (codal::scheduler_init(codal::EventModel&))
libcodal-core.a(CodalHeapAllocator.cpp.o)
                              CMakeFiles/CIRCUIT_PLAYGROUND.dir/pxtapp/core/hf2.cpp.o (malloc)
libcodal-core.a(CodalListener.cpp.o)
                              CMakeFiles/CIRCUIT_PLAYGROUND.dir/pxtapp/core/codal.cpp.o (codal::Listener::Listener(unsigned short, unsigned short, void (*)(codal::Event), unsigned short))
libcodal-core.a(AbstractButton.cpp.o)
                              libcodal-circuit-playground.a(CircuitPlayground.cpp.o) (codal::AbstractButton::~AbstractButton())
libcodal-core.a(Accelerometer.cpp.o)
                              CMakeFiles/CIRCUIT_PLAYGROUND.dir/pxtapp/accelerometer/accelerometer.cpp.o (codal::Accelerometer::getX())
libcodal-core.a(CodalUSB.cpp.o)
                              CMakeFiles/CIRCUIT_PLAYGROUND.dir/pxtapp/core/codal.cpp.o (CodalUSB::CodalUSB())
libcodal-core.a(I2C.cpp.o)    CMakeFiles/CIRCUIT_PLAYGROUND.dir/pxtapp/core/i2c.cpp.o (codal::I2C::write(unsigned short, unsigned char*, int, bool))
libcodal-core.a(Timer.cpp.o)  CMakeFiles/CIRCUIT_PLAYGROUND.dir/pxtapp/core/codal.cpp.o (codal::Timer::~Timer())
libcodal-core.a(AnalogSensor.cpp.o)
                              libcodal-circuit-playground.a(CircuitPlayground.cpp.o) (codal::AnalogSensor::~AnalogSensor())
libcodal-core.a(Button.cpp.o)
                              CMakeFiles/CIRCUIT_PLAYGROUND.dir/pxtapp/switch/switch.cpp.o (codal::Button::isPressed())
libcodal-core.a(HID.cpp.o)    CMakeFiles/CIRCUIT_PLAYGROUND.dir/pxtapp/core/hf2.cpp.o (codal::USBHID::classRequest(UsbEndpointIn&, USBSetup&))
libcodal-core.a(LIS3DH.cpp.o)
                              CMakeFiles/CIRCUIT_PLAYGROUND.dir/pxtapp/accelerometer/accelerometer.cpp.o (codal::LIS3DH::setRange(int))
libcodal-core.a(MessageBus.cpp.o)
                              CMakeFiles/CIRCUIT_PLAYGROUND.dir/pxtapp/core/codal.cpp.o (codal::MessageBus::add(codal::Listener*))
libcodal-core.a(MultiButton.cpp.o)
                              CMakeFiles/CIRCUIT_PLAYGROUND.dir/pxtapp/buttons/buttons.cpp.o (codal::MultiButton::setEventConfiguration(ButtonEventConfiguration))
libcodal-core.a(NonLinearAnalogSensor.cpp.o)
                              libcodal-circuit-playground.a(CircuitPlayground.cpp.o) (codal::NonLinearAnalogSensor::updateSample())
libcodal-core.a(LevelDetector.cpp.o)
                              CMakeFiles/CIRCUIT_PLAYGROUND.dir/pxtapp/microphone/microphone.cpp.o (codal::LevelDetector::LevelDetector(codal::DataSource&, int, int, unsigned short))
libcodal-core.a(Synthesizer.cpp.o)
                              CMakeFiles/CIRCUIT_PLAYGROUND.dir/pxtapp/music/music.cpp.o (codal::Synthesizer::Synthesizer(int))
libcodal-core.a(CoordinateSystem.cpp.o)
                              CMakeFiles/CIRCUIT_PLAYGROUND.dir/pxtapp/accelerometer/accelerometer.cpp.o (codal::CoordinateSpace::CoordinateSpace(codal::CoordinateSystem, bool, int))
libcodal-core.a(Event.cpp.o)  CMakeFiles/CIRCUIT_PLAYGROUND.dir/pxtapp/core/control.cpp.o (codal::Event::Event(unsigned short, unsigned short, codal::EventLaunchMode))
libcodal-core.a(ManagedBuffer.cpp.o)
                              libcodal-core.a(Synthesizer.cpp.o) (codal::ManagedBuffer::ManagedBuffer())
libcodal-core.a(ManagedString.cpp.o)
                              libcodal-circuit-playground.a(CircuitPlayground.cpp.o) (codal::ManagedString::~ManagedString())
libcodal-core.a(RefCounted.cpp.o)
                              libcodal-core.a(ManagedBuffer.cpp.o) (codal::RefCounted::incr())
libcodal-core.a(RefCountedInit.cpp.o)
[...]
Memory Configuration

Name             Origin             Length             Attributes
rom              0x0000000000002000 0x000000000003e000 xr
ram              0x0000000020000000 0x0000000000008000 xrw
*default*        0x0000000000000000 0xffffffffffffffff

Linker script and memory map

LOAD /usr/local/Cellar/arm-none-eabi-gcc/5.0-2016-q1-update/bin/../lib/gcc/arm-none-eabi/5.3.1/armv6-m/crti.o
LOAD /usr/local/Cellar/arm-none-eabi-gcc/5.0-2016-q1-update/bin/../lib/gcc/arm-none-eabi/5.3.1/armv6-m/crtbegin.o
LOAD /usr/local/Cellar/arm-none-eabi-gcc/5.0-2016-q1-update/bin/../lib/gcc/arm-none-eabi/5.3.1/../../../../arm-none-eabi/lib/armv6-m/crt0.o
START GROUP
LOAD CMakeFiles/CIRCUIT_PLAYGROUND.dir/pxtapp/accelerometer/accelerometer.cpp.o
LOAD CMakeFiles/CIRCUIT_PLAYGROUND.dir/pxtapp/base/buffer.cpp.o
LOAD CMakeFiles/CIRCUIT_PLAYGROUND.dir/pxtapp/base/control.cpp.o
LOAD CMakeFiles/CIRCUIT_PLAYGROUND.dir/pxtapp/base/core.cpp.o
LOAD CMakeFiles/CIRCUIT_PLAYGROUND.dir/pxtapp/base/loops.cpp.o
LOAD CMakeFiles/CIRCUIT_PLAYGROUND.dir/pxtapp/base/pxt.cpp.o
LOAD CMakeFiles/CIRCUIT_PLAYGROUND.dir/pxtapp/base/serial.cpp.o
LOAD CMakeFiles/CIRCUIT_PLAYGROUND.dir/pxtapp/buttons/buttons.cpp.o
LOAD CMakeFiles/CIRCUIT_PLAYGROUND.dir/pxtapp/core/codal.cpp.o
LOAD CMakeFiles/CIRCUIT_PLAYGROUND.dir/pxtapp/core/control.cpp.o
LOAD CMakeFiles/CIRCUIT_PLAYGROUND.dir/pxtapp/core/dmac.cpp.o
LOAD CMakeFiles/CIRCUIT_PLAYGROUND.dir/pxtapp/core/hf2.cpp.o
LOAD CMakeFiles/CIRCUIT_PLAYGROUND.dir/pxtapp/core/i2c.cpp.o
LOAD CMakeFiles/CIRCUIT_PLAYGROUND.dir/pxtapp/core/pins.cpp.o
LOAD CMakeFiles/CIRCUIT_PLAYGROUND.dir/pxtapp/core/pinsAnalog.cpp.o
LOAD CMakeFiles/CIRCUIT_PLAYGROUND.dir/pxtapp/core/pinsDigital.cpp.o
LOAD CMakeFiles/CIRCUIT_PLAYGROUND.dir/pxtapp/core/pinsPWM.cpp.o
LOAD CMakeFiles/CIRCUIT_PLAYGROUND.dir/pxtapp/infrared/ir.cpp.o
LOAD CMakeFiles/CIRCUIT_PLAYGROUND.dir/pxtapp/light/neopixel.cpp.o
LOAD CMakeFiles/CIRCUIT_PLAYGROUND.dir/pxtapp/lightsensor/lightsensor.cpp.o
LOAD CMakeFiles/CIRCUIT_PLAYGROUND.dir/pxtapp/main.cpp.o
LOAD CMakeFiles/CIRCUIT_PLAYGROUND.dir/pxtapp/microphone/microphone.cpp.o
LOAD CMakeFiles/CIRCUIT_PLAYGROUND.dir/pxtapp/music/music.cpp.o
LOAD CMakeFiles/CIRCUIT_PLAYGROUND.dir/pxtapp/pointers.cpp.o
LOAD CMakeFiles/CIRCUIT_PLAYGROUND.dir/pxtapp/pulse/pulse.cpp.o
LOAD CMakeFiles/CIRCUIT_PLAYGROUND.dir/pxtapp/pulse/samd21.cpp.o
LOAD CMakeFiles/CIRCUIT_PLAYGROUND.dir/pxtapp/switch/switch.cpp.o
LOAD CMakeFiles/CIRCUIT_PLAYGROUND.dir/pxtapp/thermometer/temperature.cpp.o
LOAD CMakeFiles/CIRCUIT_PLAYGROUND.dir/pxtapp/touch/touch.cpp.o
LOAD libcodal-circuit-playground.a
LOAD libcodal-core.a
LOAD libmbed-classic.a
LOAD libcodal-samd21.a
LOAD libcodal-mbed.a
LOAD libcodal-core.a
LOAD libmbed-classic.a
LOAD /usr/local/Cellar/arm-none-eabi-gcc/5.0-2016-q1-update/bin/../lib/gcc/arm-none-eabi/5.3.1/../../../../arm-none-eabi/lib/armv6-m/libnosys.a
LOAD /usr/local/Cellar/arm-none-eabi-gcc/5.0-2016-q1-update/bin/../lib/gcc/arm-none-eabi/5.3.1/../../../../arm-none-eabi/lib/armv6-m/libnosys.a
LOAD /usr/local/Cellar/arm-none-eabi-gcc/5.0-2016-q1-update/bin/../lib/gcc/arm-none-eabi/5.3.1/../../../../arm-none-eabi/lib/armv6-m/libstdc++_nano.a
LOAD /usr/local/Cellar/arm-none-eabi-gcc/5.0-2016-q1-update/bin/../lib/gcc/arm-none-eabi/5.3.1/../../../../arm-none-eabi/lib/armv6-m/libsupc++_nano.a
LOAD /usr/local/Cellar/arm-none-eabi-gcc/5.0-2016-q1-update/bin/../lib/gcc/arm-none-eabi/5.3.1/armv6-m/libgcc.a
LOAD /usr/local/Cellar/arm-none-eabi-gcc/5.0-2016-q1-update/bin/../lib/gcc/arm-none-eabi/5.3.1/../../../../arm-none-eabi/lib/armv6-m/libstdc++_nano.a
LOAD /usr/local/Cellar/arm-none-eabi-gcc/5.0-2016-q1-update/bin/../lib/gcc/arm-none-eabi/5.3.1/../../../../arm-none-eabi/lib/armv6-m/libsupc++_nano.a
LOAD /usr/local/Cellar/arm-none-eabi-gcc/5.0-2016-q1-update/bin/../lib/gcc/arm-none-eabi/5.3.1/../../../../arm-none-eabi/lib/armv6-m/libm.a
LOAD /usr/local/Cellar/arm-none-eabi-gcc/5.0-2016-q1-update/bin/../lib/gcc/arm-none-eabi/5.3.1/../../../../arm-none-eabi/lib/armv6-m/libc_nano.a
LOAD /usr/local/Cellar/arm-none-eabi-gcc/5.0-2016-q1-update/bin/../lib/gcc/arm-none-eabi/5.3.1/armv6-m/libgcc.a
END GROUP
LOAD /usr/local/Cellar/arm-none-eabi-gcc/5.0-2016-q1-update/bin/../lib/gcc/arm-none-eabi/5.3.1/../../../../arm-none-eabi/lib/armv6-m/libstdc++_nano.a
LOAD /usr/local/Cellar/arm-none-eabi-gcc/5.0-2016-q1-update/bin/../lib/gcc/arm-none-eabi/5.3.1/../../../../arm-none-eabi/lib/armv6-m/libm.a
LOAD /usr/local/Cellar/arm-none-eabi-gcc/5.0-2016-q1-update/bin/../lib/gcc/arm-none-eabi/5.3.1/../../../../arm-none-eabi/lib/armv6-m/libc_nano.a
START GROUP
LOAD /usr/local/Cellar/arm-none-eabi-gcc/5.0-2016-q1-update/bin/../lib/gcc/arm-none-eabi/5.3.1/armv6-m/libgcc.a
LOAD /usr/local/Cellar/arm-none-eabi-gcc/5.0-2016-q1-update/bin/../lib/gcc/arm-none-eabi/5.3.1/../../../../arm-none-eabi/lib/armv6-m/libc_nano.a
END GROUP
START GROUP
LOAD /usr/local/Cellar/arm-none-eabi-gcc/5.0-2016-q1-update/bin/../lib/gcc/arm-none-eabi/5.3.1/armv6-m/libgcc.a
LOAD /usr/local/Cellar/arm-none-eabi-gcc/5.0-2016-q1-update/bin/../lib/gcc/arm-none-eabi/5.3.1/../../../../arm-none-eabi/lib/armv6-m/libc_nano.a
END GROUP
LOAD /usr/local/Cellar/arm-none-eabi-gcc/5.0-2016-q1-update/bin/../lib/gcc/arm-none-eabi/5.3.1/armv6-m/crtend.o
LOAD /usr/local/Cellar/arm-none-eabi-gcc/5.0-2016-q1-update/bin/../lib/gcc/arm-none-eabi/5.3.1/armv6-m/crtn.o
                0x0000000000002000                STACK_SIZE = DEFINED (STACK_SIZE)?STACK_SIZE:DEFINED (__stack_size__)?__stack_size__:0x2000

.text           0x0000000000002000    0x1b1d4
                0x0000000000002000                . = ALIGN (0x4)
                0x0000000000002000                _sfixed = .
 *(SORT(.vectors) SORT(.vectors.*))
 .vectors       0x0000000000002000       0xb0 libmbed-classic.a(startup_samd21.c.o)
                0x0000000000002000                exception_table
 *(SORT(.binmeta))
 .binmeta       0x00000000000020b0       0x38 CMakeFiles/CIRCUIT_PLAYGROUND.dir/pxtapp/core/codal.cpp.o
 *(SORT(.text) SORT(.text.*) SORT(.gnu.linkonce.t.*))
 .text          0x00000000000020e8       0x60 /usr/local/Cellar/arm-none-eabi-gcc/5.0-2016-q1-update/bin/../lib/gcc/arm-none-eabi/5.3.1/armv6-m/crtbegin.o
 .text._ZN3pxt9getWAccelEv
                0x0000000000002148       0x88 CMakeFiles/CIRCUIT_PLAYGROUND.dir/pxtapp/accelerometer/accelerometer.cpp.o
                0x0000000000002148                pxt::getWAccel()
 .text._ZN5input9onGestureE7GesturePN3pxt12TValueStructE
                0x00000000000021d0       0x74 CMakeFiles/CIRCUIT_PLAYGROUND.dir/pxtapp/accelerometer/accelerometer.cpp.o
                0x00000000000021d0                input::onGesture(Gesture, pxt::TValueStruct*)
 .text._ZN5input23getAccelerationStrengthEv
                0x0000000000002244       0x64 CMakeFiles/CIRCUIT_PLAYGROUND.dir/pxtapp/accelerometer/accelerometer.cpp.o
                0x0000000000002244                input::getAccelerationStrength()
 .text._ZN5input12accelerationE9Dimension
                0x00000000000022a8       0x44 CMakeFiles/CIRCUIT_PLAYGROUND.dir/pxtapp/accelerometer/accelerometer.cpp.o
                0x00000000000022a8                input::acceleration(Dimension)
 .text._ZN5input8rotationE8Rotation
                0x00000000000022ec       0x28 CMakeFiles/CIRCUIT_PLAYGROUND.dir/pxtapp/accelerometer/accelerometer.cpp.o
                0x00000000000022ec                input::rotation(Rotation)
 .text._ZN5input21setAccelerometerRangeE16AcceleratorRange
                0x0000000000002314       0x14 CMakeFiles/CIRCUIT_PLAYGROUND.dir/pxtapp/accelerometer/accelerometer.cpp.o
                0x0000000000002314                input::setAccelerometerRange(AcceleratorRange)
 .text._ZN3pxtL9readBytesEPhS0_ibi
                0x0000000000002328       0x60 CMakeFiles/CIRCUIT_PLAYGROUND.dir/pxtapp/base/buffer.cpp.o
 .text._ZN13BufferMethods8getBytesEPN3pxt11BoxedBufferE
                0x0000000000002388        0x4 CMakeFiles/CIRCUIT_PLAYGROUND.dir/pxtapp/base/buffer.cpp.o
                0x0000000000002388                BufferMethods::getBytes(pxt::BoxedBuffer*)
 .text._ZN13BufferMethods7getByteEPN3pxt11BoxedBufferEi
                0x000000000000238c       0x1c CMakeFiles/CIRCUIT_PLAYGROUND.dir/pxtapp/base/buffer.cpp.o
                0x000000000000238c                BufferMethods::getByte(pxt::BoxedBuffer*, int)
 .text._ZN13BufferMethods7setByteEPN3pxt11BoxedBufferEii
                0x00000000000023a8       0x14 CMakeFiles/CIRCUIT_PLAYGROUND.dir/pxtapp/base/buffer.cpp.o
                0x00000000000023a8                BufferMethods::setByte(pxt::BoxedBuffer*, int, int)
 .text._ZN13BufferMethods11writeBufferEPN3pxt11BoxedBufferEiS2_ii
                0x00000000000023bc       0x50 CMakeFiles/CIRCUIT_PLAYGROUND.dir/pxtapp/base/buffer.cpp.o
                0x00000000000023bc                BufferMethods::writeBuffer(pxt::BoxedBuffer*, int, pxt::BoxedBuffer*, int, int)
 .text._ZN13BufferMethods6lengthEPN3pxt11BoxedBufferE
                0x000000000000240c        0x4 CMakeFiles/CIRCUIT_PLAYGROUND.dir/pxtapp/base/buffer.cpp.o
                0x000000000000240c                BufferMethods::length(pxt::BoxedBuffer*)
 .text._ZN13BufferMethods4fillEPN3pxt11BoxedBufferEiii
                0x0000000000002410       0x28 CMakeFiles/CIRCUIT_PLAYGROUND.dir/pxtapp/base/buffer.cpp.o
                0x0000000000002410                BufferMethods::fill(pxt::BoxedBuffer*, int, int, int)
 .text._ZN13BufferMethods5sliceEPN3pxt11BoxedBufferEii
                0x0000000000002438       0x28 CMakeFiles/CIRCUIT_PLAYGROUND.dir/pxtapp/base/buffer.cpp.o
                0x0000000000002438                BufferMethods::slice(pxt::BoxedBuffer*, int, int)
 .text._ZN13BufferMethods5shiftEPN3pxt11BoxedBufferEiii
                0x0000000000002460       0x78 CMakeFiles/CIRCUIT_PLAYGROUND.dir/pxtapp/base/buffer.cpp.o
                0x0000000000002460                BufferMethods::shift(pxt::BoxedBuffer*, int, int, int)
 .text._ZN13BufferMethods5toHexEPN3pxt11BoxedBufferE
                0x00000000000024d8       0x40 CMakeFiles/CIRCUIT_PLAYGROUND.dir/pxtapp/base/buffer.cpp.o
                0x00000000000024d8                BufferMethods::toHex(pxt::BoxedBuffer*)
 .text._ZN13BufferMethods6rotateEPN3pxt11BoxedBufferEiii
                0x0000000000002518       0x78 CMakeFiles/CIRCUIT_PLAYGROUND.dir/pxtapp/base/buffer.cpp.o
                0x0000000000002518                BufferMethods::rotate(pxt::BoxedBuffer*, int, int, int)
 .text._ZN13BufferMethods5writeEPN3pxt11BoxedBufferEiS2_
                0x0000000000002590       0x14 CMakeFiles/CIRCUIT_PLAYGROUND.dir/pxtapp/base/buffer.cpp.o
                0x0000000000002590                BufferMethods::write(pxt::BoxedBuffer*, int, pxt::BoxedBuffer*)
 .text._ZN3pxt13setNumberCoreEPhiNS_12NumberFormatEPNS_12TValueStructE
                0x00000000000025a4      0x164 CMakeFiles/CIRCUIT_PLAYGROUND.dir/pxtapp/base/buffer.cpp.o
                0x00000000000025a4                pxt::setNumberCore(unsigned char*, int, pxt::NumberFormat, pxt::TValueStruct*)
 .text._ZN13BufferMethods9setNumberEPN3pxt11BoxedBufferENS0_12NumberFormatEiPNS0_12TValueStructE
                0x0000000000002708       0x18 CMakeFiles/CIRCUIT_PLAYGROUND.dir/pxtapp/base/buffer.cpp.o
                0x0000000000002708                BufferMethods::setNumber(pxt::BoxedBuffer*, pxt::NumberFormat, int, pxt::TValueStruct*)
 .text._ZN3pxt13getNumberCoreEPhiNS_12NumberFormatE
                0x0000000000002720      0x104 CMakeFiles/CIRCUIT_PLAYGROUND.dir/pxtapp/base/buffer.cpp.o
                0x0000000000002720                pxt::getNumberCore(unsigned char*, int, pxt::NumberFormat)
 .text._ZN13BufferMethods9getNumberEPN3pxt11BoxedBufferENS0_12NumberFormatEi
                0x0000000000002824       0x20 CMakeFiles/CIRCUIT_PLAYGROUND.dir/pxtapp/base/buffer.cpp.o
                0x0000000000002824                BufferMethods::getNumber(pxt::BoxedBuffer*, pxt::NumberFormat, int)
 .text._ZN7control6millisEv
                0x0000000000002844        0x8 CMakeFiles/CIRCUIT_PLAYGROUND.dir/pxtapp/base/control.cpp.o
                0x0000000000002844                control::millis()
 .text._ZN7control7onEventEiiPN3pxt12TValueStructEi
                0x000000000000284c        0x8 CMakeFiles/CIRCUIT_PLAYGROUND.dir/pxtapp/base/control.cpp.o
                0x000000000000284c                control::onEvent(int, int, pxt::TValueStruct*, int)
 .text._ZN7control5resetEv
                0x0000000000002854        0x8 CMakeFiles/CIRCUIT_PLAYGROUND.dir/pxtapp/base/control.cpp.o
                0x0000000000002854                control::reset()
 .text._ZN7control10waitMicrosEi
                0x000000000000285c        0xc CMakeFiles/CIRCUIT_PLAYGROUND.dir/pxtapp/base/control.cpp.o
                0x000000000000285c                control::waitMicros(int)
 .text._ZN7control15runInBackgroundEPN3pxt12TValueStructE
                0x0000000000002868        0x8 CMakeFiles/CIRCUIT_PLAYGROUND.dir/pxtapp/base/control.cpp.o
                0x0000000000002868                control::runInBackground(pxt::TValueStruct*)
 .text._ZN7control12waitForEventEii
                0x0000000000002870        0x8 CMakeFiles/CIRCUIT_PLAYGROUND.dir/pxtapp/base/control.cpp.o
                0x0000000000002870                control::waitForEvent(int, int)
 .text._ZN7control18deviceSerialNumberEv
                0x0000000000002878        0x8 CMakeFiles/CIRCUIT_PLAYGROUND.dir/pxtapp/base/control.cpp.o
                0x0000000000002878                control::deviceSerialNumber()
 .text._ZN3pxt13dtorDoNothingEv
                0x0000000000002880        0x4 CMakeFiles/CIRCUIT_PLAYGROUND.dir/pxtapp/base/core.cpp.o
                0x0000000000002880                pxt::dtorDoNothing()
 .text._ZN3pxt10fromDoubleEd.part.3
                0x0000000000002884       0x24 CMakeFiles/CIRCUIT_PLAYGROUND.dir/pxtapp/base/core.cpp.o
 .text._ZN3pxt8fromUIntEj.part.4
                0x00000000000028a8       0x34 CMakeFiles/CIRCUIT_PLAYGROUND.dir/pxtapp/base/core.cpp.o
 .text._ZN3pxt11findBindingEii
                0x00000000000028dc       0x20 CMakeFiles/CIRCUIT_PLAYGROUND.dir/pxtapp/base/core.cpp.o
                0x00000000000028dc                pxt::findBinding(int, int)
 .text._ZN3pxt10setBindingEiiPNS_12TValueStructE
                0x00000000000028fc       0x6c CMakeFiles/CIRCUIT_PLAYGROUND.dir/pxtapp/base/core.cpp.o
                0x00000000000028fc                pxt::setBinding(int, int, pxt::TValueStruct*)
 .text._ZN3pxt8mkStringEPKci
                0x0000000000002968       0x48 CMakeFiles/CIRCUIT_PLAYGROUND.dir/pxtapp/base/core.cpp.o
                0x0000000000002968                pxt::mkString(char const*, int)
 .text._ZN3pxt8mkBufferEPKhi
                0x00000000000029b0       0x40 CMakeFiles/CIRCUIT_PLAYGROUND.dir/pxtapp/base/core.cpp.o
                0x00000000000029b0                pxt::mkBuffer(unsigned char const*, int)
 .text._ZN3pxt10seedRandomEj
                0x00000000000029f0        0xc CMakeFiles/CIRCUIT_PLAYGROUND.dir/pxtapp/base/core.cpp.o
                0x00000000000029f0                pxt::seedRandom(unsigned int)
 .text._ZN3pxt9getRandomEj
                0x00000000000029fc       0x44 CMakeFiles/CIRCUIT_PLAYGROUND.dir/pxtapp/base/core.cpp.o
                0x00000000000029fc                pxt::getRandom(unsigned int)
 .text._ZN7String_7mkEmptyEv
                0x0000000000002a40       0x10 CMakeFiles/CIRCUIT_PLAYGROUND.dir/pxtapp/base/core.cpp.o
                0x0000000000002a40                String_::mkEmpty()
 .text._ZN7String_12fromCharCodeEi
                0x0000000000002a50       0x18 CMakeFiles/CIRCUIT_PLAYGROUND.dir/pxtapp/base/core.cpp.o
                0x0000000000002a50                String_::fromCharCode(int)
 .text._ZN7String_6charAtEPN3pxt11BoxedStringEi
                0x0000000000002a68       0x38 CMakeFiles/CIRCUIT_PLAYGROUND.dir/pxtapp/base/core.cpp.o
                0x0000000000002a68                String_::charAt(pxt::BoxedString*, int)
 .text._ZN7String_6concatEPN3pxt11BoxedStringES2_
                0x0000000000002aa0       0x6c CMakeFiles/CIRCUIT_PLAYGROUND.dir/pxtapp/base/core.cpp.o
                0x0000000000002aa0                String_::concat(pxt::BoxedString*, pxt::BoxedString*)
 .text._ZN7String_7compareEPN3pxt11BoxedStringES2_
                0x0000000000002b0c       0x30 CMakeFiles/CIRCUIT_PLAYGROUND.dir/pxtapp/base/core.cpp.o
                0x0000000000002b0c                String_::compare(pxt::BoxedString*, pxt::BoxedString*)
 .text._ZN7String_6lengthEPN3pxt11BoxedStringE
                0x0000000000002b3c        0x4 CMakeFiles/CIRCUIT_PLAYGROUND.dir/pxtapp/base/core.cpp.o
                0x0000000000002b3c                String_::length(pxt::BoxedString*)
 .text._ZN7String_8toNumberEPN3pxt11BoxedStringE
                0x0000000000002b40       0xb8 CMakeFiles/CIRCUIT_PLAYGROUND.dir/pxtapp/base/core.cpp.o
                0x0000000000002b40                String_::toNumber(pxt::BoxedString*)
 .text._ZN7String_6substrEPN3pxt11BoxedStringEii
                0x0000000000002bf8       0x3c CMakeFiles/CIRCUIT_PLAYGROUND.dir/pxtapp/base/core.cpp.o
                0x0000000000002bf8                String_::substr(pxt::BoxedString*, int, int)
 .text._ZN8Boolean_4bangEi
                0x0000000000002c34        0x8 CMakeFiles/CIRCUIT_PLAYGROUND.dir/pxtapp/base/core.cpp.o
                0x0000000000002c34                Boolean_::bang(int)
 .text._ZN3pxt10fromDoubleEd
                0x0000000000002c3c       0x34 CMakeFiles/CIRCUIT_PLAYGROUND.dir/pxtapp/base/core.cpp.o
                0x0000000000002c3c                pxt::fromDouble(double)
 .text._ZN3pxt9fromFloatEf
                0x0000000000002c70       0x3c CMakeFiles/CIRCUIT_PLAYGROUND.dir/pxtapp/base/core.cpp.o
                0x0000000000002c70                pxt::fromFloat(float)
 .text._ZN3pxt7fromIntEi
                0x0000000000002cac       0x38 CMakeFiles/CIRCUIT_PLAYGROUND.dir/pxtapp/base/core.cpp.o
                0x0000000000002cac                pxt::fromInt(int)
 .text._ZN7String_10charCodeAtEPN3pxt11BoxedStringEi
                0x0000000000002ce4       0x28 CMakeFiles/CIRCUIT_PLAYGROUND.dir/pxtapp/base/core.cpp.o
                0x0000000000002ce4                String_::charCodeAt(pxt::BoxedString*, int)
 .text._ZN3pxt8fromUIntEj
                0x0000000000002d0c       0x1c CMakeFiles/CIRCUIT_PLAYGROUND.dir/pxtapp/base/core.cpp.o
                0x0000000000002d0c                pxt::fromUInt(unsigned int)
 .text._ZN3pxt8fromBoolEb
                0x0000000000002d28        0xc CMakeFiles/CIRCUIT_PLAYGROUND.dir/pxtapp/base/core.cpp.o
                0x0000000000002d28                pxt::fromBool(bool)
 .text._ZN5Math_12randomDoubleEv
                0x0000000000002d34       0x54 CMakeFiles/CIRCUIT_PLAYGROUND.dir/pxtapp/base/core.cpp.o
                0x0000000000002d34                Math_::randomDouble()
 .text._ZN5Math_6randomEv
                0x0000000000002d88       0x38 CMakeFiles/CIRCUIT_PLAYGROUND.dir/pxtapp/base/core.cpp.o
                0x0000000000002d88                Math_::random()
 .text._ZN5Math_4imulEii
                0x0000000000002dc0        0x4 CMakeFiles/CIRCUIT_PLAYGROUND.dir/pxtapp/base/core.cpp.o
                0x0000000000002dc0                Math_::imul(int, int)
 .text._ZN5Math_4idivEii
                0x0000000000002dc4        0x8 CMakeFiles/CIRCUIT_PLAYGROUND.dir/pxtapp/base/core.cpp.o
                0x0000000000002dc4                Math_::idiv(int, int)
 .text._ZN6Array_2mkEj
                0x0000000000002dcc       0x14 CMakeFiles/CIRCUIT_PLAYGROUND.dir/pxtapp/base/core.cpp.o
                0x0000000000002dcc                Array_::mk(unsigned int)
 .text._ZN6Array_6lengthEPN3pxt13RefCollectionE
                0x0000000000002de0        0x4 CMakeFiles/CIRCUIT_PLAYGROUND.dir/pxtapp/base/core.cpp.o
                0x0000000000002de0                Array_::length(pxt::RefCollection*)
 .text._ZN6Array_9setLengthEPN3pxt13RefCollectionEi
                0x0000000000002de4        0xc CMakeFiles/CIRCUIT_PLAYGROUND.dir/pxtapp/base/core.cpp.o
                0x0000000000002de4                Array_::setLength(pxt::RefCollection*, int)
 .text._ZN6Array_4pushEPN3pxt13RefCollectionEPNS0_12TValueStructE
                0x0000000000002df0        0x8 CMakeFiles/CIRCUIT_PLAYGROUND.dir/pxtapp/base/core.cpp.o
                0x0000000000002df0                Array_::push(pxt::RefCollection*, pxt::TValueStruct*)
 .text._ZN6Array_3popEPN3pxt13RefCollectionE
                0x0000000000002df8        0x8 CMakeFiles/CIRCUIT_PLAYGROUND.dir/pxtapp/base/core.cpp.o
                0x0000000000002df8                Array_::pop(pxt::RefCollection*)
 .text._ZN6Array_5getAtEPN3pxt13RefCollectionEi
                0x0000000000002e00        0x8 CMakeFiles/CIRCUIT_PLAYGROUND.dir/pxtapp/base/core.cpp.o
                0x0000000000002e00                Array_::getAt(pxt::RefCollection*, int)
 .text._ZN6Array_5setAtEPN3pxt13RefCollectionEiPNS0_12TValueStructE
                0x0000000000002e08        0x8 CMakeFiles/CIRCUIT_PLAYGROUND.dir/pxtapp/base/core.cpp.o
                0x0000000000002e08                Array_::setAt(pxt::RefCollection*, int, pxt::TValueStruct*)
 .text._ZN6Array_8removeAtEPN3pxt13RefCollectionEi
                0x0000000000002e10        0x8 CMakeFiles/CIRCUIT_PLAYGROUND.dir/pxtapp/base/core.cpp.o
                0x0000000000002e10                Array_::removeAt(pxt::RefCollection*, int)
 .text._ZN6Array_8insertAtEPN3pxt13RefCollectionEiPNS0_12TValueStructE
                0x0000000000002e18        0x8 CMakeFiles/CIRCUIT_PLAYGROUND.dir/pxtapp/base/core.cpp.o
                0x0000000000002e18                Array_::insertAt(pxt::RefCollection*, int, pxt::TValueStruct*)
 .text._ZN6Array_7indexOfEPN3pxt13RefCollectionEPNS0_12TValueStructEi
                0x0000000000002e20        0x8 CMakeFiles/CIRCUIT_PLAYGROUND.dir/pxtapp/base/core.cpp.o
                0x0000000000002e20                Array_::indexOf(pxt::RefCollection*, pxt::TValueStruct*, int)
 .text._ZN6Array_13removeElementEPN3pxt13RefCollectionEPNS0_12TValueStructE
                0x0000000000002e28        0x8 CMakeFiles/CIRCUIT_PLAYGROUND.dir/pxtapp/base/core.cpp.o
                0x0000000000002e28                Array_::removeElement(pxt::RefCollection*, pxt::TValueStruct*)
 .text._ZN3pxt11programSizeEv
                0x0000000000002e30       0x10 CMakeFiles/CIRCUIT_PLAYGROUND.dir/pxtapp/base/core.cpp.o
                0x0000000000002e30                pxt::programSize()
 .text._ZN3pxt9getConfigEii
                0x0000000000002e40       0x3c CMakeFiles/CIRCUIT_PLAYGROUND.dir/pxtapp/base/core.cpp.o
                0x0000000000002e40                pxt::getConfig(int, int)
 .text._ZN5pxtrt5ldlocEPN3pxt8RefLocalE
                0x0000000000002e7c        0x4 CMakeFiles/CIRCUIT_PLAYGROUND.dir/pxtapp/base/core.cpp.o
                0x0000000000002e7c                pxtrt::ldloc(pxt::RefLocal*)
 .text._ZN5pxtrt8ldlocRefEPN3pxt11RefRefLocalE
                0x0000000000002e80       0x10 CMakeFiles/CIRCUIT_PLAYGROUND.dir/pxtapp/base/core.cpp.o
                0x0000000000002e80                pxtrt::ldlocRef(pxt::RefRefLocal*)
 .text._ZN5pxtrt5stlocEPN3pxt8RefLocalEPNS0_12TValueStructE
                0x0000000000002e90        0x4 CMakeFiles/CIRCUIT_PLAYGROUND.dir/pxtapp/base/core.cpp.o
                0x0000000000002e90                pxtrt::stloc(pxt::RefLocal*, pxt::TValueStruct*)
 .text._ZN5pxtrt8stlocRefEPN3pxt11RefRefLocalEPNS0_12TValueStructE
                0x0000000000002e94       0x10 CMakeFiles/CIRCUIT_PLAYGROUND.dir/pxtapp/base/core.cpp.o
                0x0000000000002e94                pxtrt::stlocRef(pxt::RefRefLocal*, pxt::TValueStruct*)
 .text._ZN5pxtrt5mklocEv
                0x0000000000002ea4       0x14 CMakeFiles/CIRCUIT_PLAYGROUND.dir/pxtapp/base/core.cpp.o
                0x0000000000002ea4                pxtrt::mkloc()
 .text._ZN5pxtrt8mklocRefEv
                0x0000000000002eb8       0x14 CMakeFiles/CIRCUIT_PLAYGROUND.dir/pxtapp/base/core.cpp.o
                0x0000000000002eb8                pxtrt::mklocRef()
 .text._ZN5pxtrt5ldfldEPN3pxt9RefRecordEi
                0x0000000000002ecc       0x54 CMakeFiles/CIRCUIT_PLAYGROUND.dir/pxtapp/base/core.cpp.o
                0x0000000000002ecc                pxtrt::ldfld(pxt::RefRecord*, int)
 .text._ZN5pxtrt8ldfldRefEPN3pxt9RefRecordEi
                0x0000000000002f20       0x54 CMakeFiles/CIRCUIT_PLAYGROUND.dir/pxtapp/base/core.cpp.o
                0x0000000000002f20                pxtrt::ldfldRef(pxt::RefRecord*, int)
 .text._ZN5pxtrt5stfldEPN3pxt9RefRecordEiPNS0_12TValueStructE
                0x0000000000002f74       0x50 CMakeFiles/CIRCUIT_PLAYGROUND.dir/pxtapp/base/core.cpp.o
                0x0000000000002f74                pxtrt::stfld(pxt::RefRecord*, int, pxt::TValueStruct*)
 .text._ZN5pxtrt8stfldRefEPN3pxt9RefRecordEiPNS0_12TValueStructE
                0x0000000000002fc4       0x50 CMakeFiles/CIRCUIT_PLAYGROUND.dir/pxtapp/base/core.cpp.o
                0x0000000000002fc4                pxtrt::stfldRef(pxt::RefRecord*, int, pxt::TValueStruct*)
 .text._ZN5pxtrt5stcloEPN3pxt9RefActionEiPNS0_12TValueStructE
                0x0000000000003014       0x34 CMakeFiles/CIRCUIT_PLAYGROUND.dir/pxtapp/base/core.cpp.o
                0x0000000000003014                pxtrt::stclo(pxt::RefAction*, int, pxt::TValueStruct*)
 .text._ZN5pxtrt5panicEi
                0x0000000000003048        0x8 CMakeFiles/CIRCUIT_PLAYGROUND.dir/pxtapp/base/core.cpp.o
                0x0000000000003048                pxtrt::panic(int)
 .text._ZN5pxtrt11emptyToNullEPN3pxt11BoxedStringE
                0x0000000000003050       0x10 CMakeFiles/CIRCUIT_PLAYGROUND.dir/pxtapp/base/core.cpp.o
                0x0000000000003050                pxtrt::emptyToNull(pxt::BoxedString*)
 .text._ZN5pxtrt9ptrToBoolEPN3pxt12TValueStructE
                0x0000000000003060       0x14 CMakeFiles/CIRCUIT_PLAYGROUND.dir/pxtapp/base/core.cpp.o
                0x0000000000003060                pxtrt::ptrToBool(pxt::TValueStruct*)
 .text._ZN5pxtrt5mkMapEv
                0x0000000000003074       0x14 CMakeFiles/CIRCUIT_PLAYGROUND.dir/pxtapp/base/core.cpp.o
                0x0000000000003074                pxtrt::mkMap()
 .text._ZN5pxtrt6mapGetEPN3pxt6RefMapEj
                0x0000000000003088       0xa8 CMakeFiles/CIRCUIT_PLAYGROUND.dir/pxtapp/base/core.cpp.o
                0x0000000000003088                pxtrt::mapGet(pxt::RefMap*, unsigned int)
 .text._ZN5pxtrt9mapGetRefEPN3pxt6RefMapEj
                0x0000000000003130        0x8 CMakeFiles/CIRCUIT_PLAYGROUND.dir/pxtapp/base/core.cpp.o
                0x0000000000003130                pxtrt::mapGetRef(pxt::RefMap*, unsigned int)
 .text._ZN5pxtrt6mapSetEPN3pxt6RefMapEjPNS0_12TValueStructE
                0x0000000000003138       0x78 CMakeFiles/CIRCUIT_PLAYGROUND.dir/pxtapp/base/core.cpp.o
                0x0000000000003138                pxtrt::mapSet(pxt::RefMap*, unsigned int, pxt::TValueStruct*)
 .text._ZN5pxtrt9mapSetRefEPN3pxt6RefMapEjPNS0_12TValueStructE
                0x00000000000031b0        0x8 CMakeFiles/CIRCUIT_PLAYGROUND.dir/pxtapp/base/core.cpp.o
                0x00000000000031b0                pxtrt::mapSetRef(pxt::RefMap*, unsigned int, pxt::TValueStruct*)
 .text._ZN5pxtrt13getGlobalsPtrEv
                0x00000000000031b8        0xc CMakeFiles/CIRCUIT_PLAYGROUND.dir/pxtapp/base/core.cpp.o
                0x00000000000031b8                pxtrt::getGlobalsPtr()
 .text._ZN5pxtrt14runtimeWarningEPN3pxt11BoxedStringE
                0x00000000000031c4        0x4 CMakeFiles/CIRCUIT_PLAYGROUND.dir/pxtapp/base/core.cpp.o
                0x00000000000031c4                pxtrt::runtimeWarning(pxt::BoxedString*)
 .text._ZN3pxt7valTypeEPNS_12TValueStructE
                0x00000000000031c8       0x74 CMakeFiles/CIRCUIT_PLAYGROUND.dir/pxtapp/base/core.cpp.o
                0x00000000000031c8                pxt::valType(pxt::TValueStruct*)
 .text._ZN3pxt8toDoubleEPNS_12TValueStructE
                0x000000000000323c       0x54 CMakeFiles/CIRCUIT_PLAYGROUND.dir/pxtapp/base/core.cpp.o
                0x000000000000323c                pxt::toDouble(pxt::TValueStruct*)
 .text._ZN3pxt6toUIntEPNS_12TValueStructE
                0x0000000000003290       0xb4 CMakeFiles/CIRCUIT_PLAYGROUND.dir/pxtapp/base/core.cpp.o
                0x0000000000003290                pxt::toUInt(pxt::TValueStruct*)
 .text._ZN3pxt5toIntEPNS_12TValueStructE
                0x0000000000003344        0x8 CMakeFiles/CIRCUIT_PLAYGROUND.dir/pxtapp/base/core.cpp.o
                0x0000000000003344                pxt::toInt(pxt::TValueStruct*)
 .text._ZN6numops4lslsEPN3pxt12TValueStructES2_
                0x000000000000334c       0x1c CMakeFiles/CIRCUIT_PLAYGROUND.dir/pxtapp/base/core.cpp.o
                0x000000000000334c                numops::lsls(pxt::TValueStruct*, pxt::TValueStruct*)
 .text._ZN6numops4asrsEPN3pxt12TValueStructES2_
                0x0000000000003368       0x1c CMakeFiles/CIRCUIT_PLAYGROUND.dir/pxtapp/base/core.cpp.o
                0x0000000000003368                numops::asrs(pxt::TValueStruct*, pxt::TValueStruct*)
 .text._ZN6numops4eorsEPN3pxt12TValueStructES2_
                0x0000000000003384       0x18 CMakeFiles/CIRCUIT_PLAYGROUND.dir/pxtapp/base/core.cpp.o
                0x0000000000003384                numops::eors(pxt::TValueStruct*, pxt::TValueStruct*)
 .text._ZN6numops4orrsEPN3pxt12TValueStructES2_
                0x000000000000339c       0x18 CMakeFiles/CIRCUIT_PLAYGROUND.dir/pxtapp/base/core.cpp.o
                0x000000000000339c                numops::orrs(pxt::TValueStruct*, pxt::TValueStruct*)
 .text._ZN6numops4andsEPN3pxt12TValueStructES2_
                0x00000000000033b4       0x18 CMakeFiles/CIRCUIT_PLAYGROUND.dir/pxtapp/base/core.cpp.o
                0x00000000000033b4                numops::ands(pxt::TValueStruct*, pxt::TValueStruct*)
 .text._ZN6numops4lsrsEPN3pxt12TValueStructES2_
                0x00000000000033cc       0x2c CMakeFiles/CIRCUIT_PLAYGROUND.dir/pxtapp/base/core.cpp.o
                0x00000000000033cc                numops::lsrs(pxt::TValueStruct*, pxt::TValueStruct*)
 .text._ZN3pxt7toFloatEPNS_12TValueStructE
                0x00000000000033f8        0xc CMakeFiles/CIRCUIT_PLAYGROUND.dir/pxtapp/base/core.cpp.o
                0x00000000000033f8                pxt::toFloat(pxt::TValueStruct*)
 .text._ZN6numops4addsEPN3pxt12TValueStructES2_
                0x0000000000003404       0x50 CMakeFiles/CIRCUIT_PLAYGROUND.dir/pxtapp/base/core.cpp.o
                0x0000000000003404                numops::adds(pxt::TValueStruct*, pxt::TValueStruct*)
 .text._ZN6numops4subsEPN3pxt12TValueStructES2_
                0x0000000000003454       0x50 CMakeFiles/CIRCUIT_PLAYGROUND.dir/pxtapp/base/core.cpp.o
                0x0000000000003454                numops::subs(pxt::TValueStruct*, pxt::TValueStruct*)
 .text._ZN6numops4mulsEPN3pxt12TValueStructES2_
                0x00000000000034a4       0x74 CMakeFiles/CIRCUIT_PLAYGROUND.dir/pxtapp/base/core.cpp.o
                0x00000000000034a4                numops::muls(pxt::TValueStruct*, pxt::TValueStruct*)
 .text._ZN6numops3divEPN3pxt12TValueStructES2_
                0x0000000000003518       0x50 CMakeFiles/CIRCUIT_PLAYGROUND.dir/pxtapp/base/core.cpp.o
                0x0000000000003518                numops::div(pxt::TValueStruct*, pxt::TValueStruct*)
 .text._ZN6numops3modEPN3pxt12TValueStructES2_
                0x0000000000003568       0x78 CMakeFiles/CIRCUIT_PLAYGROUND.dir/pxtapp/base/core.cpp.o
                0x0000000000003568                numops::mod(pxt::TValueStruct*, pxt::TValueStruct*)
 .text._ZN6numops7lt_boolEPN3pxt12TValueStructES2_
                0x00000000000035e0       0x44 CMakeFiles/CIRCUIT_PLAYGROUND.dir/pxtapp/base/core.cpp.o
                0x00000000000035e0                numops::lt_bool(pxt::TValueStruct*, pxt::TValueStruct*)
 .text._ZN6numops2leEPN3pxt12TValueStructES2_
                0x0000000000003624       0x38 CMakeFiles/CIRCUIT_PLAYGROUND.dir/pxtapp/base/core.cpp.o
                0x0000000000003624                numops::le(pxt::TValueStruct*, pxt::TValueStruct*)
 .text._ZN6numops2ltEPN3pxt12TValueStructES2_
                0x000000000000365c       0x38 CMakeFiles/CIRCUIT_PLAYGROUND.dir/pxtapp/base/core.cpp.o
                0x000000000000365c                numops::lt(pxt::TValueStruct*, pxt::TValueStruct*)
 .text._ZN6numops2geEPN3pxt12TValueStructES2_
                0x0000000000003694       0x38 CMakeFiles/CIRCUIT_PLAYGROUND.dir/pxtapp/base/core.cpp.o
                0x0000000000003694                numops::ge(pxt::TValueStruct*, pxt::TValueStruct*)
 .text._ZN6numops2gtEPN3pxt12TValueStructES2_
                0x00000000000036cc       0x38 CMakeFiles/CIRCUIT_PLAYGROUND.dir/pxtapp/base/core.cpp.o
                0x00000000000036cc                numops::gt(pxt::TValueStruct*, pxt::TValueStruct*)
 .text._ZN5Math_3powEPN3pxt12TValueStructES2_
                0x0000000000003704       0x50 CMakeFiles/CIRCUIT_PLAYGROUND.dir/pxtapp/base/core.cpp.o
                0x0000000000003704                Math_::pow(pxt::TValueStruct*, pxt::TValueStruct*)
 .text._ZN5Math_5atan2EPN3pxt12TValueStructES2_
                0x0000000000003754       0x50 CMakeFiles/CIRCUIT_PLAYGROUND.dir/pxtapp/base/core.cpp.o
                0x0000000000003754                Math_::atan2(pxt::TValueStruct*, pxt::TValueStruct*)
 .text._ZN5Math_11randomRangeEPN3pxt12TValueStructES2_
                0x00000000000037a4      0x100 CMakeFiles/CIRCUIT_PLAYGROUND.dir/pxtapp/base/core.cpp.o
                0x00000000000037a4                Math_::randomRange(pxt::TValueStruct*, pxt::TValueStruct*)
 .text._ZN5Math_3logEPN3pxt12TValueStructE
                0x00000000000038a4       0x3c CMakeFiles/CIRCUIT_PLAYGROUND.dir/pxtapp/base/core.cpp.o
                0x00000000000038a4                Math_::log(pxt::TValueStruct*)
 .text._ZN5Math_3expEPN3pxt12TValueStructE
                0x00000000000038e0       0x3c CMakeFiles/CIRCUIT_PLAYGROUND.dir/pxtapp/base/core.cpp.o
                0x00000000000038e0                Math_::exp(pxt::TValueStruct*)
 .text._ZN5Math_3tanEPN3pxt12TValueStructE
                0x000000000000391c       0x3c CMakeFiles/CIRCUIT_PLAYGROUND.dir/pxtapp/base/core.cpp.o
                0x000000000000391c                Math_::tan(pxt::TValueStruct*)
 .text._ZN5Math_3sinEPN3pxt12TValueStructE
                0x0000000000003958       0x3c CMakeFiles/CIRCUIT_PLAYGROUND.dir/pxtapp/base/core.cpp.o
                0x0000000000003958                Math_::sin(pxt::TValueStruct*)
 .text._ZN5Math_3cosEPN3pxt12TValueStructE
                0x0000000000003994       0x3c CMakeFiles/CIRCUIT_PLAYGROUND.dir/pxtapp/base/core.cpp.o
                0x0000000000003994                Math_::cos(pxt::TValueStruct*)
 .text._ZN5Math_4atanEPN3pxt12TValueStructE
                0x00000000000039d0       0x3c CMakeFiles/CIRCUIT_PLAYGROUND.dir/pxtapp/base/core.cpp.o
                0x00000000000039d0                Math_::atan(pxt::TValueStruct*)
 .text._ZN5Math_4asinEPN3pxt12TValueStructE
                0x0000000000003a0c       0x3c CMakeFiles/CIRCUIT_PLAYGROUND.dir/pxtapp/base/core.cpp.o
                0x0000000000003a0c                Math_::asin(pxt::TValueStruct*)
 .text._ZN5Math_4acosEPN3pxt12TValueStructE
                0x0000000000003a48       0x3c CMakeFiles/CIRCUIT_PLAYGROUND.dir/pxtapp/base/core.cpp.o
                0x0000000000003a48                Math_::acos(pxt::TValueStruct*)
 .text._ZN5Math_4sqrtEPN3pxt12TValueStructE
                0x0000000000003a84       0x3c CMakeFiles/CIRCUIT_PLAYGROUND.dir/pxtapp/base/core.cpp.o
                0x0000000000003a84                Math_::sqrt(pxt::TValueStruct*)
 .text._ZN5Math_5floorEPN3pxt12TValueStructE
                0x0000000000003ac0       0x3c CMakeFiles/CIRCUIT_PLAYGROUND.dir/pxtapp/base/core.cpp.o
                0x0000000000003ac0                Math_::floor(pxt::TValueStruct*)
 .text._ZN5Math_4ceilEPN3pxt12TValueStructE
                0x0000000000003afc       0x3c CMakeFiles/CIRCUIT_PLAYGROUND.dir/pxtapp/base/core.cpp.o
                0x0000000000003afc                Math_::ceil(pxt::TValueStruct*)
 .text._ZN5Math_5truncEPN3pxt12TValueStructE
                0x0000000000003b38       0x3c CMakeFiles/CIRCUIT_PLAYGROUND.dir/pxtapp/base/core.cpp.o
                0x0000000000003b38                Math_::trunc(pxt::TValueStruct*)
 .text._ZN5Math_5roundEPN3pxt12TValueStructE
                0x0000000000003b74       0x3c CMakeFiles/CIRCUIT_PLAYGROUND.dir/pxtapp/base/core.cpp.o
                0x0000000000003b74                Math_::round(pxt::TValueStruct*)
 .text._ZN3pxt8eqq_boolEPNS_12TValueStructES1_
                0x0000000000003bb0       0x70 CMakeFiles/CIRCUIT_PLAYGROUND.dir/pxtapp/base/core.cpp.o
                0x0000000000003bb0                pxt::eqq_bool(pxt::TValueStruct*, pxt::TValueStruct*)
 .text._ZN3pxt7eq_boolEPNS_12TValueStructES1_
                0x0000000000003c20       0x3c CMakeFiles/CIRCUIT_PLAYGROUND.dir/pxtapp/base/core.cpp.o
                0x0000000000003c20                pxt::eq_bool(pxt::TValueStruct*, pxt::TValueStruct*)
 .text._ZN6numops2eqEPN3pxt12TValueStructES2_
                0x0000000000003c5c       0x14 CMakeFiles/CIRCUIT_PLAYGROUND.dir/pxtapp/base/core.cpp.o
                0x0000000000003c5c                numops::eq(pxt::TValueStruct*, pxt::TValueStruct*)
 .text._ZN8langsupp5ptreqEPN3pxt12TValueStructES2_
                0x0000000000003c70        0x8 CMakeFiles/CIRCUIT_PLAYGROUND.dir/pxtapp/base/core.cpp.o
                0x0000000000003c70                langsupp::ptreq(pxt::TValueStruct*, pxt::TValueStruct*)
 .text._ZN6numops3neqEPN3pxt12TValueStructES2_
                0x0000000000003c78       0x14 CMakeFiles/CIRCUIT_PLAYGROUND.dir/pxtapp/base/core.cpp.o
                0x0000000000003c78                numops::neq(pxt::TValueStruct*, pxt::TValueStruct*)
 .text._ZN8langsupp6ptrneqEPN3pxt12TValueStructES2_
                0x0000000000003c8c        0x8 CMakeFiles/CIRCUIT_PLAYGROUND.dir/pxtapp/base/core.cpp.o
                0x0000000000003c8c                langsupp::ptrneq(pxt::TValueStruct*, pxt::TValueStruct*)
 .text._ZN3pxt9switch_eqEPNS_12TValueStructES1_
                0x0000000000003c94       0x48 CMakeFiles/CIRCUIT_PLAYGROUND.dir/pxtapp/base/core.cpp.o
                0x0000000000003c94                pxt::switch_eq(pxt::TValueStruct*, pxt::TValueStruct*)
 .text._ZN6numops3eqqEPN3pxt12TValueStructES2_
                0x0000000000003cdc       0x14 CMakeFiles/CIRCUIT_PLAYGROUND.dir/pxtapp/base/core.cpp.o
                0x0000000000003cdc                numops::eqq(pxt::TValueStruct*, pxt::TValueStruct*)
 .text._ZN8langsupp6ptreqqEPN3pxt12TValueStructES2_
                0x0000000000003cf0        0x8 CMakeFiles/CIRCUIT_PLAYGROUND.dir/pxtapp/base/core.cpp.o
                0x0000000000003cf0                langsupp::ptreqq(pxt::TValueStruct*, pxt::TValueStruct*)
 .text._ZN6numops4neqqEPN3pxt12TValueStructES2_
                0x0000000000003cf8       0x14 CMakeFiles/CIRCUIT_PLAYGROUND.dir/pxtapp/base/core.cpp.o
                0x0000000000003cf8                numops::neqq(pxt::TValueStruct*, pxt::TValueStruct*)
 .text._ZN8langsupp7ptrneqqEPN3pxt12TValueStructES2_
                0x0000000000003d0c        0x8 CMakeFiles/CIRCUIT_PLAYGROUND.dir/pxtapp/base/core.cpp.o
                0x0000000000003d0c                langsupp::ptrneqq(pxt::TValueStruct*, pxt::TValueStruct*)
 .text._ZN6numops6toBoolEPN3pxt12TValueStructE
                0x0000000000003d14       0x64 CMakeFiles/CIRCUIT_PLAYGROUND.dir/pxtapp/base/core.cpp.o
                0x0000000000003d14                numops::toBool(pxt::TValueStruct*)
 .text._ZN6numops10toBoolDecrEPN3pxt12TValueStructE
                0x0000000000003d78       0x14 CMakeFiles/CIRCUIT_PLAYGROUND.dir/pxtapp/base/core.cpp.o
                0x0000000000003d78                numops::toBoolDecr(pxt::TValueStruct*)
 .text._ZN6numops8toStringEPN3pxt12TValueStructE
                0x0000000000003d8c       0xe4 CMakeFiles/CIRCUIT_PLAYGROUND.dir/pxtapp/base/core.cpp.o
                0x0000000000003d8c                numops::toString(pxt::TValueStruct*)
 .text._ZN3pxt6typeOfEPNS_12TValueStructE
                0x0000000000003e70       0x50 CMakeFiles/CIRCUIT_PLAYGROUND.dir/pxtapp/base/core.cpp.o
                0x0000000000003e70                pxt::typeOf(pxt::TValueStruct*)
 .text._ZN3pxt8anyPrintEPNS_12TValueStructE
                0x0000000000003ec0       0x90 CMakeFiles/CIRCUIT_PLAYGROUND.dir/pxtapp/base/core.cpp.o
                0x0000000000003ec0                pxt::anyPrint(pxt::TValueStruct*)
 .text._ZN3pxt9getVTableEPNS_9RefObjectE
                0x0000000000003f50       0x28 CMakeFiles/CIRCUIT_PLAYGROUND.dir/pxtapp/base/core.cpp.o
                0x0000000000003f50                pxt::getVTable(pxt::RefObject*)
 .text._ZN5loops7foreverEPN3pxt12TValueStructE
                0x0000000000003f78        0x8 CMakeFiles/CIRCUIT_PLAYGROUND.dir/pxtapp/base/loops.cpp.o
                0x0000000000003f78                loops::forever(pxt::TValueStruct*)
 .text._ZN5loops5pauseEi
                0x0000000000003f80        0x8 CMakeFiles/CIRCUIT_PLAYGROUND.dir/pxtapp/base/loops.cpp.o
                0x0000000000003f80                loops::pause(int)
 .text._ZN3pxt8RefLocal7destroyEv
                0x0000000000003f88        0x4 CMakeFiles/CIRCUIT_PLAYGROUND.dir/pxtapp/base/pxt.cpp.o
                0x0000000000003f88                pxt::RefLocal::destroy()
 .text._ZN3pxt15RefRecord_printEPNS_9RefRecordE
                0x0000000000003f8c       0x1c CMakeFiles/CIRCUIT_PLAYGROUND.dir/pxtapp/base/pxt.cpp.o
                0x0000000000003f8c                pxt::RefRecord_print(pxt::RefRecord*)
 .text._ZN3pxt9RefAction5printEv
                0x0000000000003fa8       0x2c CMakeFiles/CIRCUIT_PLAYGROUND.dir/pxtapp/base/pxt.cpp.o
                0x0000000000003fa8                pxt::RefAction::print()
 .text._ZN3pxt8RefLocal5printEv
                0x0000000000003fd4       0x14 CMakeFiles/CIRCUIT_PLAYGROUND.dir/pxtapp/base/pxt.cpp.o
                0x0000000000003fd4                pxt::RefLocal::print()
 .text._ZN3pxt11RefRefLocal5printEv
                0x0000000000003fe8       0x14 CMakeFiles/CIRCUIT_PLAYGROUND.dir/pxtapp/base/pxt.cpp.o
                0x0000000000003fe8                pxt::RefRefLocal::print()
 .text._ZN3pxt6RefMap5printEv
                0x0000000000003ffc       0x14 CMakeFiles/CIRCUIT_PLAYGROUND.dir/pxtapp/base/pxt.cpp.o
                0x0000000000003ffc                pxt::RefMap::print()
 .text._ZN3pxt7Segment6growByEt.part.4
                0x0000000000004010       0x50 CMakeFiles/CIRCUIT_PLAYGROUND.dir/pxtapp/base/pxt.cpp.o
 .text._ZN3pxt4incrEPNS_12TValueStructE
                0x0000000000004060       0x48 CMakeFiles/CIRCUIT_PLAYGROUND.dir/pxtapp/base/pxt.cpp.o
                0x0000000000004060                pxt::incr(pxt::TValueStruct*)
 .text._ZN3pxt8mkActionEiii
                0x00000000000040a8       0xd8 CMakeFiles/CIRCUIT_PLAYGROUND.dir/pxtapp/base/pxt.cpp.o
                0x00000000000040a8                pxt::mkAction(int, int, int)
 .text._ZN3pxt15mkClassInstanceEi
                0x0000000000004180       0x74 CMakeFiles/CIRCUIT_PLAYGROUND.dir/pxtapp/base/pxt.cpp.o
                0x0000000000004180                pxt::mkClassInstance(int)
 .text._ZN3pxt9RefRecord2ldEi
                0x00000000000041f4        0x8 CMakeFiles/CIRCUIT_PLAYGROUND.dir/pxtapp/base/pxt.cpp.o
                0x00000000000041f4                pxt::RefRecord::ld(int)
 .text._ZN3pxt9RefRecord5ldrefEi
                0x00000000000041fc       0x14 CMakeFiles/CIRCUIT_PLAYGROUND.dir/pxtapp/base/pxt.cpp.o
                0x00000000000041fc                pxt::RefRecord::ldref(int)
 .text._ZN3pxt9RefRecord2stEiPNS_12TValueStructE
                0x0000000000004210        0x8 CMakeFiles/CIRCUIT_PLAYGROUND.dir/pxtapp/base/pxt.cpp.o
                0x0000000000004210                pxt::RefRecord::st(int, pxt::TValueStruct*)
 .text._ZN3pxt9RefObject9destroyVTEv
                0x0000000000004218       0x18 CMakeFiles/CIRCUIT_PLAYGROUND.dir/pxtapp/base/pxt.cpp.o
                0x0000000000004218                pxt::RefObject::destroyVT()
 .text._ZN3pxt4decrEPNS_12TValueStructE
                0x0000000000004230       0x64 CMakeFiles/CIRCUIT_PLAYGROUND.dir/pxtapp/base/pxt.cpp.o
                0x0000000000004230                pxt::decr(pxt::TValueStruct*)
 .text._ZN3pxt9RefRecord5strefEiPNS_12TValueStructE
                0x0000000000004294       0x14 CMakeFiles/CIRCUIT_PLAYGROUND.dir/pxtapp/base/pxt.cpp.o
                0x0000000000004294                pxt::RefRecord::stref(int, pxt::TValueStruct*)
 .text._ZN3pxt17RefRecord_destroyEPNS_9RefRecordE
                0x00000000000042a8       0x44 CMakeFiles/CIRCUIT_PLAYGROUND.dir/pxtapp/base/pxt.cpp.o
                0x00000000000042a8                pxt::RefRecord_destroy(pxt::RefRecord*)
 .text._ZN3pxt13RefCollection7destroyEv
                0x00000000000042ec       0x34 CMakeFiles/CIRCUIT_PLAYGROUND.dir/pxtapp/base/pxt.cpp.o
                0x00000000000042ec                pxt::RefCollection::destroy()
 .text._ZN3pxt9RefAction7destroyEv
                0x0000000000004320       0x24 CMakeFiles/CIRCUIT_PLAYGROUND.dir/pxtapp/base/pxt.cpp.o
                0x0000000000004320                pxt::RefAction::destroy()
 .text._ZN3pxt11RefRefLocal7destroyEv
                0x0000000000004344        0xc CMakeFiles/CIRCUIT_PLAYGROUND.dir/pxtapp/base/pxt.cpp.o
                0x0000000000004344                pxt::RefRefLocal::destroy()
 .text._ZN3pxt10runAction3EPNS_12TValueStructES1_S1_S1_
                0x0000000000004350       0xf0 CMakeFiles/CIRCUIT_PLAYGROUND.dir/pxtapp/base/pxt.cpp.o
                0x0000000000004350                pxt::runAction3(pxt::TValueStruct*, pxt::TValueStruct*, pxt::TValueStruct*, pxt::TValueStruct*)
 .text._ZN3pxt10runAction2EPNS_12TValueStructES1_S1_
                0x0000000000004440        0xc CMakeFiles/CIRCUIT_PLAYGROUND.dir/pxtapp/base/pxt.cpp.o
                0x0000000000004440                pxt::runAction2(pxt::TValueStruct*, pxt::TValueStruct*, pxt::TValueStruct*)
 .text._ZN3pxt10runAction1EPNS_12TValueStructES1_
                0x000000000000444c        0xc CMakeFiles/CIRCUIT_PLAYGROUND.dir/pxtapp/base/pxt.cpp.o
                0x000000000000444c                pxt::runAction1(pxt::TValueStruct*, pxt::TValueStruct*)
 .text._ZN3pxt10runAction0EPNS_12TValueStructE
                0x0000000000004458       0x10 CMakeFiles/CIRCUIT_PLAYGROUND.dir/pxtapp/base/pxt.cpp.o
                0x0000000000004458                pxt::runAction0(pxt::TValueStruct*)
 .text._ZN3pxt7Segment3getEj
                0x0000000000004468       0x14 CMakeFiles/CIRCUIT_PLAYGROUND.dir/pxtapp/base/pxt.cpp.o
                0x0000000000004468                pxt::Segment::get(unsigned int)
 .text._ZN3pxt7Segment9growByMinEt
                0x000000000000447c       0x4c CMakeFiles/CIRCUIT_PLAYGROUND.dir/pxtapp/base/pxt.cpp.o
                0x000000000000447c                pxt::Segment::growByMin(unsigned short)
 .text._ZN3pxt7Segment3setEjPNS_12TValueStructE
                0x00000000000044c8       0x34 CMakeFiles/CIRCUIT_PLAYGROUND.dir/pxtapp/base/pxt.cpp.o
                0x00000000000044c8                pxt::Segment::set(unsigned int, pxt::TValueStruct*)
 .text._ZN3pxt7Segment6setRefEjPNS_12TValueStructE
                0x00000000000044fc       0x28 CMakeFiles/CIRCUIT_PLAYGROUND.dir/pxtapp/base/pxt.cpp.o
                0x00000000000044fc                pxt::Segment::setRef(unsigned int, pxt::TValueStruct*)
 .text._ZN3pxt6RefMap7destroyEv
                0x0000000000004524       0x50 CMakeFiles/CIRCUIT_PLAYGROUND.dir/pxtapp/base/pxt.cpp.o
                0x0000000000004524                pxt::RefMap::destroy()
 .text._ZN3pxt7Segment9setLengthEj
                0x0000000000004574       0x1c CMakeFiles/CIRCUIT_PLAYGROUND.dir/pxtapp/base/pxt.cpp.o
                0x0000000000004574                pxt::Segment::setLength(unsigned int)
 .text._ZN3pxt7Segment4pushEPNS_12TValueStructE
                0x0000000000004590        0xc CMakeFiles/CIRCUIT_PLAYGROUND.dir/pxtapp/base/pxt.cpp.o
                0x0000000000004590                pxt::Segment::push(pxt::TValueStruct*)
 .text._ZN3pxt7Segment6removeEj
                0x000000000000459c       0x40 CMakeFiles/CIRCUIT_PLAYGROUND.dir/pxtapp/base/pxt.cpp.o
                0x000000000000459c                pxt::Segment::remove(unsigned int)
 .text._ZN3pxt7Segment6insertEjPNS_12TValueStructE
                0x00000000000045dc       0x50 CMakeFiles/CIRCUIT_PLAYGROUND.dir/pxtapp/base/pxt.cpp.o
                0x00000000000045dc                pxt::Segment::insert(unsigned int, pxt::TValueStruct*)
 .text._ZN3pxt7Segment5printEv
                0x000000000000462c       0x38 CMakeFiles/CIRCUIT_PLAYGROUND.dir/pxtapp/base/pxt.cpp.o
                0x000000000000462c                pxt::Segment::print()
 .text._ZN3pxt13RefCollection5printEv
                0x0000000000004664       0x1c CMakeFiles/CIRCUIT_PLAYGROUND.dir/pxtapp/base/pxt.cpp.o
                0x0000000000004664                pxt::RefCollection::print()
 .text._ZN3pxt13RefCollection4pushEPNS_12TValueStructE
                0x0000000000004680       0x18 CMakeFiles/CIRCUIT_PLAYGROUND.dir/pxtapp/base/pxt.cpp.o
                0x0000000000004680                pxt::RefCollection::push(pxt::TValueStruct*)
 .text._ZN3pxt13RefCollection3popEv
                0x0000000000004698       0x28 CMakeFiles/CIRCUIT_PLAYGROUND.dir/pxtapp/base/pxt.cpp.o
                0x0000000000004698                pxt::RefCollection::pop()
 .text._ZN3pxt13RefCollection5getAtEi
                0x00000000000046c0       0x1c CMakeFiles/CIRCUIT_PLAYGROUND.dir/pxtapp/base/pxt.cpp.o
                0x00000000000046c0                pxt::RefCollection::getAt(int)
 .text._ZN3pxt13RefCollection8removeAtEi
                0x00000000000046dc        0xc CMakeFiles/CIRCUIT_PLAYGROUND.dir/pxtapp/base/pxt.cpp.o
                0x00000000000046dc                pxt::RefCollection::removeAt(int)
 .text._ZN3pxt13RefCollection8insertAtEiPNS_12TValueStructE
                0x00000000000046e8       0x14 CMakeFiles/CIRCUIT_PLAYGROUND.dir/pxtapp/base/pxt.cpp.o
                0x00000000000046e8                pxt::RefCollection::insertAt(int, pxt::TValueStruct*)
 .text._ZN3pxt13RefCollection5setAtEiPNS_12TValueStructE
                0x00000000000046fc       0x1c CMakeFiles/CIRCUIT_PLAYGROUND.dir/pxtapp/base/pxt.cpp.o
                0x00000000000046fc                pxt::RefCollection::setAt(int, pxt::TValueStruct*)
 .text._ZN3pxt13RefCollection7indexOfEPNS_12TValueStructEi
                0x0000000000004718       0x38 CMakeFiles/CIRCUIT_PLAYGROUND.dir/pxtapp/base/pxt.cpp.o
                0x0000000000004718                pxt::RefCollection::indexOf(pxt::TValueStruct*, int)
 .text._ZN3pxt13RefCollection13removeElementEPNS_12TValueStructE
                0x0000000000004750       0x24 CMakeFiles/CIRCUIT_PLAYGROUND.dir/pxtapp/base/pxt.cpp.o
                0x0000000000004750                pxt::RefCollection::removeElement(pxt::TValueStruct*)
 .text._ZN3pxt13RefCollectionC2Ev
                0x0000000000004774       0x18 CMakeFiles/CIRCUIT_PLAYGROUND.dir/pxtapp/base/pxt.cpp.o
                0x0000000000004774                pxt::RefCollection::RefCollection()
                0x0000000000004774                pxt::RefCollection::RefCollection()
 .text._ZN3pxt8RefLocalC2Ev
                0x000000000000478c       0x14 CMakeFiles/CIRCUIT_PLAYGROUND.dir/pxtapp/base/pxt.cpp.o
                0x000000000000478c                pxt::RefLocal::RefLocal()
                0x000000000000478c                pxt::RefLocal::RefLocal()
 .text._ZN3pxt11RefRefLocalC2Ev
                0x00000000000047a0       0x14 CMakeFiles/CIRCUIT_PLAYGROUND.dir/pxtapp/base/pxt.cpp.o
                0x00000000000047a0                pxt::RefRefLocal::RefRefLocal()
                0x00000000000047a0                pxt::RefRefLocal::RefRefLocal()
 .text._ZN3pxt6RefMapC2Ev
                0x00000000000047b4       0x20 CMakeFiles/CIRCUIT_PLAYGROUND.dir/pxtapp/base/pxt.cpp.o
                0x00000000000047b4                pxt::RefMap::RefMap()
                0x00000000000047b4                pxt::RefMap::RefMap()
 .text._ZN3pxt6RefMap7findIdxEj
                0x00000000000047d4       0x2c CMakeFiles/CIRCUIT_PLAYGROUND.dir/pxtapp/base/pxt.cpp.o
                0x00000000000047d4                pxt::RefMap::findIdx(unsigned int)
 .text._ZN3pxt13debugMemLeaksEv
                0x0000000000004800        0x4 CMakeFiles/CIRCUIT_PLAYGROUND.dir/pxtapp/base/pxt.cpp.o
                0x0000000000004800                pxt::debugMemLeaks()
 .text._ZN3pxt5errorENS_5ERROREi
                0x0000000000004804       0x18 CMakeFiles/CIRCUIT_PLAYGROUND.dir/pxtapp/base/pxt.cpp.o
                0x0000000000004804                pxt::error(pxt::ERROR, int)
 .text._ZN3pxt8allocateEt
                0x000000000000481c       0x18 CMakeFiles/CIRCUIT_PLAYGROUND.dir/pxtapp/base/pxt.cpp.o
                0x000000000000481c                pxt::allocate(unsigned short)
 .text._ZN3pxt12templateHashEv
                0x0000000000004834        0xc CMakeFiles/CIRCUIT_PLAYGROUND.dir/pxtapp/base/pxt.cpp.o
                0x0000000000004834                pxt::templateHash()
 .text._ZN3pxt11programHashEv
                0x0000000000004840        0xc CMakeFiles/CIRCUIT_PLAYGROUND.dir/pxtapp/base/pxt.cpp.o
                0x0000000000004840                pxt::programHash()
 .text._ZN3pxt13getNumGlobalsEv
                0x000000000000484c        0xc CMakeFiles/CIRCUIT_PLAYGROUND.dir/pxtapp/base/pxt.cpp.o
                0x000000000000484c                pxt::getNumGlobals()
 .text._ZN3pxt11exec_binaryEPj
                0x0000000000004858       0x60 CMakeFiles/CIRCUIT_PLAYGROUND.dir/pxtapp/base/pxt.cpp.o
                0x0000000000004858                pxt::exec_binary(unsigned int*)
 .text._ZN3pxt5startEv
                0x00000000000048b8        0xc CMakeFiles/CIRCUIT_PLAYGROUND.dir/pxtapp/base/pxt.cpp.o
                0x00000000000048b8                pxt::start()
 .text._ZN6serial11writeStringEPN3pxt11BoxedStringE
                0x00000000000048c4        0xc CMakeFiles/CIRCUIT_PLAYGROUND.dir/pxtapp/base/serial.cpp.o
                0x00000000000048c4                serial::writeString(pxt::BoxedString*)
 .text._ZN6serial11writeBufferEPN3pxt11BoxedBufferE
                0x00000000000048d0       0x10 CMakeFiles/CIRCUIT_PLAYGROUND.dir/pxtapp/base/serial.cpp.o
                0x00000000000048d0                serial::writeBuffer(pxt::BoxedBuffer*)
 .text._ZN3pxt14getButtonByPinEii
                0x00000000000048e0       0x70 CMakeFiles/CIRCUIT_PLAYGROUND.dir/pxtapp/buttons/buttons.cpp.o
                0x00000000000048e0                pxt::getButtonByPin(int, int)
 .text._ZN3pxt14getMultiButtonEiiii
                0x0000000000004950       0x60 CMakeFiles/CIRCUIT_PLAYGROUND.dir/pxtapp/buttons/buttons.cpp.o
                0x0000000000004950                pxt::getMultiButton(int, int, int, int)
 .text._ZN3pxt9getButtonEi
                0x00000000000049b0       0x5c CMakeFiles/CIRCUIT_PLAYGROUND.dir/pxtapp/buttons/buttons.cpp.o
                0x00000000000049b0                pxt::getButton(int)
 .text._ZN17DigitalPinMethods10pushButtonEPN5codal4mbed3PinE
                0x0000000000004a0c        0xc CMakeFiles/CIRCUIT_PLAYGROUND.dir/pxtapp/buttons/buttons.cpp.o
                0x0000000000004a0c                DigitalPinMethods::pushButton(codal::mbed::Pin*)
 .text._ZN13ButtonMethods7onEventEPN5codal6ButtonE11ButtonEventPN3pxt12TValueStructE
                0x0000000000004a18        0xc CMakeFiles/CIRCUIT_PLAYGROUND.dir/pxtapp/buttons/buttons.cpp.o
                0x0000000000004a18                ButtonMethods::onEvent(codal::Button*, ButtonEvent, pxt::TValueStruct*)
 .text._ZN13ButtonMethods9isPressedEPN5codal6ButtonE
                0x0000000000004a24       0x10 CMakeFiles/CIRCUIT_PLAYGROUND.dir/pxtapp/buttons/buttons.cpp.o
                0x0000000000004a24                ButtonMethods::isPressed(codal::Button*)
 .text._ZN13ButtonMethods10wasPressedEPN5codal6ButtonE
                0x0000000000004a34       0x10 CMakeFiles/CIRCUIT_PLAYGROUND.dir/pxtapp/buttons/buttons.cpp.o
                0x0000000000004a34                ButtonMethods::wasPressed(codal::Button*)
 .text._ZN5codal14CodalComponent4initEv
                0x0000000000004a44        0x8 CMakeFiles/CIRCUIT_PLAYGROUND.dir/pxtapp/core/codal.cpp.o
                0x0000000000004a44                codal::CodalComponent::init()
 .text._ZL25neopixel_send_buffer_corePVmmPKhi
                0x0000000000004a4c       0x3c CMakeFiles/CIRCUIT_PLAYGROUND.dir/pxtapp/core/codal.cpp.o
 .text._ZN3pxt13dispatchEventEN5codal5EventE
                0x0000000000004a88       0x5c CMakeFiles/CIRCUIT_PLAYGROUND.dir/pxtapp/core/codal.cpp.o
                0x0000000000004a88                pxt::dispatchEvent(codal::Event)
 .text._ZN3pxt9fiberDoneEPv
                0x0000000000004ae4        0xc CMakeFiles/CIRCUIT_PLAYGROUND.dir/pxtapp/core/codal.cpp.o
                0x0000000000004ae4                pxt::fiberDone(void*)
 .text._ZN3pxt12forever_stubEPv
                0x0000000000004af0       0x14 CMakeFiles/CIRCUIT_PLAYGROUND.dir/pxtapp/core/codal.cpp.o
                0x0000000000004af0                pxt::forever_stub(void*)
 .text._ZN3pxtL11remapSwdPinEii
                0x0000000000004b04       0x58 CMakeFiles/CIRCUIT_PLAYGROUND.dir/pxtapp/core/codal.cpp.o
 .text._ZN5codal4mbed5TimerD2Ev
                0x0000000000004b5c       0x30 CMakeFiles/CIRCUIT_PLAYGROUND.dir/pxtapp/core/codal.cpp.o
                0x0000000000004b5c                codal::mbed::Timer::~Timer()
                0x0000000000004b5c                codal::mbed::Timer::~Timer()
 .text._ZN3pxt8sleep_msEj
                0x0000000000004b8c        0x8 CMakeFiles/CIRCUIT_PLAYGROUND.dir/pxtapp/core/codal.cpp.o
                0x0000000000004b8c                pxt::sleep_ms(unsigned int)
 .text._ZN3pxt8sleep_usEy
                0x0000000000004b94        0x8 CMakeFiles/CIRCUIT_PLAYGROUND.dir/pxtapp/core/codal.cpp.o
                0x0000000000004b94                pxt::sleep_us(unsigned long long)
 .text._ZN3pxt10runForeverEPNS_12TValueStructE
                0x0000000000004b9c       0x20 CMakeFiles/CIRCUIT_PLAYGROUND.dir/pxtapp/core/codal.cpp.o
                0x0000000000004b9c                pxt::runForever(pxt::TValueStruct*)
 .text._ZN3pxt15runInBackgroundEPNS_12TValueStructE
                0x0000000000004bbc       0x20 CMakeFiles/CIRCUIT_PLAYGROUND.dir/pxtapp/core/codal.cpp.o
                0x0000000000004bbc                pxt::runInBackground(pxt::TValueStruct*)
 .text._ZN3pxt12waitForEventEii
                0x0000000000004bdc        0xc CMakeFiles/CIRCUIT_PLAYGROUND.dir/pxtapp/core/codal.cpp.o
                0x0000000000004bdc                pxt::waitForEvent(int, int)
 .text._ZN3pxt14initRandomSeedEv
                0x0000000000004be8       0x50 CMakeFiles/CIRCUIT_PLAYGROUND.dir/pxtapp/core/codal.cpp.o
                0x0000000000004be8                pxt::initRandomSeed()
 .text._ZN3pxt14clearNeoPixelsEv
                0x0000000000004c38       0x88 CMakeFiles/CIRCUIT_PLAYGROUND.dir/pxtapp/core/codal.cpp.o
                0x0000000000004c38                pxt::clearNeoPixels()
 .text._ZN3pxt11initRuntimeEv
                0x0000000000004cc0       0xb0 CMakeFiles/CIRCUIT_PLAYGROUND.dir/pxtapp/core/codal.cpp.o
                0x0000000000004cc0                pxt::initRuntime()
 .text._ZN3pxt16afterProgramPageEv
                0x0000000000004d70       0x18 CMakeFiles/CIRCUIT_PLAYGROUND.dir/pxtapp/core/codal.cpp.o
                0x0000000000004d70                pxt::afterProgramPage()
 .text._ZN3pxt9dumpDmesgEv
                0x0000000000004d88       0x3c CMakeFiles/CIRCUIT_PLAYGROUND.dir/pxtapp/core/codal.cpp.o
                0x0000000000004d88                pxt::dumpDmesg()
 .text._ZN3pxt10sendSerialEPKci
                0x0000000000004dc4       0x14 CMakeFiles/CIRCUIT_PLAYGROUND.dir/pxtapp/core/codal.cpp.o
                0x0000000000004dc4                pxt::sendSerial(char const*, int)
 .text._ZN3pxt15getSerialNumberEv
                0x0000000000004dd8        0x4 CMakeFiles/CIRCUIT_PLAYGROUND.dir/pxtapp/core/codal.cpp.o
                0x0000000000004dd8                pxt::getSerialNumber()
 .text._ZN3pxt15current_time_msEv
                0x0000000000004ddc        0x8 CMakeFiles/CIRCUIT_PLAYGROUND.dir/pxtapp/core/codal.cpp.o
                0x0000000000004ddc                pxt::current_time_ms()
 .text.startup._GLOBAL__sub_I__ZN3pxt3usbE
                0x0000000000004de4       0x78 CMakeFiles/CIRCUIT_PLAYGROUND.dir/pxtapp/core/codal.cpp.o
 .text._ZN3pxt15registerWithDalEiiPNS_12TValueStructEi
                0x0000000000004e5c       0x6c CMakeFiles/CIRCUIT_PLAYGROUND.dir/pxtapp/core/codal.cpp.o
                0x0000000000004e5c                pxt::registerWithDal(int, int, pxt::TValueStruct*, int)
 .text._ZN7control10raiseEventEii
                0x0000000000004ec8       0x14 CMakeFiles/CIRCUIT_PLAYGROUND.dir/pxtapp/core/control.cpp.o
                0x0000000000004ec8                control::raiseEvent(int, int)
 .text._ZN7control16deviceDalVersionEv
                0x0000000000004edc       0x14 CMakeFiles/CIRCUIT_PLAYGROUND.dir/pxtapp/core/control.cpp.o
                0x0000000000004edc                control::deviceDalVersion()
 .text._ZN7control19allocateNotifyEventEv
                0x0000000000004ef0        0x8 CMakeFiles/CIRCUIT_PLAYGROUND.dir/pxtapp/core/control.cpp.o
                0x0000000000004ef0                control::allocateNotifyEvent()
 .text._ZN3pxt8getWDMACEv
                0x0000000000004ef8       0x24 CMakeFiles/CIRCUIT_PLAYGROUND.dir/pxtapp/core/dmac.cpp.o
                0x0000000000004ef8                pxt::getWDMAC()
 .text._ZN3HF216getInterfaceInfoEv
                0x0000000000004f1c        0x8 CMakeFiles/CIRCUIT_PLAYGROUND.dir/pxtapp/core/hf2.cpp.o
                0x0000000000004f1c                HF2::getInterfaceInfo()
 .text._ZN3HF210stdRequestER13UsbEndpointInR8USBSetup
                0x0000000000004f24       0x44 CMakeFiles/CIRCUIT_PLAYGROUND.dir/pxtapp/core/hf2.cpp.o
                0x0000000000004f24                HF2::stdRequest(UsbEndpointIn&, USBSetup&)
 .text._ZN3HF24recvEv
                0x0000000000004f68       0x90 CMakeFiles/CIRCUIT_PLAYGROUND.dir/pxtapp/core/hf2.cpp.o
                0x0000000000004f68                HF2::recv()
 .text._ZN3HF24sendEPKvii
                0x0000000000004ff8       0x88 CMakeFiles/CIRCUIT_PLAYGROUND.dir/pxtapp/core/hf2.cpp.o
                0x0000000000004ff8                HF2::send(void const*, int, int)
 .text._ZN3HF210sendSerialEPKvii
                0x0000000000005080       0x14 CMakeFiles/CIRCUIT_PLAYGROUND.dir/pxtapp/core/hf2.cpp.o
                0x0000000000005080                HF2::sendSerial(void const*, int, int)
 .text._ZN3HF220sendResponseWithDataEPKvi
                0x0000000000005094       0x44 CMakeFiles/CIRCUIT_PLAYGROUND.dir/pxtapp/core/hf2.cpp.o
                0x0000000000005094                HF2::sendResponseWithData(void const*, int)
 .text._ZN3HF215endpointRequestEv
                0x00000000000050d8      0x244 CMakeFiles/CIRCUIT_PLAYGROUND.dir/pxtapp/core/hf2.cpp.o
                0x00000000000050d8                HF2::endpointRequest()
 .text._Z10bkptPausedv
                0x000000000000531c       0x6c CMakeFiles/CIRCUIT_PLAYGROUND.dir/pxtapp/core/hf2.cpp.o
                0x000000000000531c                bkptPaused()
 .text._ZN3HF2C2Ev
                0x0000000000005388       0x18 CMakeFiles/CIRCUIT_PLAYGROUND.dir/pxtapp/core/hf2.cpp.o
                0x0000000000005388                HF2::HF2()
                0x0000000000005388                HF2::HF2()
 .text.handleHardFault
                0x00000000000053a0       0xd4 CMakeFiles/CIRCUIT_PLAYGROUND.dir/pxtapp/core/hf2.cpp.o
                0x00000000000053a0                handleHardFault
 .text.HardFault_Handler
                0x0000000000005474        0xc CMakeFiles/CIRCUIT_PLAYGROUND.dir/pxtapp/core/hf2.cpp.o
                0x0000000000005474                HardFault_Handler
 .text._ZN4pinsL7initI2CEv.part.0
                0x0000000000005480       0x40 CMakeFiles/CIRCUIT_PLAYGROUND.dir/pxtapp/core/i2c.cpp.o
 .text._ZN4pins13i2cReadBufferEiib
                0x00000000000054c0       0x54 CMakeFiles/CIRCUIT_PLAYGROUND.dir/pxtapp/core/i2c.cpp.o
                0x00000000000054c0                pins::i2cReadBuffer(int, int, bool)
 .text._ZN4pins14i2cWriteBufferEiPN3pxt11BoxedBufferEb
                0x0000000000005514       0x30 CMakeFiles/CIRCUIT_PLAYGROUND.dir/pxtapp/core/i2c.cpp.o
                0x0000000000005514                pins::i2cWriteBuffer(int, pxt::BoxedBuffer*, bool)
 .text._ZN3pxt6getPinEi
                0x0000000000005544       0xac CMakeFiles/CIRCUIT_PLAYGROUND.dir/pxtapp/core/pins.cpp.o
                0x0000000000005544                pxt::getPin(int)
 .text._ZN3pxt7linkPinEii
                0x00000000000055f0       0x24 CMakeFiles/CIRCUIT_PLAYGROUND.dir/pxtapp/core/pins.cpp.o
                0x00000000000055f0                pxt::linkPin(int, int)
 .text._ZN3pxt9lookupPinEi
                0x0000000000005614       0x10 CMakeFiles/CIRCUIT_PLAYGROUND.dir/pxtapp/core/pins.cpp.o
                0x0000000000005614                pxt::lookupPin(int)
 .text._ZN3pxt15lookupComponentEi
                0x0000000000005624       0x28 CMakeFiles/CIRCUIT_PLAYGROUND.dir/pxtapp/core/pins.cpp.o
                0x0000000000005624                pxt::lookupComponent(int)
 .text._ZN4pins12createBufferEi
                0x000000000000564c        0xc CMakeFiles/CIRCUIT_PLAYGROUND.dir/pxtapp/core/pins.cpp.o
                0x000000000000564c                pins::createBuffer(int)
 .text._ZN4pins13pulseDurationEv
                0x0000000000005658        0xc CMakeFiles/CIRCUIT_PLAYGROUND.dir/pxtapp/core/pins.cpp.o
                0x0000000000005658                pins::pulseDuration()
 .text._ZN16AnalogPinMethods10analogReadEPN5codal4mbed3PinE
                0x0000000000005664        0xc CMakeFiles/CIRCUIT_PLAYGROUND.dir/pxtapp/core/pinsAnalog.cpp.o
                0x0000000000005664                AnalogPinMethods::analogRead(codal::mbed::Pin*)
 .text._ZN16AnalogPinMethods11analogWriteEPN5codal4mbed3PinEi
                0x0000000000005670        0xc CMakeFiles/CIRCUIT_PLAYGROUND.dir/pxtapp/core/pinsAnalog.cpp.o
                0x0000000000005670                AnalogPinMethods::analogWrite(codal::mbed::Pin*, int)
 .text._ZN17DigitalPinMethods11digitalReadEPN5codal4mbed3PinE
                0x000000000000567c       0x10 CMakeFiles/CIRCUIT_PLAYGROUND.dir/pxtapp/core/pinsDigital.cpp.o
                0x000000000000567c                DigitalPinMethods::digitalRead(codal::mbed::Pin*)
 .text._ZN17DigitalPinMethods12digitalWriteEPN5codal4mbed3PinEb
                0x000000000000568c        0xc CMakeFiles/CIRCUIT_PLAYGROUND.dir/pxtapp/core/pinsDigital.cpp.o
                0x000000000000568c                DigitalPinMethods::digitalWrite(codal::mbed::Pin*, bool)
 .text._ZN17DigitalPinMethods8onPulsedEPN5codal4mbed3PinE10PulseValuePN3pxt12TValueStructE
                0x0000000000005698       0x20 CMakeFiles/CIRCUIT_PLAYGROUND.dir/pxtapp/core/pinsDigital.cpp.o
                0x0000000000005698                DigitalPinMethods::onPulsed(codal::mbed::Pin*, PulseValue, pxt::TValueStruct*)
 .text._ZN17DigitalPinMethods7pulseInEPN5codal4mbed3PinE10PulseValuei
                0x00000000000056b8       0x80 CMakeFiles/CIRCUIT_PLAYGROUND.dir/pxtapp/core/pinsDigital.cpp.o
                0x00000000000056b8                DigitalPinMethods::pulseIn(codal::mbed::Pin*, PulseValue, int)
 .text._ZN17DigitalPinMethods7setPullEPN5codal4mbed3PinE11PinPullMode
                0x0000000000005738       0x1c CMakeFiles/CIRCUIT_PLAYGROUND.dir/pxtapp/core/pinsDigital.cpp.o
                0x0000000000005738                DigitalPinMethods::setPull(codal::mbed::Pin*, PinPullMode)
 .text._ZN13PwmPinMethods15analogSetPeriodEPN5codal4mbed3PinEi
                0x0000000000005754        0x8 CMakeFiles/CIRCUIT_PLAYGROUND.dir/pxtapp/core/pinsPWM.cpp.o
                0x0000000000005754                PwmPinMethods::analogSetPeriod(codal::mbed::Pin*, int)
 .text._ZN13PwmPinMethods10servoWriteEPN5codal4mbed3PinEi
                0x000000000000575c       0x14 CMakeFiles/CIRCUIT_PLAYGROUND.dir/pxtapp/core/pinsPWM.cpp.o
                0x000000000000575c                PwmPinMethods::servoWrite(codal::mbed::Pin*, int)
 .text._ZN13PwmPinMethods13servoSetPulseEPN5codal4mbed3PinEi
                0x0000000000005770        0x8 CMakeFiles/CIRCUIT_PLAYGROUND.dir/pxtapp/core/pinsPWM.cpp.o
                0x0000000000005770                PwmPinMethods::servoSetPulse(codal::mbed::Pin*, int)
 .text._ZN7network9getIrWrapEv
                0x0000000000005778       0x54 CMakeFiles/CIRCUIT_PLAYGROUND.dir/pxtapp/infrared/ir.cpp.o
                0x0000000000005778                network::getIrWrap()
 .text._ZN7network18infraredSendPacketEPN3pxt11BoxedBufferE
                0x00000000000057cc       0x10 CMakeFiles/CIRCUIT_PLAYGROUND.dir/pxtapp/infrared/ir.cpp.o
                0x00000000000057cc                network::infraredSendPacket(pxt::BoxedBuffer*)
 .text._ZN7network14infraredPacketEv
                0x00000000000057dc        0xc CMakeFiles/CIRCUIT_PLAYGROUND.dir/pxtapp/infrared/ir.cpp.o
                0x00000000000057dc                network::infraredPacket()
 .text._ZN7network16onInfraredPacketEPN3pxt12TValueStructE
                0x00000000000057e8       0x1c CMakeFiles/CIRCUIT_PLAYGROUND.dir/pxtapp/infrared/ir.cpp.o
                0x00000000000057e8                network::onInfraredPacket(pxt::TValueStruct*)
 .text._ZN7network15onInfraredErrorEPN3pxt12TValueStructE
                0x0000000000005804       0x1c CMakeFiles/CIRCUIT_PLAYGROUND.dir/pxtapp/infrared/ir.cpp.o
                0x0000000000005804                network::onInfraredError(pxt::TValueStruct*)
 .text._ZL25neopixel_send_buffer_corePVmmPKhi
                0x0000000000005820       0x3c CMakeFiles/CIRCUIT_PLAYGROUND.dir/pxtapp/light/neopixel.cpp.o
 .text._ZN5light10defaultPinEv
                0x000000000000585c       0x1c CMakeFiles/CIRCUIT_PLAYGROUND.dir/pxtapp/light/neopixel.cpp.o
                0x000000000000585c                light::defaultPin()
 .text._ZN5light10sendBufferEPN5codal4mbed3PinEiPN3pxt11BoxedBufferE
                0x0000000000005878       0x3c CMakeFiles/CIRCUIT_PLAYGROUND.dir/pxtapp/light/neopixel.cpp.o
                0x0000000000005878                light::sendBuffer(codal::mbed::Pin*, int, pxt::BoxedBuffer*)
 .text._ZN3pxt9getWLightEv
                0x00000000000058b4       0x5c CMakeFiles/CIRCUIT_PLAYGROUND.dir/pxtapp/lightsensor/lightsensor.cpp.o
                0x00000000000058b4                pxt::getWLight()
 .text._ZN5input23onLightConditionChangedE14LightConditionPN3pxt12TValueStructE
                0x0000000000005910       0x20 CMakeFiles/CIRCUIT_PLAYGROUND.dir/pxtapp/lightsensor/lightsensor.cpp.o
                0x0000000000005910                input::onLightConditionChanged(LightCondition, pxt::TValueStruct*)
 .text._ZN5input10lightLevelEv
                0x0000000000005930       0x18 CMakeFiles/CIRCUIT_PLAYGROUND.dir/pxtapp/lightsensor/lightsensor.cpp.o
                0x0000000000005930                input::lightLevel()
 .text._ZN5input17setLightThresholdE14LightConditioni
                0x0000000000005948       0x20 CMakeFiles/CIRCUIT_PLAYGROUND.dir/pxtapp/lightsensor/lightsensor.cpp.o
                0x0000000000005948                input::setLightThreshold(LightCondition, int)
 .text.startup.main
                0x0000000000005968        0xc CMakeFiles/CIRCUIT_PLAYGROUND.dir/pxtapp/main.cpp.o
                0x0000000000005968                main
 .text._ZN3pxt14getWMicrophoneEv
                0x0000000000005974       0x8c CMakeFiles/CIRCUIT_PLAYGROUND.dir/pxtapp/microphone/microphone.cpp.o
                0x0000000000005974                pxt::getWMicrophone()
 .text._ZN5input11onLoudSoundEPN3pxt12TValueStructE
                0x0000000000005a00       0x1c CMakeFiles/CIRCUIT_PLAYGROUND.dir/pxtapp/microphone/microphone.cpp.o
                0x0000000000005a00                input::onLoudSound(pxt::TValueStruct*)
 .text._ZN5input10soundLevelEv
                0x0000000000005a1c       0x54 CMakeFiles/CIRCUIT_PLAYGROUND.dir/pxtapp/microphone/microphone.cpp.o
                0x0000000000005a1c                input::soundLevel()
 .text._ZN5input21setLoudSoundThresholdEi
                0x0000000000005a70       0x18 CMakeFiles/CIRCUIT_PLAYGROUND.dir/pxtapp/microphone/microphone.cpp.o
                0x0000000000005a70                input::setLoudSoundThreshold(int)
 .text._Z15getWSynthesizerv
                0x0000000000005a88       0x70 CMakeFiles/CIRCUIT_PLAYGROUND.dir/pxtapp/music/music.cpp.o
                0x0000000000005a88                getWSynthesizer()
 .text._ZN5music7setToneEPN3pxt11BoxedBufferE
                0x0000000000005af8       0x34 CMakeFiles/CIRCUIT_PLAYGROUND.dir/pxtapp/music/music.cpp.o
                0x0000000000005af8                music::setTone(pxt::BoxedBuffer*)
 .text._ZN5music9setVolumeEi
                0x0000000000005b2c       0x24 CMakeFiles/CIRCUIT_PLAYGROUND.dir/pxtapp/music/music.cpp.o
                0x0000000000005b2c                music::setVolume(int)
 .text._ZN5music8playToneEii
                0x0000000000005b50       0x60 CMakeFiles/CIRCUIT_PLAYGROUND.dir/pxtapp/music/music.cpp.o
                0x0000000000005b50                music::playTone(int, int)
 .text._ZN3pxt12ptrOfLiteralEi
                0x0000000000005bb0       0x10 CMakeFiles/CIRCUIT_PLAYGROUND.dir/pxtapp/pointers.cpp.o
                0x0000000000005bb0                pxt::ptrOfLiteral(int)
 .text._ZN7network9PulseBase6listenEv
                0x0000000000005bc0       0x18 CMakeFiles/CIRCUIT_PLAYGROUND.dir/pxtapp/pulse/pulse.cpp.o
                0x0000000000005bc0                network::PulseBase::listen()
 .text._ZN5codal22MemberFunctionCallback10methodCallIN7network9PulseBaseEEEvPvPmNS_5EventE
                0x0000000000005bd8       0x48 CMakeFiles/CIRCUIT_PLAYGROUND.dir/pxtapp/pulse/pulse.cpp.o
                0x0000000000005bd8                void codal::MemberFunctionCallback::methodCall<network::PulseBase>(void*, unsigned long*, codal::Event)
 .text._ZN7network9PulseBase6setPWMEi
                0x0000000000005c20       0x10 CMakeFiles/CIRCUIT_PLAYGROUND.dir/pxtapp/pulse/pulse.cpp.o
                0x0000000000005c20                network::PulseBase::setPWM(int)
 .text._ZN7network9PulseBase9packetEndEN5codal5EventE
                0x0000000000005c30      0x250 CMakeFiles/CIRCUIT_PLAYGROUND.dir/pxtapp/pulse/pulse.cpp.o
                0x0000000000005c30                network::PulseBase::packetEnd(codal::Event)
 .text._ZN7network9PulseBase6finishEi.part.7.constprop.16
                0x0000000000005e80       0x30 CMakeFiles/CIRCUIT_PLAYGROUND.dir/pxtapp/pulse/pulse.cpp.o
 .text._ZN7network9PulseBase8addPulseEi.part.8.constprop.15
                0x0000000000005eb0       0x14 CMakeFiles/CIRCUIT_PLAYGROUND.dir/pxtapp/pulse/pulse.cpp.o
 .text._ZN7network9PulseBase9pulseMarkEN5codal5EventE
                0x0000000000005ec4       0xc8 CMakeFiles/CIRCUIT_PLAYGROUND.dir/pxtapp/pulse/pulse.cpp.o
                0x0000000000005ec4                network::PulseBase::pulseMark(codal::Event)
 .text._ZN7network9PulseBase8pulseGapEN5codal5EventE
                0x0000000000005f8c       0xa4 CMakeFiles/CIRCUIT_PLAYGROUND.dir/pxtapp/pulse/pulse.cpp.o
                0x0000000000005f8c                network::PulseBase::pulseGap(codal::Event)
 .text._ZN7network9PulseBase7processEv
                0x0000000000006030       0xa0 CMakeFiles/CIRCUIT_PLAYGROUND.dir/pxtapp/pulse/pulse.cpp.o
                0x0000000000006030                network::PulseBase::process()
 .text._ZN7network9PulseBase8setupPWMEv
                0x00000000000060d0       0x3c CMakeFiles/CIRCUIT_PLAYGROUND.dir/pxtapp/pulse/pulse.cpp.o
                0x00000000000060d0                network::PulseBase::setupPWM()
 .text._ZN7network9PulseBase9finishPWMEv
                0x000000000000610c       0x30 CMakeFiles/CIRCUIT_PLAYGROUND.dir/pxtapp/pulse/pulse.cpp.o
                0x000000000000610c                network::PulseBase::finishPWM()
 .text._ZN7networkL7pushTwoER9BitVectorhh.constprop.11
                0x000000000000613c       0xa4 CMakeFiles/CIRCUIT_PLAYGROUND.dir/pxtapp/pulse/pulse.cpp.o
 .text._ZN7networkL13encodeHammingER9BitVectorhh.constprop.10
                0x00000000000061e0       0x64 CMakeFiles/CIRCUIT_PLAYGROUND.dir/pxtapp/pulse/pulse.cpp.o
 .text._ZN7network9PulseBase10isRecivingEv
                0x0000000000006244       0x40 CMakeFiles/CIRCUIT_PLAYGROUND.dir/pxtapp/pulse/pulse.cpp.o
                0x0000000000006244                network::PulseBase::isReciving()
 .text._ZN7network9PulseBase4sendEPN3pxt11BoxedBufferE
                0x0000000000006284      0x248 CMakeFiles/CIRCUIT_PLAYGROUND.dir/pxtapp/pulse/pulse.cpp.o
                0x0000000000006284                network::PulseBase::send(pxt::BoxedBuffer*)
 .text._ZN7network9PulseBase9getBufferEv
                0x00000000000064cc       0x14 CMakeFiles/CIRCUIT_PLAYGROUND.dir/pxtapp/pulse/pulse.cpp.o
                0x00000000000064cc                network::PulseBase::getBuffer()
 .text._ZN5codal10EventModel6listenIN7network9PulseBaseEEEittPT_MS4_FvNS_5EventEEt
                0x00000000000064e0       0xc8 CMakeFiles/CIRCUIT_PLAYGROUND.dir/pxtapp/pulse/pulse.cpp.o
                0x00000000000064e0                int codal::EventModel::listen<network::PulseBase>(unsigned short, unsigned short, network::PulseBase*, void (network::PulseBase::*)(codal::Event), unsigned short)
 .text._ZN7network9PulseBaseC2Etii
                0x00000000000065a8       0x8c CMakeFiles/CIRCUIT_PLAYGROUND.dir/pxtapp/pulse/pulse.cpp.o
                0x00000000000065a8                network::PulseBase::PulseBase(unsigned short, int, int)
                0x00000000000065a8                network::PulseBase::PulseBase(unsigned short, int, int)
 .text._ZN7network9PulseBase14setupGapEventsEv
                0x0000000000006634       0x64 CMakeFiles/CIRCUIT_PLAYGROUND.dir/pxtapp/pulse/pulse.cpp.o
                0x0000000000006634                network::PulseBase::setupGapEvents()
 .text._ZL11periodicIRQv
                0x0000000000006698       0x20 CMakeFiles/CIRCUIT_PLAYGROUND.dir/pxtapp/pulse/samd21.cpp.o
 .text._Z10NVIC_Setupv
                0x00000000000066b8       0x3c CMakeFiles/CIRCUIT_PLAYGROUND.dir/pxtapp/pulse/samd21.cpp.o
                0x00000000000066b8                NVIC_Setup()
 .text._Z19setPeriodicCallbackmPvPFvS_E
                0x00000000000066f4      0x12c CMakeFiles/CIRCUIT_PLAYGROUND.dir/pxtapp/pulse/samd21.cpp.o
                0x00000000000066f4                setPeriodicCallback(unsigned long, void*, void (*)(void*))
 .text._Z21clearPeriodicCallbackv
                0x0000000000006820       0x40 CMakeFiles/CIRCUIT_PLAYGROUND.dir/pxtapp/pulse/samd21.cpp.o
                0x0000000000006820                clearPeriodicCallback()
 .text._Z7setTCC0i
                0x0000000000006860       0x2c CMakeFiles/CIRCUIT_PLAYGROUND.dir/pxtapp/pulse/samd21.cpp.o
                0x0000000000006860                setTCC0(int)
 .text._ZN3pxt10getWSwitchEv
                0x000000000000688c       0x4c CMakeFiles/CIRCUIT_PLAYGROUND.dir/pxtapp/switch/switch.cpp.o
                0x000000000000688c                pxt::getWSwitch()
 .text._ZN5input13onSwitchMovedE15SwitchDirectionPN3pxt12TValueStructE
                0x00000000000068d8       0x18 CMakeFiles/CIRCUIT_PLAYGROUND.dir/pxtapp/switch/switch.cpp.o
                0x00000000000068d8                input::onSwitchMoved(SwitchDirection, pxt::TValueStruct*)
 .text._ZN5input11switchRightEv
                0x00000000000068f0       0x14 CMakeFiles/CIRCUIT_PLAYGROUND.dir/pxtapp/switch/switch.cpp.o
                0x00000000000068f0                input::switchRight()
 .text._ZN3pxt8getWTempEv
                0x0000000000006904       0x5c CMakeFiles/CIRCUIT_PLAYGROUND.dir/pxtapp/thermometer/temperature.cpp.o
                0x0000000000006904                pxt::getWTemp()
 .text._ZN5input29onTemperatureConditionChangedE20TemperatureConditioni15TemperatureUnitPN3pxt12TValueStructE
                0x0000000000006960       0x58 CMakeFiles/CIRCUIT_PLAYGROUND.dir/pxtapp/thermometer/temperature.cpp.o
                0x0000000000006960                input::onTemperatureConditionChanged(TemperatureCondition, int, TemperatureUnit, pxt::TValueStruct*)
 .text._ZN5input11temperatureE15TemperatureUnit
                0x00000000000069b8       0x20 CMakeFiles/CIRCUIT_PLAYGROUND.dir/pxtapp/thermometer/temperature.cpp.o
                0x00000000000069b8                input::temperature(TemperatureUnit)
 .text._ZN3pxt14getTouchButtonEi
                0x00000000000069d8       0x38 CMakeFiles/CIRCUIT_PLAYGROUND.dir/pxtapp/touch/touch.cpp.o
                0x00000000000069d8                pxt::getTouchButton(int)
 .text._ZN18TouchButtonMethods12setThresholdEP14CapTouchButtoni
                0x0000000000006a10       0x1c CMakeFiles/CIRCUIT_PLAYGROUND.dir/pxtapp/touch/touch.cpp.o
                0x0000000000006a10                TouchButtonMethods::setThreshold(CapTouchButton*, int)
 .text._ZN18TouchButtonMethods5valueEP14CapTouchButton
                0x0000000000006a2c        0x8 CMakeFiles/CIRCUIT_PLAYGROUND.dir/pxtapp/touch/touch.cpp.o
                0x0000000000006a2c                TouchButtonMethods::value(CapTouchButton*)
 .text._ZN16AnalogPinMethods11touchButtonEPN5codal4mbed3PinE
                0x0000000000006a34       0x1c CMakeFiles/CIRCUIT_PLAYGROUND.dir/pxtapp/touch/touch.cpp.o
                0x0000000000006a34                AnalogPinMethods::touchButton(codal::mbed::Pin*)
 .text.target_enable_irq
                0x0000000000006a50        0x4 libcodal-circuit-playground.a(codal_target_hal.cpp.o)
                0x0000000000006a50                target_enable_irq
 .text.target_disable_irq
                0x0000000000006a54        0x4 libcodal-circuit-playground.a(codal_target_hal.cpp.o)
                0x0000000000006a54                target_disable_irq
 .text.target_wait_for_event
                0x0000000000006a58        0x4 libcodal-circuit-playground.a(codal_target_hal.cpp.o)
                0x0000000000006a58                target_wait_for_event
 .text.target_wait
                0x0000000000006a5c        0x8 libcodal-circuit-playground.a(codal_target_hal.cpp.o)
                0x0000000000006a5c                target_wait
 .text.target_reset
                0x0000000000006a64       0x18 libcodal-circuit-playground.a(codal_target_hal.cpp.o)
                0x0000000000006a64                target_reset
 .text.target_panic
                0x0000000000006a7c       0x14 libcodal-circuit-playground.a(codal_target_hal.cpp.o)
                0x0000000000006a7c                target_panic
 .text.fiber_initial_stack_base
                0x0000000000006a90        0x8 libcodal-circuit-playground.a(codal_target_hal.cpp.o)
                0x0000000000006a90                fiber_initial_stack_base
 .text.tcb_allocate
                0x0000000000006a98        0xc libcodal-circuit-playground.a(codal_target_hal.cpp.o)
                0x0000000000006a98                tcb_allocate
 .text.tcb_configure_lr
                0x0000000000006aa4        0x4 libcodal-circuit-playground.a(codal_target_hal.cpp.o)
                0x0000000000006aa4                tcb_configure_lr
 .text.tcb_configure_sp
                0x0000000000006aa8        0x4 libcodal-circuit-playground.a(codal_target_hal.cpp.o)
                0x0000000000006aa8                tcb_configure_sp
 .text.tcb_configure_stack_base
                0x0000000000006aac        0x4 libcodal-circuit-playground.a(codal_target_hal.cpp.o)
                0x0000000000006aac                tcb_configure_stack_base
 .text.tcb_get_stack_base
                0x0000000000006ab0        0x4 libcodal-circuit-playground.a(codal_target_hal.cpp.o)
                0x0000000000006ab0                tcb_get_stack_base
 .text.get_current_sp
                0x0000000000006ab4        0x8 libcodal-circuit-playground.a(codal_target_hal.cpp.o)
                0x0000000000006ab4                get_current_sp
 .text.tcb_get_sp
                0x0000000000006abc        0x4 libcodal-circuit-playground.a(codal_target_hal.cpp.o)
                0x0000000000006abc                tcb_get_sp
 .text.tcb_configure_args
                0x0000000000006ac0        0x4 libcodal-circuit-playground.a(codal_target_hal.cpp.o)
                0x0000000000006ac0                tcb_configure_args
 .text._ZN5codal14CodalComponent16periodicCallbackEv
                0x0000000000006ac4        0x4 libcodal-circuit-playground.a(CircuitPlayground.cpp.o)
                0x0000000000006ac4                codal::CodalComponent::periodicCallback()
 .text._ZN5codal14CodalComponent12idleCallbackEv
                0x0000000000006ac8        0x4 libcodal-circuit-playground.a(CircuitPlayground.cpp.o)
                0x0000000000006ac8                codal::CodalComponent::idleCallback()
 .text._ZN5codal11CodalDevice10getVersionEv
                0x0000000000006acc        0x8 libcodal-circuit-playground.a(CircuitPlayground.cpp.o)
                0x0000000000006acc                codal::CodalDevice::getVersion()
 .text._ZN5codal11CodalDevice15getSerialNumberEv
                0x0000000000006ad4        0x4 libcodal-circuit-playground.a(CircuitPlayground.cpp.o)
                0x0000000000006ad4                codal::CodalDevice::getSerialNumber()
 .text._ZN5codal11CodalDevice10seedRandomEm
                0x0000000000006ad8        0x8 libcodal-circuit-playground.a(CircuitPlayground.cpp.o)
                0x0000000000006ad8                codal::CodalDevice::seedRandom(unsigned long)
 .text._ZN5codal11CodalDevice5panicEi
                0x0000000000006ae0        0xc libcodal-circuit-playground.a(CircuitPlayground.cpp.o)
                0x0000000000006ae0                codal::CodalDevice::panic(int)
 .text._ZN5codal11CodalDevice4waitEm
                0x0000000000006aec        0xc libcodal-circuit-playground.a(CircuitPlayground.cpp.o)
                0x0000000000006aec                codal::CodalDevice::wait(unsigned long)
 .text._ZN5codal11CodalDevice5resetEv
                0x0000000000006af8        0x8 libcodal-circuit-playground.a(CircuitPlayground.cpp.o)
                0x0000000000006af8                codal::CodalDevice::reset()
 .text._ZN5codal14CodalComponentD2Ev
                0x0000000000006b00       0x18 libcodal-circuit-playground.a(CircuitPlayground.cpp.o)
                0x0000000000006b00                codal::CodalComponent::~CodalComponent()
                0x0000000000006b00                codal::CodalComponent::~CodalComponent()
 .text._ZN5codal14CodalComponentD0Ev
                0x0000000000006b18       0x20 libcodal-circuit-playground.a(CircuitPlayground.cpp.o)
                0x0000000000006b18                codal::CodalComponent::~CodalComponent()
 .text._Z14cpu_clock_initv
                0x0000000000006b38       0xd8 libcodal-circuit-playground.a(CircuitPlayground.cpp.o)
                0x0000000000006b38                cpu_clock_init()
 .text._ZN5codal10EventModel3addEPNS_8ListenerE
                0x0000000000006c10        0x8 libcodal-core.a(CodalComponent.cpp.o)
                0x0000000000006c10                codal::EventModel::add(codal::Listener*)
 .text._Z18component_callbackN5codal5EventE
                0x0000000000006c18       0x78 libcodal-core.a(CodalComponent.cpp.o)
                0x0000000000006c18                component_callback(codal::Event)
 .text._ZN5codal14CodalComponent12addComponentEv
                0x0000000000006c90       0xec libcodal-core.a(CodalComponent.cpp.o)
                0x0000000000006c90                codal::CodalComponent::addComponent()
 .text._ZN5codal14CodalComponent15removeComponentEv
                0x0000000000006d7c       0x24 libcodal-core.a(CodalComponent.cpp.o)
                0x0000000000006d7c                codal::CodalComponent::removeComponent()
 .text._ZN5codal11CodalDevice5sleepEm
                0x0000000000006da0        0xc libcodal-core.a(CodalDevice.cpp.o)
                0x0000000000006da0                codal::CodalDevice::sleep(unsigned long)
 .text._ZL9logwritenPKci
                0x0000000000006dac       0x9c libcodal-core.a(CodalDmesg.cpp.o)
 .text._ZL11logwritenummbb
                0x0000000000006e48       0x78 libcodal-core.a(CodalDmesg.cpp.o)
 .text._Z12codal_vdmesgPKcSt9__va_list
                0x0000000000006ec0       0xe0 libcodal-core.a(CodalDmesg.cpp.o)
                0x0000000000006ec0                codal_vdmesg(char const*, std::__va_list)
 .text._Z11codal_dmesgPKcz
                0x0000000000006fa0       0x18 libcodal-core.a(CodalDmesg.cpp.o)
                0x0000000000006fa0                codal_dmesg(char const*, ...)
 .text._Z12codal_dmesgfPKcz
                0x0000000000006fb8       0x28 libcodal-core.a(CodalDmesg.cpp.o)
                0x0000000000006fb8                codal_dmesgf(char const*, ...)
 .text._ZN5codal10EventModel6removeEPNS_8ListenerE
                0x0000000000006fe0        0x8 libcodal-core.a(CodalFiber.cpp.o)
                0x0000000000006fe0                codal::EventModel::remove(codal::Listener*)
 .text._ZN5codal11queue_fiberEPNS_5FiberEPS1_
                0x0000000000006fe8       0x30 libcodal-core.a(CodalFiber.cpp.o)
                0x0000000000006fe8                codal::queue_fiber(codal::Fiber*, codal::Fiber**)
 .text._ZN5codal13dequeue_fiberEPNS_5FiberE
                0x0000000000007018       0x38 libcodal-core.a(CodalFiber.cpp.o)
                0x0000000000007018                codal::dequeue_fiber(codal::Fiber*)
 .text._ZN5codal14scheduler_tickENS_5EventE
                0x0000000000007050       0x68 libcodal-core.a(CodalFiber.cpp.o)
                0x0000000000007050                codal::scheduler_tick(codal::Event)
 .text._ZN5codal15scheduler_eventENS_5EventE
                0x00000000000070b8      0x10c libcodal-core.a(CodalFiber.cpp.o)
                0x00000000000070b8                codal::scheduler_event(codal::Event)
 .text._Z15getFiberContextv
                0x00000000000071c4       0x50 libcodal-core.a(CodalFiber.cpp.o)
                0x00000000000071c4                getFiberContext()
 .text._ZN5codal14scheduler_initERNS_10EventModelE
                0x0000000000007214      0x130 libcodal-core.a(CodalFiber.cpp.o)
                0x0000000000007214                codal::scheduler_init(codal::EventModel&)
 .text._ZN5codal23fiber_scheduler_runningEv
                0x0000000000007344       0x10 libcodal-core.a(CodalFiber.cpp.o)
                0x0000000000007344                codal::fiber_scheduler_running()
 .text._ZN5codal19fiber_wake_on_eventEtt
                0x0000000000007354       0xac libcodal-core.a(CodalFiber.cpp.o)
                0x0000000000007354                codal::fiber_wake_on_event(unsigned short, unsigned short)
 .text._Z14__create_fibermmmi
                0x0000000000007400       0x68 libcodal-core.a(CodalFiber.cpp.o)
                0x0000000000007400                __create_fiber(unsigned long, unsigned long, unsigned long, int)
 .text._ZN5codal12create_fiberEPFvvES1_
                0x0000000000007468       0x1c libcodal-core.a(CodalFiber.cpp.o)
                0x0000000000007468                codal::create_fiber(void (*)(), void (*)())
 .text._ZN5codal12create_fiberEPFvPvES0_S2_
                0x0000000000007484       0x20 libcodal-core.a(CodalFiber.cpp.o)
                0x0000000000007484                codal::create_fiber(void (*)(void*), void*, void (*)(void*))
 .text._ZN5codal24scheduler_runqueue_emptyEv
                0x00000000000074a4       0x10 libcodal-core.a(CodalFiber.cpp.o)
                0x00000000000074a4                codal::scheduler_runqueue_empty()
 .text._ZN5codal4idleEv
                0x00000000000074b4       0x48 libcodal-core.a(CodalFiber.cpp.o)
                0x00000000000074b4                codal::idle()
 .text._ZN5codal8scheduleEv.part.2
                0x00000000000074fc      0x19c libcodal-core.a(CodalFiber.cpp.o)
 .text._ZN5codal8scheduleEv
                0x0000000000007698       0x14 libcodal-core.a(CodalFiber.cpp.o)
                0x0000000000007698                codal::schedule()
 .text._ZN5codal11fiber_sleepEm
                0x00000000000076ac       0x60 libcodal-core.a(CodalFiber.cpp.o)
                0x00000000000076ac                codal::fiber_sleep(unsigned long)
 .text._ZN5codal20fiber_wait_for_eventEtt
                0x000000000000770c       0x20 libcodal-core.a(CodalFiber.cpp.o)
                0x000000000000770c                codal::fiber_wait_for_event(unsigned short, unsigned short)
 .text._ZN5codal13release_fiberEv.part.3
                0x000000000000772c       0x40 libcodal-core.a(CodalFiber.cpp.o)
 .text._ZN5codal13release_fiberEv
                0x000000000000776c       0x14 libcodal-core.a(CodalFiber.cpp.o)
                0x000000000000776c                codal::release_fiber()
 .text._ZN5codal16launch_new_fiberEPFvvES1_
                0x0000000000007780       0x1c libcodal-core.a(CodalFiber.cpp.o)
                0x0000000000007780                codal::launch_new_fiber(void (*)(), void (*)())
 .text._ZN5codal13release_fiberEPv
                0x000000000000779c       0x14 libcodal-core.a(CodalFiber.cpp.o)
                0x000000000000779c                codal::release_fiber(void*)
 .text._ZN5codal6invokeEPFvPvES0_
                0x00000000000077b0       0x84 libcodal-core.a(CodalFiber.cpp.o)
                0x00000000000077b0                codal::invoke(void (*)(void*), void*)
 .text._ZN5codal22launch_new_fiber_paramEPFvPvES2_S0_
                0x0000000000007834       0x18 libcodal-core.a(CodalFiber.cpp.o)
                0x0000000000007834                codal::launch_new_fiber_param(void (*)(void*), void (*)(void*), void*)
 .text._ZN5codal9idle_taskEv
                0x000000000000784c       0x1c libcodal-core.a(CodalFiber.cpp.o)
                0x000000000000784c                codal::idle_task()
 .text._Z17device_heap_printR14HeapDefinition
                0x0000000000007868       0xe4 libcodal-core.a(CodalHeapAllocator.cpp.o)
                0x0000000000007868                device_heap_print(HeapDefinition&)
 .text._Z17device_heap_printv
                0x000000000000794c       0x38 libcodal-core.a(CodalHeapAllocator.cpp.o)
                0x000000000000794c                device_heap_print()