Archive member included to satisfy reference by file (symbol)

../ym/microbit/source/microbit.a(MicroBit.cpp.o)
                              CMakeFiles/pxt-microbit-app.dir/Users/James/Desktop/VM/microbit-pxt/pxt-microbit/libs/blocksprj/built/yt/source/core/pxt.cpp.o (MicroBit::MicroBit())
../ym/microbit-dal/source/microbit-dal.a(MicroBitDevice.cpp.o)
                              CMakeFiles/pxt-microbit-app.dir/Users/James/Desktop/VM/microbit-pxt/pxt-microbit/libs/blocksprj/built/yt/source/core/control.cpp.o (microbit_serial_number())
../ym/microbit-dal/source/microbit-dal.a(MicroBitFiber.cpp.o)
                              ../ym/microbit/source/microbit.a(MicroBit.cpp.o) (scheduler_init(EventModel&))
../ym/microbit-dal/source/microbit-dal.a(MicroBitFont.cpp.o)
                              ../ym/microbit-dal/source/microbit-dal.a(MicroBitDevice.cpp.o) (MicroBitFont::defaultFont)
../ym/microbit-dal/source/microbit-dal.a(MicroBitHeapAllocator.cpp.o)
                              ../ym/microbit/source/microbit.a(MicroBit.cpp.o) (microbit_create_heap(unsigned long, unsigned long))
../ym/microbit-dal/source/microbit-dal.a(MicroBitListener.cpp.o)
                              CMakeFiles/pxt-microbit-app.dir/Users/James/Desktop/VM/microbit-pxt/pxt-microbit/libs/blocksprj/built/yt/source/core/pxt.cpp.o (MicroBitListener::MicroBitListener(unsigned short, unsigned short, void (*)(MicroBitEvent), unsigned short))
../ym/microbit-dal/source/microbit-dal.a(MicroBitSystemTimer.cpp.o)
                              CMakeFiles/pxt-microbit-app.dir/Users/James/Desktop/VM/microbit-pxt/pxt-microbit/libs/blocksprj/built/yt/source/core/input.cpp.o (system_timer_current_time())
../ym/microbit-dal/source/microbit-dal.a(ManagedString.cpp.o)
                              CMakeFiles/pxt-microbit-app.dir/Users/James/Desktop/VM/microbit-pxt/pxt-microbit/libs/blocksprj/built/yt/source/core/pxt.cpp.o (ManagedString::~ManagedString())
../ym/microbit-dal/source/microbit-dal.a(MicroBitEvent.cpp.o)
                              CMakeFiles/pxt-microbit-app.dir/Users/James/Desktop/VM/microbit-pxt/pxt-microbit/libs/blocksprj/built/yt/source/core/pxt.cpp.o (MicroBitEvent::MicroBitEvent())
../ym/microbit-dal/source/microbit-dal.a(MicroBitImage.cpp.o)
                              CMakeFiles/pxt-microbit-app.dir/Users/James/Desktop/VM/microbit-pxt/pxt-microbit/libs/blocksprj/built/yt/source/core/basic.cpp.o (MicroBitImage::~MicroBitImage())
../ym/microbit-dal/source/microbit-dal.a(PacketBuffer.cpp.o)
                              CMakeFiles/pxt-microbit-app.dir/Users/James/Desktop/VM/microbit-pxt/pxt-microbit/libs/blocksprj/built/yt/source/radio/radio.cpp.o (PacketBuffer::~PacketBuffer())
../ym/microbit-dal/source/microbit-dal.a(RefCounted.cpp.o)
                              CMakeFiles/pxt-microbit-app.dir/Users/James/Desktop/VM/microbit-pxt/pxt-microbit/libs/blocksprj/built/yt/source/core/ManagedBuffer.cpp.o (RefCounted::init())
../ym/microbit-dal/source/microbit-dal.a(MicroBitAccelerometer.cpp.o)
                              CMakeFiles/pxt-microbit-app.dir/Users/James/Desktop/VM/microbit-pxt/pxt-microbit/libs/blocksprj/built/yt/source/core/pxt.cpp.o (MicroBitAccelerometer::~MicroBitAccelerometer())
../ym/microbit-dal/source/microbit-dal.a(MicroBitButton.cpp.o)
                              CMakeFiles/pxt-microbit-app.dir/Users/James/Desktop/VM/microbit-pxt/pxt-microbit/libs/blocksprj/built/yt/source/core/pxt.cpp.o (MicroBitButton::~MicroBitButton())
../ym/microbit-dal/source/microbit-dal.a(MicroBitCompass.cpp.o)
                              CMakeFiles/pxt-microbit-app.dir/Users/James/Desktop/VM/microbit-pxt/pxt-microbit/libs/blocksprj/built/yt/source/core/pxt.cpp.o (MicroBitCompass::~MicroBitCompass())
../ym/microbit-dal/source/microbit-dal.a(MicroBitCompassCalibrator.cpp.o)
                              ../ym/microbit/source/microbit.a(MicroBit.cpp.o) (MicroBitCompassCalibrator::MicroBitCompassCalibrator(MicroBitCompass&, MicroBitAccelerometer&, MicroBitDisplay&))
../ym/microbit-dal/source/microbit-dal.a(MicroBitDisplay.cpp.o)
                              CMakeFiles/pxt-microbit-app.dir/Users/James/Desktop/VM/microbit-pxt/pxt-microbit/libs/blocksprj/built/yt/source/core/pxt.cpp.o (MicroBitDisplay::~MicroBitDisplay())
../ym/microbit-dal/source/microbit-dal.a(MicroBitI2C.cpp.o)
                              ../ym/microbit/source/microbit.a(MicroBit.cpp.o) (MicroBitI2C::MicroBitI2C(PinName, PinName))
../ym/microbit-dal/source/microbit-dal.a(MicroBitIO.cpp.o)
                              ../ym/microbit/source/microbit.a(MicroBit.cpp.o) (MicroBitIO::MicroBitIO(int, int, int, int, int, int, int, int, int, int, int, int, int, int, int, int, int, int, int))
../ym/microbit-dal/source/microbit-dal.a(MicroBitLightSensor.cpp.o)
                              ../ym/microbit-dal/source/microbit-dal.a(MicroBitDisplay.cpp.o) (MicroBitLightSensor::read())
../ym/microbit-dal/source/microbit-dal.a(MicroBitMessageBus.cpp.o)
[...]
Memory Configuration

Name             Origin             Length             Attributes
FLASH            0x0000000000018000 0x0000000000028000 xr
RAM              0x0000000020002000 0x0000000000002000 xrw
*default*        0x0000000000000000 0xffffffffffffffff

Linker script and memory map

LOAD /usr/local/Cellar/arm-none-eabi-gcc/5.0-2016-q1-update/bin/../lib/gcc/arm-none-eabi/5.3.1/armv6-m/crti.o
LOAD /usr/local/Cellar/arm-none-eabi-gcc/5.0-2016-q1-update/bin/../lib/gcc/arm-none-eabi/5.3.1/armv6-m/crtbegin.o
LOAD /usr/local/Cellar/arm-none-eabi-gcc/5.0-2016-q1-update/bin/../lib/gcc/arm-none-eabi/5.3.1/../../../../arm-none-eabi/lib/armv6-m/crt0.o
START GROUP
LOAD CMakeFiles/pxt-microbit-app.dir/Users/James/Desktop/VM/microbit-pxt/pxt-microbit/libs/blocksprj/built/yt/source/pointers.cpp.o
LOAD CMakeFiles/pxt-microbit-app.dir/Users/James/Desktop/VM/microbit-pxt/pxt-microbit/libs/blocksprj/built/yt/source/core/ManagedBuffer.cpp.o
LOAD CMakeFiles/pxt-microbit-app.dir/Users/James/Desktop/VM/microbit-pxt/pxt-microbit/libs/blocksprj/built/yt/source/core/pxt.cpp.o
LOAD CMakeFiles/pxt-microbit-app.dir/Users/James/Desktop/VM/microbit-pxt/pxt-microbit/libs/blocksprj/built/yt/source/core/basic.cpp.o
LOAD CMakeFiles/pxt-microbit-app.dir/Users/James/Desktop/VM/microbit-pxt/pxt-microbit/libs/blocksprj/built/yt/source/main.cpp.o
LOAD CMakeFiles/pxt-microbit-app.dir/Users/James/Desktop/VM/microbit-pxt/pxt-microbit/libs/blocksprj/built/yt/source/core/core.cpp.o
LOAD CMakeFiles/pxt-microbit-app.dir/Users/James/Desktop/VM/microbit-pxt/pxt-microbit/libs/blocksprj/built/yt/source/core/input.cpp.o
LOAD CMakeFiles/pxt-microbit-app.dir/Users/James/Desktop/VM/microbit-pxt/pxt-microbit/libs/blocksprj/built/yt/source/core/led.cpp.o
LOAD CMakeFiles/pxt-microbit-app.dir/Users/James/Desktop/VM/microbit-pxt/pxt-microbit/libs/blocksprj/built/yt/source/core/control.cpp.o
LOAD CMakeFiles/pxt-microbit-app.dir/Users/James/Desktop/VM/microbit-pxt/pxt-microbit/libs/blocksprj/built/yt/source/core/pins.cpp.o
LOAD CMakeFiles/pxt-microbit-app.dir/Users/James/Desktop/VM/microbit-pxt/pxt-microbit/libs/blocksprj/built/yt/source/radio/radio.cpp.o
LOAD CMakeFiles/pxt-microbit-app.dir/Users/James/Desktop/VM/microbit-pxt/pxt-microbit/libs/blocksprj/built/yt/source/core/serial.cpp.o
LOAD CMakeFiles/pxt-microbit-app.dir/Users/James/Desktop/VM/microbit-pxt/pxt-microbit/libs/blocksprj/built/yt/source/core/images.cpp.o
LOAD CMakeFiles/pxt-microbit-app.dir/Users/James/Desktop/VM/microbit-pxt/pxt-microbit/libs/blocksprj/built/yt/source/core/buffer.cpp.o
LOAD ../ym/microbit/source/microbit.a
LOAD ../ym/microbit-dal/source/microbit-dal.a
LOAD ../ym/ble/source/ble.a
LOAD ../ym/ble-nrf51822/source/ble-nrf51822.a
LOAD ../ym/ble/source/ble.a
LOAD ../ym/ble-nrf51822/source/ble-nrf51822.a
LOAD ../ym/nrf51-sdk/source/nrf51-sdk.a
LOAD ../ym/mbed-classic/existing/mbed-classic.a
LOAD /usr/local/Cellar/arm-none-eabi-gcc/5.0-2016-q1-update/bin/../lib/gcc/arm-none-eabi/5.3.1/../../../../arm-none-eabi/lib/armv6-m/libnosys.a
LOAD /usr/local/Cellar/arm-none-eabi-gcc/5.0-2016-q1-update/bin/../lib/gcc/arm-none-eabi/5.3.1/../../../../arm-none-eabi/lib/armv6-m/libstdc++_nano.a
LOAD /usr/local/Cellar/arm-none-eabi-gcc/5.0-2016-q1-update/bin/../lib/gcc/arm-none-eabi/5.3.1/../../../../arm-none-eabi/lib/armv6-m/libsupc++_nano.a
LOAD /usr/local/Cellar/arm-none-eabi-gcc/5.0-2016-q1-update/bin/../lib/gcc/arm-none-eabi/5.3.1/armv6-m/libgcc.a
LOAD /usr/local/Cellar/arm-none-eabi-gcc/5.0-2016-q1-update/bin/../lib/gcc/arm-none-eabi/5.3.1/../../../../arm-none-eabi/lib/armv6-m/libstdc++_nano.a
LOAD /usr/local/Cellar/arm-none-eabi-gcc/5.0-2016-q1-update/bin/../lib/gcc/arm-none-eabi/5.3.1/../../../../arm-none-eabi/lib/armv6-m/libsupc++_nano.a
LOAD /usr/local/Cellar/arm-none-eabi-gcc/5.0-2016-q1-update/bin/../lib/gcc/arm-none-eabi/5.3.1/../../../../arm-none-eabi/lib/armv6-m/libm.a
LOAD /usr/local/Cellar/arm-none-eabi-gcc/5.0-2016-q1-update/bin/../lib/gcc/arm-none-eabi/5.3.1/../../../../arm-none-eabi/lib/armv6-m/libc_nano.a
LOAD /usr/local/Cellar/arm-none-eabi-gcc/5.0-2016-q1-update/bin/../lib/gcc/arm-none-eabi/5.3.1/armv6-m/libgcc.a
END GROUP
LOAD /usr/local/Cellar/arm-none-eabi-gcc/5.0-2016-q1-update/bin/../lib/gcc/arm-none-eabi/5.3.1/../../../../arm-none-eabi/lib/armv6-m/libstdc++_nano.a
LOAD /usr/local/Cellar/arm-none-eabi-gcc/5.0-2016-q1-update/bin/../lib/gcc/arm-none-eabi/5.3.1/../../../../arm-none-eabi/lib/armv6-m/libm.a
LOAD /usr/local/Cellar/arm-none-eabi-gcc/5.0-2016-q1-update/bin/../lib/gcc/arm-none-eabi/5.3.1/../../../../arm-none-eabi/lib/armv6-m/libc_nano.a
START GROUP
LOAD /usr/local/Cellar/arm-none-eabi-gcc/5.0-2016-q1-update/bin/../lib/gcc/arm-none-eabi/5.3.1/armv6-m/libgcc.a
LOAD /usr/local/Cellar/arm-none-eabi-gcc/5.0-2016-q1-update/bin/../lib/gcc/arm-none-eabi/5.3.1/../../../../arm-none-eabi/lib/armv6-m/libc_nano.a
END GROUP
START GROUP
LOAD /usr/local/Cellar/arm-none-eabi-gcc/5.0-2016-q1-update/bin/../lib/gcc/arm-none-eabi/5.3.1/armv6-m/libgcc.a
LOAD /usr/local/Cellar/arm-none-eabi-gcc/5.0-2016-q1-update/bin/../lib/gcc/arm-none-eabi/5.3.1/../../../../arm-none-eabi/lib/armv6-m/libc_nano.a
END GROUP
LOAD /usr/local/Cellar/arm-none-eabi-gcc/5.0-2016-q1-update/bin/../lib/gcc/arm-none-eabi/5.3.1/armv6-m/crtend.o
LOAD /usr/local/Cellar/arm-none-eabi-gcc/5.0-2016-q1-update/bin/../lib/gcc/arm-none-eabi/5.3.1/armv6-m/crtn.o

.text           0x0000000000018000    0x17af0
 *(SORT(.Vectors))
 .Vectors       0x0000000000018000       0xc0 ../ym/mbed-classic/existing/mbed-classic.a(startup_NRF51822.S.obj)
                0x0000000000018000                __Vectors
 *(SORT(.text*))
 .text          0x00000000000180c0       0x60 /usr/local/Cellar/arm-none-eabi-gcc/5.0-2016-q1-update/bin/../lib/gcc/arm-none-eabi/5.3.1/armv6-m/crtbegin.o
 .text          0x0000000000018120       0x78 /usr/local/Cellar/arm-none-eabi-gcc/5.0-2016-q1-update/bin/../lib/gcc/arm-none-eabi/5.3.1/../../../../arm-none-eabi/lib/armv6-m/crt0.o
                0x0000000000018120                _mainCRTStartup
                0x0000000000018120                _start
 .text._ZN3pxt12ptrOfLiteralEi
                0x0000000000018198       0x10 CMakeFiles/pxt-microbit-app.dir/Users/James/Desktop/VM/microbit-pxt/pxt-microbit/libs/blocksprj/built/yt/source/pointers.cpp.o
                0x0000000000018198                pxt::ptrOfLiteral(int)
 .text._ZN13ManagedBuffer4initEPhi
                0x00000000000181a8       0x3c CMakeFiles/pxt-microbit-app.dir/Users/James/Desktop/VM/microbit-pxt/pxt-microbit/libs/blocksprj/built/yt/source/core/ManagedBuffer.cpp.o
                0x00000000000181a8                ManagedBuffer::init(unsigned char*, int)
 .text._ZN13ManagedBuffer7setByteEih
                0x00000000000181e4       0x1c CMakeFiles/pxt-microbit-app.dir/Users/James/Desktop/VM/microbit-pxt/pxt-microbit/libs/blocksprj/built/yt/source/core/ManagedBuffer.cpp.o
                0x00000000000181e4                ManagedBuffer::setByte(int, unsigned char)
 .text._ZN13ManagedBuffer7getByteEi
                0x0000000000018200       0x1c CMakeFiles/pxt-microbit-app.dir/Users/James/Desktop/VM/microbit-pxt/pxt-microbit/libs/blocksprj/built/yt/source/core/ManagedBuffer.cpp.o
                0x0000000000018200                ManagedBuffer::getByte(int)
 .text._ZN13ManagedBuffer8leakDataEv
                0x000000000001821c       0x10 CMakeFiles/pxt-microbit-app.dir/Users/James/Desktop/VM/microbit-pxt/pxt-microbit/libs/blocksprj/built/yt/source/core/ManagedBuffer.cpp.o
                0x000000000001821c                ManagedBuffer::leakData()
 .text._ZN13ManagedBuffer4fillEhii
                0x000000000001822c       0x34 CMakeFiles/pxt-microbit-app.dir/Users/James/Desktop/VM/microbit-pxt/pxt-microbit/libs/blocksprj/built/yt/source/core/ManagedBuffer.cpp.o
                0x000000000001822c                ManagedBuffer::fill(unsigned char, int, int)
 .text._ZN13ManagedBuffer11writeBufferEiRKS_ii
                0x0000000000018260       0x4c CMakeFiles/pxt-microbit-app.dir/Users/James/Desktop/VM/microbit-pxt/pxt-microbit/libs/blocksprj/built/yt/source/core/ManagedBuffer.cpp.o
                0x0000000000018260                ManagedBuffer::writeBuffer(int, ManagedBuffer const&, int, int)
 .text._ZN13ManagedBuffer10writeBytesEiPhib
                0x00000000000182ac       0x4c CMakeFiles/pxt-microbit-app.dir/Users/James/Desktop/VM/microbit-pxt/pxt-microbit/libs/blocksprj/built/yt/source/core/ManagedBuffer.cpp.o
                0x00000000000182ac                ManagedBuffer::writeBytes(int, unsigned char*, int, bool)
 .text._ZNK13ManagedBuffer9readBytesEPhiib
                0x00000000000182f8       0x4c CMakeFiles/pxt-microbit-app.dir/Users/James/Desktop/VM/microbit-pxt/pxt-microbit/libs/blocksprj/built/yt/source/core/ManagedBuffer.cpp.o
                0x00000000000182f8                ManagedBuffer::readBytes(unsigned char*, int, int, bool) const
 .text._ZN3pxt9RefAction5printEv
                0x0000000000018344       0x34 CMakeFiles/pxt-microbit-app.dir/Users/James/Desktop/VM/microbit-pxt/pxt-microbit/libs/blocksprj/built/yt/source/core/pxt.cpp.o
                0x0000000000018344                pxt::RefAction::print()
 .text._ZN3pxt8RefLocal5printEv
                0x0000000000018378       0x20 CMakeFiles/pxt-microbit-app.dir/Users/James/Desktop/VM/microbit-pxt/pxt-microbit/libs/blocksprj/built/yt/source/core/pxt.cpp.o
                0x0000000000018378                pxt::RefLocal::print()
 .text._ZN3pxt11RefRefLocal5printEv
                0x0000000000018398       0x20 CMakeFiles/pxt-microbit-app.dir/Users/James/Desktop/VM/microbit-pxt/pxt-microbit/libs/blocksprj/built/yt/source/core/pxt.cpp.o
                0x0000000000018398                pxt::RefRefLocal::print()
 .text._ZN3pxt15RefRecord_printEPNS_9RefRecordE
                0x00000000000183b8       0x24 CMakeFiles/pxt-microbit-app.dir/Users/James/Desktop/VM/microbit-pxt/pxt-microbit/libs/blocksprj/built/yt/source/core/pxt.cpp.o
                0x00000000000183b8                pxt::RefRecord_print(pxt::RefRecord*)
 .text._ZN3pxt6RefMap5printEv
                0x00000000000183dc       0x24 CMakeFiles/pxt-microbit-app.dir/Users/James/Desktop/VM/microbit-pxt/pxt-microbit/libs/blocksprj/built/yt/source/core/pxt.cpp.o
                0x00000000000183dc                pxt::RefMap::print()
 .text._ZN14MicroBitSerialD2Ev
                0x0000000000018400       0x18 CMakeFiles/pxt-microbit-app.dir/Users/James/Desktop/VM/microbit-pxt/pxt-microbit/libs/blocksprj/built/yt/source/core/pxt.cpp.o
                0x0000000000018400                MicroBitSerial::~MicroBitSerial()
                0x0000000000018400                MicroBitSerial::~MicroBitSerial()
 .text._ZN10EventModel6listenEiiPFv13MicroBitEventEt
                0x0000000000018418       0x60 CMakeFiles/pxt-microbit-app.dir/Users/James/Desktop/VM/microbit-pxt/pxt-microbit/libs/blocksprj/built/yt/source/core/pxt.cpp.o
                0x0000000000018418                EventModel::listen(int, int, void (*)(MicroBitEvent), unsigned short)
 .text._ZN3pxt7Segment12growthFactorEt
                0x0000000000018478       0x34 CMakeFiles/pxt-microbit-app.dir/Users/James/Desktop/VM/microbit-pxt/pxt-microbit/libs/blocksprj/built/yt/source/core/pxt.cpp.o
                0x0000000000018478                pxt::Segment::growthFactor(unsigned short)
 .text._ZN3pxt7Segment3setEmm
                0x00000000000184ac       0x34 CMakeFiles/pxt-microbit-app.dir/Users/James/Desktop/VM/microbit-pxt/pxt-microbit/libs/blocksprj/built/yt/source/core/pxt.cpp.o
                0x00000000000184ac                pxt::Segment::set(unsigned long, unsigned long)
 .text._ZN3pxt7Segment5printEv
                0x00000000000184e0       0x4c CMakeFiles/pxt-microbit-app.dir/Users/James/Desktop/VM/microbit-pxt/pxt-microbit/libs/blocksprj/built/yt/source/core/pxt.cpp.o
                0x00000000000184e0                pxt::Segment::print()
 .text._ZN3pxt13RefCollection5printEv
                0x000000000001852c       0x30 CMakeFiles/pxt-microbit-app.dir/Users/James/Desktop/VM/microbit-pxt/pxt-microbit/libs/blocksprj/built/yt/source/core/pxt.cpp.o
                0x000000000001852c                pxt::RefCollection::print()
 .text._ZN3pxt8RefLocalC2Ev
                0x000000000001855c       0x14 CMakeFiles/pxt-microbit-app.dir/Users/James/Desktop/VM/microbit-pxt/pxt-microbit/libs/blocksprj/built/yt/source/core/pxt.cpp.o
                0x000000000001855c                pxt::RefLocal::RefLocal()
                0x000000000001855c                pxt::RefLocal::RefLocal()
 .text._ZN3pxt11RefRefLocalC2Ev
                0x0000000000018570       0x14 CMakeFiles/pxt-microbit-app.dir/Users/James/Desktop/VM/microbit-pxt/pxt-microbit/libs/blocksprj/built/yt/source/core/pxt.cpp.o
                0x0000000000018570                pxt::RefRefLocal::RefRefLocal()
                0x0000000000018570                pxt::RefRefLocal::RefRefLocal()
 .text._ZN3pxt6RefMapC2Ev
                0x0000000000018584       0x18 CMakeFiles/pxt-microbit-app.dir/Users/James/Desktop/VM/microbit-pxt/pxt-microbit/libs/blocksprj/built/yt/source/core/pxt.cpp.o
                0x0000000000018584                pxt::RefMap::RefMap()
                0x0000000000018584                pxt::RefMap::RefMap()
 .text._ZN3pxt5errorENS_5ERROREi
                0x000000000001859c       0x20 CMakeFiles/pxt-microbit-app.dir/Users/James/Desktop/VM/microbit-pxt/pxt-microbit/libs/blocksprj/built/yt/source/core/pxt.cpp.o
                0x000000000001859c                pxt::error(pxt::ERROR, int)
 .text._ZN3pxt15runInBackgroundEm
                0x00000000000185bc       0x20 CMakeFiles/pxt-microbit-app.dir/Users/James/Desktop/VM/microbit-pxt/pxt-microbit/libs/blocksprj/built/yt/source/core/pxt.cpp.o
                0x00000000000185bc                pxt::runInBackground(unsigned long)
 .text._ZN3pxt8mkActionEiii
                0x00000000000185dc       0xb0 CMakeFiles/pxt-microbit-app.dir/Users/James/Desktop/VM/microbit-pxt/pxt-microbit/libs/blocksprj/built/yt/source/core/pxt.cpp.o
                0x00000000000185dc                pxt::mkAction(int, int, int)
 .text._ZN3pxt10runAction3Emiii
                0x000000000001868c       0x5c CMakeFiles/pxt-microbit-app.dir/Users/James/Desktop/VM/microbit-pxt/pxt-microbit/libs/blocksprj/built/yt/source/core/pxt.cpp.o
                0x000000000001868c                pxt::runAction3(unsigned long, int, int, int)
 .text._ZN3pxt15mkClassInstanceEi
                0x00000000000186e8       0x60 CMakeFiles/pxt-microbit-app.dir/Users/James/Desktop/VM/microbit-pxt/pxt-microbit/libs/blocksprj/built/yt/source/core/pxt.cpp.o
                0x00000000000186e8                pxt::mkClassInstance(int)
 .text._ZN3pxt13RefCollectionC2Et
                0x0000000000018748       0x48 CMakeFiles/pxt-microbit-app.dir/Users/James/Desktop/VM/microbit-pxt/pxt-microbit/libs/blocksprj/built/yt/source/core/pxt.cpp.o
                0x0000000000018748                pxt::RefCollection::RefCollection(unsigned short)
                0x0000000000018748                pxt::RefCollection::RefCollection(unsigned short)
 .text._ZN3pxt8checkStrEbPKc
                0x0000000000018790       0x34 CMakeFiles/pxt-microbit-app.dir/Users/James/Desktop/VM/microbit-pxt/pxt-microbit/libs/blocksprj/built/yt/source/core/pxt.cpp.o
                0x0000000000018790                pxt::checkStr(bool, char const*)
 .text._ZN3pxt12templateHashEv
                0x00000000000187c4        0xc CMakeFiles/pxt-microbit-app.dir/Users/James/Desktop/VM/microbit-pxt/pxt-microbit/libs/blocksprj/built/yt/source/core/pxt.cpp.o
                0x00000000000187c4                pxt::templateHash()
 .text._ZN3pxt11programHashEv
                0x00000000000187d0        0xc CMakeFiles/pxt-microbit-app.dir/Users/James/Desktop/VM/microbit-pxt/pxt-microbit/libs/blocksprj/built/yt/source/core/pxt.cpp.o
                0x00000000000187d0                pxt::programHash()
 .text._ZN3pxt13getNumGlobalsEv
                0x00000000000187dc        0xc CMakeFiles/pxt-microbit-app.dir/Users/James/Desktop/VM/microbit-pxt/pxt-microbit/libs/blocksprj/built/yt/source/core/pxt.cpp.o
                0x00000000000187dc                pxt::getNumGlobals()
 .text._ZN3pxt11exec_binaryEPl
                0x00000000000187e8       0x6c CMakeFiles/pxt-microbit-app.dir/Users/James/Desktop/VM/microbit-pxt/pxt-microbit/libs/blocksprj/built/yt/source/core/pxt.cpp.o
                0x00000000000187e8                pxt::exec_binary(long*)
 .text._ZN3pxt5startEv
                0x0000000000018854       0x10 CMakeFiles/pxt-microbit-app.dir/Users/James/Desktop/VM/microbit-pxt/pxt-microbit/libs/blocksprj/built/yt/source/core/pxt.cpp.o
                0x0000000000018854                pxt::start()
 .text._ZNSt3mapISt4pairIiiEmSt4lessIS1_ESaIS0_IKS1_mEEEixEOS1_
                0x0000000000018864       0x64 CMakeFiles/pxt-microbit-app.dir/Users/James/Desktop/VM/microbit-pxt/pxt-microbit/libs/blocksprj/built/yt/source/core/pxt.cpp.o
                0x0000000000018864                std::map<std::pair<int, int>, unsigned long, std::less<std::pair<int, int> >, std::allocator<std::pair<std::pair<int, int> const, unsigned long> > >::operator[](std::pair<int, int>&&)
 .text._ZN3pxt13dispatchEventE13MicroBitEvent
                0x00000000000188c8       0x5c CMakeFiles/pxt-microbit-app.dir/Users/James/Desktop/VM/microbit-pxt/pxt-microbit/libs/blocksprj/built/yt/source/core/pxt.cpp.o
                0x00000000000188c8                pxt::dispatchEvent(MicroBitEvent)
 .text._ZN3pxt15registerWithDalEiim
                0x0000000000018924       0x5c CMakeFiles/pxt-microbit-app.dir/Users/James/Desktop/VM/microbit-pxt/pxt-microbit/libs/blocksprj/built/yt/source/core/pxt.cpp.o
                0x0000000000018924                pxt::registerWithDal(int, int, unsigned long)
 .text._ZN3pxt24registerWithDalImmediateEiim
                0x0000000000018980       0x5c CMakeFiles/pxt-microbit-app.dir/Users/James/Desktop/VM/microbit-pxt/pxt-microbit/libs/blocksprj/built/yt/source/core/pxt.cpp.o
                0x0000000000018980                pxt::registerWithDalImmediate(int, int, unsigned long)
 .text.startup._GLOBAL__sub_I_uBit
                0x00000000000189dc       0x58 CMakeFiles/pxt-microbit-app.dir/Users/James/Desktop/VM/microbit-pxt/pxt-microbit/libs/blocksprj/built/yt/source/core/pxt.cpp.o
 .text._ZN8MicroBitD2Ev
                0x0000000000018a34       0x6c CMakeFiles/pxt-microbit-app.dir/Users/James/Desktop/VM/microbit-pxt/pxt-microbit/libs/blocksprj/built/yt/source/core/pxt.cpp.o
                0x0000000000018a34                MicroBit::~MicroBit()
                0x0000000000018a34                MicroBit::~MicroBit()
 .text._ZN5basic10showNumberEii
                0x0000000000018aa0       0x54 CMakeFiles/pxt-microbit-app.dir/Users/James/Desktop/VM/microbit-pxt/pxt-microbit/libs/blocksprj/built/yt/source/core/basic.cpp.o
                0x0000000000018aa0                basic::showNumber(int, int)
 .text._ZN5basic8showLedsEmi
                0x0000000000018af4       0x34 CMakeFiles/pxt-microbit-app.dir/Users/James/Desktop/VM/microbit-pxt/pxt-microbit/libs/blocksprj/built/yt/source/core/basic.cpp.o
                0x0000000000018af4                basic::showLeds(unsigned long, int)
 .text._ZN5basic10showStringEP10StringDatai
                0x0000000000018b28       0x74 CMakeFiles/pxt-microbit-app.dir/Users/James/Desktop/VM/microbit-pxt/pxt-microbit/libs/blocksprj/built/yt/source/core/basic.cpp.o
                0x0000000000018b28                basic::showString(StringData*, int)
 .text._ZN5basic11clearScreenEv
                0x0000000000018b9c       0x10 CMakeFiles/pxt-microbit-app.dir/Users/James/Desktop/VM/microbit-pxt/pxt-microbit/libs/blocksprj/built/yt/source/core/basic.cpp.o
                0x0000000000018b9c                basic::clearScreen()
 .text._ZN5basic13showAnimationEmi
                0x0000000000018bac       0x34 CMakeFiles/pxt-microbit-app.dir/Users/James/Desktop/VM/microbit-pxt/pxt-microbit/libs/blocksprj/built/yt/source/core/basic.cpp.o
                0x0000000000018bac                basic::showAnimation(unsigned long, int)
 .text._ZN5basic8plotLedsEm
                0x0000000000018be0       0x40 CMakeFiles/pxt-microbit-app.dir/Users/James/Desktop/VM/microbit-pxt/pxt-microbit/libs/blocksprj/built/yt/source/core/basic.cpp.o
                0x0000000000018be0                basic::plotLeds(unsigned long)
 .text._ZN5basic7foreverEm
                0x0000000000018c20       0x20 CMakeFiles/pxt-microbit-app.dir/Users/James/Desktop/VM/microbit-pxt/pxt-microbit/libs/blocksprj/built/yt/source/core/basic.cpp.o
                0x0000000000018c20                basic::forever(unsigned long)
 .text.startup.main
                0x0000000000018c40       0x1c CMakeFiles/pxt-microbit-app.dir/Users/James/Desktop/VM/microbit-pxt/pxt-microbit/libs/blocksprj/built/yt/source/main.cpp.o
                0x0000000000018c40                main
 .text._ZN7String_7mkEmptyEv
                0x0000000000018c5c       0x10 CMakeFiles/pxt-microbit-app.dir/Users/James/Desktop/VM/microbit-pxt/pxt-microbit/libs/blocksprj/built/yt/source/core/core.cpp.o
                0x0000000000018c5c                String_::mkEmpty()
 .text._ZN8Boolean_8toStringEb
                0x0000000000018c6c       0x14 CMakeFiles/pxt-microbit-app.dir/Users/James/Desktop/VM/microbit-pxt/pxt-microbit/libs/blocksprj/built/yt/source/core/core.cpp.o
                0x0000000000018c6c                Boolean_::toString(bool)
 .text._ZN5Math_6randomEi
                0x0000000000018c80       0x30 CMakeFiles/pxt-microbit-app.dir/Users/James/Desktop/VM/microbit-pxt/pxt-microbit/libs/blocksprj/built/yt/source/core/core.cpp.o
                0x0000000000018c80                Math_::random(int)
 .text._ZN3pxt11programSizeEv
                0x0000000000018cb0       0x10 CMakeFiles/pxt-microbit-app.dir/Users/James/Desktop/VM/microbit-pxt/pxt-microbit/libs/blocksprj/built/yt/source/core/core.cpp.o
                0x0000000000018cb0                pxt::programSize()
 .text._ZN3pxt16afterProgramPageEv
                0x0000000000018cc0       0x20 CMakeFiles/pxt-microbit-app.dir/Users/James/Desktop/VM/microbit-pxt/pxt-microbit/libs/blocksprj/built/yt/source/core/core.cpp.o
                0x0000000000018cc0                pxt::afterProgramPage()
 .text._ZN5pxtrt13getGlobalsPtrEv
                0x0000000000018ce0        0xc CMakeFiles/pxt-microbit-app.dir/Users/James/Desktop/VM/microbit-pxt/pxt-microbit/libs/blocksprj/built/yt/source/core/core.cpp.o
                0x0000000000018ce0                pxtrt::getGlobalsPtr()
 .text._ZNSt6vectorIN3pxt8MapEntryESaIS1_EE19_M_emplace_back_auxIJS1_EEEvDpOT_
                0x0000000000018cec       0x78 CMakeFiles/pxt-microbit-app.dir/Users/James/Desktop/VM/microbit-pxt/pxt-microbit/libs/blocksprj/built/yt/source/core/core.cpp.o
                0x0000000000018cec                void std::vector<pxt::MapEntry, std::allocator<pxt::MapEntry> >::_M_emplace_back_aux<pxt::MapEntry>(pxt::MapEntry&&)
                0x0000000000018cec                void std::vector<pxt::MapEntry, std::allocator<pxt::MapEntry> >::_M_emplace_back_aux<pxt::MapEntry>(pxt::MapEntry&&)
 .text._ZN5input9onGestureE7Gesturem
                0x0000000000018d64       0x4c CMakeFiles/pxt-microbit-app.dir/Users/James/Desktop/VM/microbit-pxt/pxt-microbit/libs/blocksprj/built/yt/source/core/input.cpp.o
                0x0000000000018d64                input::onGesture(Gesture, unsigned long)
 .text._ZN5input15buttonIsPressedE6Button
                0x0000000000018db0       0x38 CMakeFiles/pxt-microbit-app.dir/Users/James/Desktop/VM/microbit-pxt/pxt-microbit/libs/blocksprj/built/yt/source/core/input.cpp.o
                0x0000000000018db0                input::buttonIsPressed(Button)
 .text._ZN5input23getAccelerationStrengthEv
                0x0000000000018de8       0x84 CMakeFiles/pxt-microbit-app.dir/Users/James/Desktop/VM/microbit-pxt/pxt-microbit/libs/blocksprj/built/yt/source/core/input.cpp.o
                0x0000000000018de8                input::getAccelerationStrength()
 .text._ZN5input12accelerationE9Dimension
                0x0000000000018e6c       0x3c CMakeFiles/pxt-microbit-app.dir/Users/James/Desktop/VM/microbit-pxt/pxt-microbit/libs/blocksprj/built/yt/source/core/input.cpp.o
                0x0000000000018e6c                input::acceleration(Dimension)
 .text._ZN5input10lightLevelEv
                0x0000000000018ea8       0x10 CMakeFiles/pxt-microbit-app.dir/Users/James/Desktop/VM/microbit-pxt/pxt-microbit/libs/blocksprj/built/yt/source/core/input.cpp.o
                0x0000000000018ea8                input::lightLevel()
 .text._ZN5input14compassHeadingEv
                0x0000000000018eb8       0x10 CMakeFiles/pxt-microbit-app.dir/Users/James/Desktop/VM/microbit-pxt/pxt-microbit/libs/blocksprj/built/yt/source/core/input.cpp.o
                0x0000000000018eb8                input::compassHeading()
 .text._ZN5input11temperatureEv
                0x0000000000018ec8       0x10 CMakeFiles/pxt-microbit-app.dir/Users/James/Desktop/VM/microbit-pxt/pxt-microbit/libs/blocksprj/built/yt/source/core/input.cpp.o
                0x0000000000018ec8                input::temperature()
 .text._ZN5input8rotationE8Rotation
                0x0000000000018ed8       0x24 CMakeFiles/pxt-microbit-app.dir/Users/James/Desktop/VM/microbit-pxt/pxt-microbit/libs/blocksprj/built/yt/source/core/input.cpp.o
                0x0000000000018ed8                input::rotation(Rotation)
 .text._ZN5input13magneticForceE9Dimension
                0x0000000000018efc       0x58 CMakeFiles/pxt-microbit-app.dir/Users/James/Desktop/VM/microbit-pxt/pxt-microbit/libs/blocksprj/built/yt/source/core/input.cpp.o
                0x0000000000018efc                input::magneticForce(Dimension)
 .text._ZN5input16calibrateCompassEv
                0x0000000000018f54       0x10 CMakeFiles/pxt-microbit-app.dir/Users/James/Desktop/VM/microbit-pxt/pxt-microbit/libs/blocksprj/built/yt/source/core/input.cpp.o
                0x0000000000018f54                input::calibrateCompass()
 .text._ZN5input21setAccelerometerRangeE16AcceleratorRange
                0x0000000000018f64       0x10 CMakeFiles/pxt-microbit-app.dir/Users/James/Desktop/VM/microbit-pxt/pxt-microbit/libs/blocksprj/built/yt/source/core/input.cpp.o
                0x0000000000018f64                input::setAccelerometerRange(AcceleratorRange)
 .text._ZN3led4plotEii
                0x0000000000018f74       0x14 CMakeFiles/pxt-microbit-app.dir/Users/James/Desktop/VM/microbit-pxt/pxt-microbit/libs/blocksprj/built/yt/source/core/led.cpp.o
                0x0000000000018f74                led::plot(int, int)
 .text._ZN3led14plotBrightnessEiii
                0x0000000000018f88       0x48 CMakeFiles/pxt-microbit-app.dir/Users/James/Desktop/VM/microbit-pxt/pxt-microbit/libs/blocksprj/built/yt/source/core/led.cpp.o
                0x0000000000018f88                led::plotBrightness(int, int, int)
 .text._ZN3led6unplotEii
                0x0000000000018fd0       0x14 CMakeFiles/pxt-microbit-app.dir/Users/James/Desktop/VM/microbit-pxt/pxt-microbit/libs/blocksprj/built/yt/source/core/led.cpp.o
                0x0000000000018fd0                led::unplot(int, int)
 .text._ZN3led5pointEii
                0x0000000000018fe4       0x18 CMakeFiles/pxt-microbit-app.dir/Users/James/Desktop/VM/microbit-pxt/pxt-microbit/libs/blocksprj/built/yt/source/core/led.cpp.o
                0x0000000000018fe4                led::point(int, int)
 .text._ZN3led10brightnessEv
                0x0000000000018ffc       0x10 CMakeFiles/pxt-microbit-app.dir/Users/James/Desktop/VM/microbit-pxt/pxt-microbit/libs/blocksprj/built/yt/source/core/led.cpp.o
                0x0000000000018ffc                led::brightness()
 .text._ZN3led13setBrightnessEi
                0x000000000001900c       0x10 CMakeFiles/pxt-microbit-app.dir/Users/James/Desktop/VM/microbit-pxt/pxt-microbit/libs/blocksprj/built/yt/source/core/led.cpp.o
                0x000000000001900c                led::setBrightness(int)
 .text._ZN3led13stopAnimationEv
                0x000000000001901c       0x10 CMakeFiles/pxt-microbit-app.dir/Users/James/Desktop/VM/microbit-pxt/pxt-microbit/libs/blocksprj/built/yt/source/core/led.cpp.o
                0x000000000001901c                led::stopAnimation()
 .text._ZN3led14setDisplayModeE12DisplayMode_
                0x000000000001902c       0x10 CMakeFiles/pxt-microbit-app.dir/Users/James/Desktop/VM/microbit-pxt/pxt-microbit/libs/blocksprj/built/yt/source/core/led.cpp.o
                0x000000000001902c                led::setDisplayMode(DisplayMode_)
 .text._ZN3led11displayModeEv
                0x000000000001903c       0x10 CMakeFiles/pxt-microbit-app.dir/Users/James/Desktop/VM/microbit-pxt/pxt-microbit/libs/blocksprj/built/yt/source/core/led.cpp.o
                0x000000000001903c                led::displayMode()
 .text._ZN3led6enableEb
                0x000000000001904c       0x1c CMakeFiles/pxt-microbit-app.dir/Users/James/Desktop/VM/microbit-pxt/pxt-microbit/libs/blocksprj/built/yt/source/core/led.cpp.o
                0x000000000001904c                led::enable(bool)
 .text._ZN3led10screenshotEv
                0x0000000000019068       0x20 CMakeFiles/pxt-microbit-app.dir/Users/James/Desktop/VM/microbit-pxt/pxt-microbit/libs/blocksprj/built/yt/source/core/led.cpp.o
                0x0000000000019068                led::screenshot()
 .text._ZN7control10eventValueEv
                0x0000000000019088        0xc CMakeFiles/pxt-microbit-app.dir/Users/James/Desktop/VM/microbit-pxt/pxt-microbit/libs/blocksprj/built/yt/source/core/control.cpp.o
                0x0000000000019088                control::eventValue()
 .text._ZN7control14eventTimestampEv
                0x0000000000019094        0xc CMakeFiles/pxt-microbit-app.dir/Users/James/Desktop/VM/microbit-pxt/pxt-microbit/libs/blocksprj/built/yt/source/core/control.cpp.o
                0x0000000000019094                control::eventTimestamp()
 .text._Z6getPini
                0x00000000000190a0       0x14 CMakeFiles/pxt-microbit-app.dir/Users/James/Desktop/VM/microbit-pxt/pxt-microbit/libs/blocksprj/built/yt/source/core/pins.cpp.o
                0x00000000000190a0                getPin(int)
 .text._ZN4pins13pulseDurationEv
                0x00000000000190b4        0xc CMakeFiles/pxt-microbit-app.dir/Users/James/Desktop/VM/microbit-pxt/pxt-microbit/libs/blocksprj/built/yt/source/core/pins.cpp.o
                0x00000000000190b4                pins::pulseDuration()
 .text._ZN4pins13servoWritePinE9AnalogPini
                0x00000000000190c0       0x20 CMakeFiles/pxt-microbit-app.dir/Users/James/Desktop/VM/microbit-pxt/pxt-microbit/libs/blocksprj/built/yt/source/core/pins.cpp.o
                0x00000000000190c0                pins::servoWritePin(AnalogPin, int)
 .text._ZN4pins17analogSetPitchPinE9AnalogPin
                0x00000000000190e0       0x10 CMakeFiles/pxt-microbit-app.dir/Users/James/Desktop/VM/microbit-pxt/pxt-microbit/libs/blocksprj/built/yt/source/core/pins.cpp.o
                0x00000000000190e0                pins::analogSetPitchPin(AnalogPin)
 .text._ZN4pins11analogPitchEii
                0x00000000000190f0       0x60 CMakeFiles/pxt-microbit-app.dir/Users/James/Desktop/VM/microbit-pxt/pxt-microbit/libs/blocksprj/built/yt/source/core/pins.cpp.o
                0x00000000000190f0                pins::analogPitch(int, int)
 .text._ZN4pins13i2cReadBufferEiib
                0x0000000000019150       0x28 CMakeFiles/pxt-microbit-app.dir/Users/James/Desktop/VM/microbit-pxt/pxt-microbit/libs/blocksprj/built/yt/source/core/pins.cpp.o
                0x0000000000019150                pins::i2cReadBuffer(int, int, bool)
 .text._ZN4pins14i2cWriteBufferEiP10BufferDatab
                0x0000000000019178       0x18 CMakeFiles/pxt-microbit-app.dir/Users/James/Desktop/VM/microbit-pxt/pxt-microbit/libs/blocksprj/built/yt/source/core/pins.cpp.o
                0x0000000000019178                pins::i2cWriteBuffer(int, BufferData*, bool)
 .text._ZN4pins8allocSPIEv
                0x0000000000019190       0x2c CMakeFiles/pxt-microbit-app.dir/Users/James/Desktop/VM/microbit-pxt/pxt-microbit/libs/blocksprj/built/yt/source/core/pins.cpp.o
                0x0000000000019190                pins::allocSPI()
 .text._ZN4pins7spiPinsE10DigitalPinS0_S0_
                0x00000000000191bc       0x60 CMakeFiles/pxt-microbit-app.dir/Users/James/Desktop/VM/microbit-pxt/pxt-microbit/libs/blocksprj/built/yt/source/core/pins.cpp.o
                0x00000000000191bc                pins::spiPins(DigitalPin, DigitalPin, DigitalPin)
 .text._ZN5radio11radioEnableEv
                0x000000000001921c       0x3c CMakeFiles/pxt-microbit-app.dir/Users/James/Desktop/VM/microbit-pxt/pxt-microbit/libs/blocksprj/built/yt/source/radio/radio.cpp.o
                0x000000000001921c                radio::radioEnable()
 .text._ZN5radio15setPacketPrefixEPhi
                0x0000000000019258       0x38 CMakeFiles/pxt-microbit-app.dir/Users/James/Desktop/VM/microbit-pxt/pxt-microbit/libs/blocksprj/built/yt/source/radio/radio.cpp.o
                0x0000000000019258                radio::setPacketPrefix(unsigned char*, int)
 .text._ZN5radio17writePacketAsJSONEhiiiP10StringData
                0x0000000000019290      0x144 CMakeFiles/pxt-microbit-app.dir/Users/James/Desktop/VM/microbit-pxt/pxt-microbit/libs/blocksprj/built/yt/source/radio/radio.cpp.o
                0x0000000000019290                radio::writePacketAsJSON(unsigned char, int, int, int, StringData*)
 .text._ZN5radio13receivePacketEb
                0x00000000000193d4       0xc8 CMakeFiles/pxt-microbit-app.dir/Users/James/Desktop/VM/microbit-pxt/pxt-microbit/libs/blocksprj/built/yt/source/radio/radio.cpp.o
                0x00000000000193d4                radio::receivePacket(bool)
 .text._ZN5radio10sendNumberEi
                0x000000000001949c       0x40 CMakeFiles/pxt-microbit-app.dir/Users/James/Desktop/VM/microbit-pxt/pxt-microbit/libs/blocksprj/built/yt/source/radio/radio.cpp.o
                0x000000000001949c                radio::sendNumber(int)
 .text._ZN5radio9sendValueEP10StringDatai
                0x00000000000194dc       0x5c CMakeFiles/pxt-microbit-app.dir/Users/James/Desktop/VM/microbit-pxt/pxt-microbit/libs/blocksprj/built/yt/source/radio/radio.cpp.o
                0x00000000000194dc                radio::sendValue(StringData*, int)
 .text._ZN5radio10sendStringEP10StringData
                0x0000000000019538       0x40 CMakeFiles/pxt-microbit-app.dir/Users/James/Desktop/VM/microbit-pxt/pxt-microbit/libs/blocksprj/built/yt/source/radio/radio.cpp.o
                0x0000000000019538                radio::sendString(StringData*)
 .text._ZN5radio27writeReceivedPacketToSerialEv
                0x0000000000019578       0x3c CMakeFiles/pxt-microbit-app.dir/Users/James/Desktop/VM/microbit-pxt/pxt-microbit/libs/blocksprj/built/yt/source/radio/radio.cpp.o
                0x0000000000019578                radio::writeReceivedPacketToSerial()
 .text._ZN5radio13receiveNumberEv
                0x00000000000195b4       0x1c CMakeFiles/pxt-microbit-app.dir/Users/James/Desktop/VM/microbit-pxt/pxt-microbit/libs/blocksprj/built/yt/source/radio/radio.cpp.o
                0x00000000000195b4                radio::receiveNumber()
 .text._ZN5radio13receiveStringEv
                0x00000000000195d0       0x30 CMakeFiles/pxt-microbit-app.dir/Users/James/Desktop/VM/microbit-pxt/pxt-microbit/libs/blocksprj/built/yt/source/radio/radio.cpp.o
                0x00000000000195d0                radio::receiveString()
 .text._ZN5radio22receivedSignalStrengthEv
                0x0000000000019600       0x1c CMakeFiles/pxt-microbit-app.dir/Users/James/Desktop/VM/microbit-pxt/pxt-microbit/libs/blocksprj/built/yt/source/radio/radio.cpp.o
                0x0000000000019600                radio::receivedSignalStrength()
 .text._ZN5radio8setGroupEi
                0x000000000001961c       0x1c CMakeFiles/pxt-microbit-app.dir/Users/James/Desktop/VM/microbit-pxt/pxt-microbit/libs/blocksprj/built/yt/source/radio/radio.cpp.o
                0x000000000001961c                radio::setGroup(int)
 .text._ZN5radio16setTransmitPowerEi
                0x0000000000019638       0x1c CMakeFiles/pxt-microbit-app.dir/Users/James/Desktop/VM/microbit-pxt/pxt-microbit/libs/blocksprj/built/yt/source/radio/radio.cpp.o
                0x0000000000019638                radio::setTransmitPower(int)
 .text._ZN5radio23setTransmitSerialNumberEb
                0x0000000000019654       0x18 CMakeFiles/pxt-microbit-app.dir/Users/James/Desktop/VM/microbit-pxt/pxt-microbit/libs/blocksprj/built/yt/source/radio/radio.cpp.o
                0x0000000000019654                radio::setTransmitSerialNumber(bool)
 .text._ZN5radio14receivedNumberEv
                0x000000000001966c       0x18 CMakeFiles/pxt-microbit-app.dir/Users/James/Desktop/VM/microbit-pxt/pxt-microbit/libs/blocksprj/built/yt/source/radio/radio.cpp.o
                0x000000000001966c                radio::receivedNumber()
 .text._ZN5radio14receivedSerialEv
                0x0000000000019684       0x18 CMakeFiles/pxt-microbit-app.dir/Users/James/Desktop/VM/microbit-pxt/pxt-microbit/libs/blocksprj/built/yt/source/radio/radio.cpp.o
                0x0000000000019684                radio::receivedSerial()
 .text._ZN5radio14receivedStringEv
                0x000000000001969c       0x2c CMakeFiles/pxt-microbit-app.dir/Users/James/Desktop/VM/microbit-pxt/pxt-microbit/libs/blocksprj/built/yt/source/radio/radio.cpp.o
                0x000000000001969c                radio::receivedString()
 .text._ZN5radio12receivedTimeEv
                0x00000000000196c8       0x18 CMakeFiles/pxt-microbit-app.dir/Users/James/Desktop/VM/microbit-pxt/pxt-microbit/libs/blocksprj/built/yt/source/radio/radio.cpp.o
                0x00000000000196c8                radio::receivedTime()
 .text.startup._GLOBAL__sub_I__ZN5radio12radioEnabledE
                0x00000000000196e0       0x24 CMakeFiles/pxt-microbit-app.dir/Users/James/Desktop/VM/microbit-pxt/pxt-microbit/libs/blocksprj/built/yt/source/radio/radio.cpp.o
 .text._ZN6serial9readUntilEP10StringData
                0x0000000000019704       0x34 CMakeFiles/pxt-microbit-app.dir/Users/James/Desktop/VM/microbit-pxt/pxt-microbit/libs/blocksprj/built/yt/source/core/serial.cpp.o
                0x0000000000019704                serial::readUntil(StringData*)
 .text._ZN6serial10readStringEv
                0x0000000000019738       0x3c CMakeFiles/pxt-microbit-app.dir/Users/James/Desktop/VM/microbit-pxt/pxt-microbit/libs/blocksprj/built/yt/source/core/serial.cpp.o
                0x0000000000019738                serial::readString()
 .text._ZN6serial14onDataReceivedEP10StringDatam
                0x0000000000019774       0x38 CMakeFiles/pxt-microbit-app.dir/Users/James/Desktop/VM/microbit-pxt/pxt-microbit/libs/blocksprj/built/yt/source/core/serial.cpp.o
                0x0000000000019774                serial::onDataReceived(StringData*, unsigned long)
 .text._ZN6serial11writeStringEP10StringData
                0x00000000000197ac       0x24 CMakeFiles/pxt-microbit-app.dir/Users/James/Desktop/VM/microbit-pxt/pxt-microbit/libs/blocksprj/built/yt/source/core/serial.cpp.o
                0x00000000000197ac                serial::writeString(StringData*)
 .text._ZN6serial11writeBufferEP10BufferData
                0x00000000000197d0       0x28 CMakeFiles/pxt-microbit-app.dir/Users/James/Desktop/VM/microbit-pxt/pxt-microbit/libs/blocksprj/built/yt/source/core/serial.cpp.o
                0x00000000000197d0                serial::writeBuffer(BufferData*)
 .text._ZN6serial10readBufferEi
                0x00000000000197f8       0x58 CMakeFiles/pxt-microbit-app.dir/Users/James/Desktop/VM/microbit-pxt/pxt-microbit/libs/blocksprj/built/yt/source/core/serial.cpp.o
                0x00000000000197f8                serial::readBuffer(int)
 .text._ZN6serial8redirectE9SerialPinS0_8BaudRate
                0x0000000000019850       0x3c CMakeFiles/pxt-microbit-app.dir/Users/James/Desktop/VM/microbit-pxt/pxt-microbit/libs/blocksprj/built/yt/source/core/serial.cpp.o
                0x0000000000019850                serial::redirect(SerialPin, SerialPin, BaudRate)
 .text._ZN6images11createImageEm
                0x000000000001988c       0x34 CMakeFiles/pxt-microbit-app.dir/Users/James/Desktop/VM/microbit-pxt/pxt-microbit/libs/blocksprj/built/yt/source/core/images.cpp.o
                0x000000000001988c                images::createImage(unsigned long)
 .text._ZN12ImageMethods9plotImageEP9ImageDatai
                0x00000000000198c0       0x28 CMakeFiles/pxt-microbit-app.dir/Users/James/Desktop/VM/microbit-pxt/pxt-microbit/libs/blocksprj/built/yt/source/core/images.cpp.o
                0x00000000000198c0                ImageMethods::plotImage(ImageData*, int)
 .text._ZN12ImageMethods9showImageEP9ImageDataii
                0x00000000000198e8       0x30 CMakeFiles/pxt-microbit-app.dir/Users/James/Desktop/VM/microbit-pxt/pxt-microbit/libs/blocksprj/built/yt/source/core/images.cpp.o
                0x00000000000198e8                ImageMethods::showImage(ImageData*, int, int)
 .text._ZN12ImageMethods11scrollImageEP9ImageDataii
                0x0000000000019918       0x40 CMakeFiles/pxt-microbit-app.dir/Users/James/Desktop/VM/microbit-pxt/pxt-microbit/libs/blocksprj/built/yt/source/core/images.cpp.o
                0x0000000000019918                ImageMethods::scrollImage(ImageData*, int, int)
 .text._ZN8MicroBitC2Ev
                0x0000000000019958      0x180 ../ym/microbit/source/microbit.a(MicroBit.cpp.o)
                0x0000000000019958                MicroBit::MicroBit()
                0x0000000000019958                MicroBit::MicroBit()
 .text._ZN8MicroBit4initEv
                0x0000000000019ad8      0x17c ../ym/microbit/source/microbit.a(MicroBit.cpp.o)
                0x0000000000019ad8                MicroBit::init()
 .text.NVIC_SystemReset
                0x0000000000019c54       0x18 ../ym/microbit-dal/source/microbit-dal.a(MicroBitDevice.cpp.o)
 .text._Z22microbit_friendly_namev
                0x0000000000019c6c       0x68 ../ym/microbit-dal/source/microbit-dal.a(MicroBitDevice.cpp.o)
                0x0000000000019c6c                microbit_friendly_name()
 .text._Z22microbit_panic_timeouti
                0x0000000000019cd4        0xc ../ym/microbit-dal/source/microbit-dal.a(MicroBitDevice.cpp.o)
                0x0000000000019cd4                microbit_panic_timeout(int)
 .text._Z14microbit_panici
                0x0000000000019ce0      0x168 ../ym/microbit-dal/source/microbit-dal.a(MicroBitDevice.cpp.o)
                0x0000000000019ce0                microbit_panic(int)
 .text._Z15microbit_randomi
                0x0000000000019e48       0x54 ../ym/microbit-dal/source/microbit-dal.a(MicroBitDevice.cpp.o)
                0x0000000000019e48                microbit_random(int)
 .text._Z20microbit_seed_randomv
                0x0000000000019e9c       0x68 ../ym/microbit-dal/source/microbit-dal.a(MicroBitDevice.cpp.o)
                0x0000000000019e9c                microbit_seed_random()
 .text._Z14scheduler_tickv
                0x0000000000019f04       0x38 ../ym/microbit-dal/source/microbit-dal.a(MicroBitFiber.cpp.o)
                0x0000000000019f04                scheduler_tick()
 .text._Z15scheduler_event13MicroBitEvent
                0x0000000000019f3c       0xd0 ../ym/microbit-dal/source/microbit-dal.a(MicroBitFiber.cpp.o)
                0x0000000000019f3c                scheduler_event(MicroBitEvent)
 .text._Z15getFiberContextv
                0x000000000001a00c       0x3c ../ym/microbit-dal/source/microbit-dal.a(MicroBitFiber.cpp.o)
                0x000000000001a00c                getFiberContext()
 .text._Z23fiber_scheduler_runningv
                0x000000000001a048       0x10 ../ym/microbit-dal/source/microbit-dal.a(MicroBitFiber.cpp.o)
                0x000000000001a048                fiber_scheduler_running()
 .text._Z14scheduler_initR10EventModel
                0x000000000001a058       0xa8 ../ym/microbit-dal/source/microbit-dal.a(MicroBitFiber.cpp.o)
                0x000000000001a058                scheduler_init(EventModel&)
 .text._Z14__create_fibermmmi
                0x000000000001a100       0x50 ../ym/microbit-dal/source/microbit-dal.a(MicroBitFiber.cpp.o)
                0x000000000001a100                __create_fiber(unsigned long, unsigned long, unsigned long, int)
 .text._Z24scheduler_runqueue_emptyv
                0x000000000001a150       0x10 ../ym/microbit-dal/source/microbit-dal.a(MicroBitFiber.cpp.o)
                0x000000000001a150                scheduler_runqueue_empty()
 .text._Z24fiber_add_idle_componentP17MicroBitComponent
                0x000000000001a160       0x1c ../ym/microbit-dal/source/microbit-dal.a(MicroBitFiber.cpp.o)
                0x000000000001a160                fiber_add_idle_component(MicroBitComponent*)
 .text._Z27fiber_remove_idle_componentP17MicroBitComponent
                0x000000000001a17c       0x1c ../ym/microbit-dal/source/microbit-dal.a(MicroBitFiber.cpp.o)
                0x000000000001a17c                fiber_remove_idle_component(MicroBitComponent*)
 .text._Z4idlev
                0x000000000001a198       0x2c ../ym/microbit-dal/source/microbit-dal.a(MicroBitFiber.cpp.o)
                0x000000000001a198                idle()
 .text._Z8schedulev
                0x000000000001a1c4       0xd0 ../ym/microbit-dal/source/microbit-dal.a(MicroBitFiber.cpp.o)
                0x000000000001a1c4                schedule()
 .text._Z11fiber_sleepm
                0x000000000001a294       0x54 ../ym/microbit-dal/source/microbit-dal.a(MicroBitFiber.cpp.o)
                0x000000000001a294                fiber_sleep(unsigned long)
 .text._Z19fiber_wake_on_eventtt
                0x000000000001a2e8       0x9c ../ym/microbit-dal/source/microbit-dal.a(MicroBitFiber.cpp.o)
                0x000000000001a2e8                fiber_wake_on_event(unsigned short, unsigned short)
 .text._Z13release_fiberv
                0x000000000001a384       0x28 ../ym/microbit-dal/source/microbit-dal.a(MicroBitFiber.cpp.o)
                0x000000000001a384                release_fiber()
 .text._Z6invokePFvPvES_
                0x000000000001a3ac       0x80 ../ym/microbit-dal/source/microbit-dal.a(MicroBitFiber.cpp.o)
                0x000000000001a3ac                invoke(void (*)(void*), void*)
 .text._ZN12MicroBitFont13getSystemFontEv
                0x000000000001a42c       0x10 ../ym/microbit-dal/source/microbit-dal.a(MicroBitFont.cpp.o)
                0x000000000001a42c                MicroBitFont::getSystemFont()
 .text.startup._GLOBAL__sub_I__ZN12MicroBitFont11defaultFontE
                0x000000000001a43c       0x18 ../ym/microbit-dal/source/microbit-dal.a(MicroBitFont.cpp.o)
 .text._Z20microbit_create_heapmm
                0x000000000001a454       0x58 ../ym/microbit-dal/source/microbit-dal.a(MicroBitHeapAllocator.cpp.o)
                0x000000000001a454                microbit_create_heap(unsigned long, unsigned long)
 .text._Z27microbit_create_nested_heapf
                0x000000000001a4ac       0x70 ../ym/microbit-dal/source/microbit-dal.a(MicroBitHeapAllocator.cpp.o)
                0x000000000001a4ac                microbit_create_nested_heap(float)
 .text._Z15microbit_mallocj
                0x000000000001a51c       0x44 ../ym/microbit-dal/source/microbit-dal.a(MicroBitHeapAllocator.cpp.o)
                0x000000000001a51c                microbit_malloc(unsigned int)
 .text._Z13microbit_freePv
                0x000000000001a560       0x44 ../ym/microbit-dal/source/microbit-dal.a(MicroBitHeapAllocator.cpp.o)
                0x000000000001a560                microbit_free(void*)
 .text._Z23system_timer_set_periodi
                0x000000000001a5a4       0x48 ../ym/microbit-dal/source/microbit-dal.a(MicroBitSystemTimer.cpp.o)
                0x000000000001a5a4                system_timer_set_period(int)
 .text._Z17system_timer_initi
                0x000000000001a5ec       0x54 ../ym/microbit-dal/source/microbit-dal.a(MicroBitSystemTimer.cpp.o)
                0x000000000001a5ec                system_timer_init(int)
 .text._Z23system_timer_get_periodv
                0x000000000001a640        0xc ../ym/microbit-dal/source/microbit-dal.a(MicroBitSystemTimer.cpp.o)
                0x000000000001a640                system_timer_get_period()
 .text._Z11update_timev
                0x000000000001a64c       0x44 ../ym/microbit-dal/source/microbit-dal.a(MicroBitSystemTimer.cpp.o)
                0x000000000001a64c                update_time()
 .text._Z17system_timer_tickv
                0x000000000001a690       0x24 ../ym/microbit-dal/source/microbit-dal.a(MicroBitSystemTimer.cpp.o)
                0x000000000001a690                system_timer_tick()
 .text._Z25system_timer_current_timev
                0x000000000001a6b4       0x1c ../ym/microbit-dal/source/microbit-dal.a(MicroBitSystemTimer.cpp.o)
                0x000000000001a6b4                system_timer_current_time()
 .text._Z28system_timer_current_time_usv
                0x000000000001a6d0       0x14 ../ym/microbit-dal/source/microbit-dal.a(MicroBitSystemTimer.cpp.o)
                0x000000000001a6d0                system_timer_current_time_us()
 .text._Z26system_timer_add_componentP17MicroBitComponent
                0x000000000001a6e4       0x3c ../ym/microbit-dal/source/microbit-dal.a(MicroBitSystemTimer.cpp.o)
                0x000000000001a6e4                system_timer_add_component(MicroBitComponent*)
 .text._Z29system_timer_remove_componentP17MicroBitComponent
                0x000000000001a720       0x1c ../ym/microbit-dal/source/microbit-dal.a(MicroBitSystemTimer.cpp.o)
                0x000000000001a720                system_timer_remove_component(MicroBitComponent*)
 .text._ZN13ManagedStringC2EP10StringData
                0x000000000001a73c       0x20 ../ym/microbit-dal/source/microbit-dal.a(ManagedString.cpp.o)
                0x000000000001a73c                ManagedString::ManagedString(StringData*)
                0x000000000001a73c                ManagedString::ManagedString(StringData*)
 .text._ZN13ManagedString8leakDataEv
                0x000000000001a75c       0x10 ../ym/microbit-dal/source/microbit-dal.a(ManagedString.cpp.o)
                0x000000000001a75c                ManagedString::leakData()
 .text._ZN13ManagedStringC2EPKc
                0x000000000001a76c       0x20 ../ym/microbit-dal/source/microbit-dal.a(ManagedString.cpp.o)
                0x000000000001a76c                ManagedString::ManagedString(char const*)
                0x000000000001a76c                ManagedString::ManagedString(char const*)
 .text._ZN13ManagedStringC2EPKcs
                0x000000000001a78c       0x54 ../ym/microbit-dal/source/microbit-dal.a(ManagedString.cpp.o)
                0x000000000001a78c                ManagedString::ManagedString(char const*, short)
                0x000000000001a78c                ManagedString::ManagedString(char const*, short)
 .text._ZN13ManagedStringC2Ev
                0x000000000001a7e0        0xc ../ym/microbit-dal/source/microbit-dal.a(ManagedString.cpp.o)
                0x000000000001a7e0                ManagedString::ManagedString()
                0x000000000001a7e0                ManagedString::ManagedString()
 .text._ZN13ManagedString9substringEss
                0x000000000001a7ec       0x38 ../ym/microbit-dal/source/microbit-dal.a(ManagedString.cpp.o)
                0x000000000001a7ec                ManagedString::substring(short, short)
 .text.startup._GLOBAL__sub_I__ZN13ManagedString9initEmptyEv
                0x000000000001a824       0x28 ../ym/microbit-dal/source/microbit-dal.a(ManagedString.cpp.o)
 .text._ZN13MicroBitEvent4fireEv
                0x000000000001a84c       0x28 ../ym/microbit-dal/source/microbit-dal.a(MicroBitEvent.cpp.o)
                0x000000000001a84c                MicroBitEvent::fire()
 .text._ZN13MicroBitImageC2Ev
                0x000000000001a874        0xc ../ym/microbit-dal/source/microbit-dal.a(MicroBitImage.cpp.o)
                0x000000000001a874                MicroBitImage::MicroBitImage()
                0x000000000001a874                MicroBitImage::MicroBitImage()
 .text._ZN13MicroBitImageC2EP9ImageData
                0x000000000001a880       0x20 ../ym/microbit-dal/source/microbit-dal.a(MicroBitImage.cpp.o)
                0x000000000001a880                MicroBitImage::MicroBitImage(ImageData*)
                0x000000000001a880                MicroBitImage::MicroBitImage(ImageData*)
 .text._ZN13MicroBitImage8leakDataEv
                0x000000000001a8a0       0x10 ../ym/microbit-dal/source/microbit-dal.a(MicroBitImage.cpp.o)
                0x000000000001a8a0                MicroBitImage::leakData()
 .text._ZN13MicroBitImage13setPixelValueEssh
                0x000000000001a8b0       0x2c ../ym/microbit-dal/source/microbit-dal.a(MicroBitImage.cpp.o)
                0x000000000001a8b0                MicroBitImage::setPixelValue(short, short, unsigned char)
 .text._ZN13MicroBitImage13getPixelValueEss
                0x000000000001a8dc       0x2c ../ym/microbit-dal/source/microbit-dal.a(MicroBitImage.cpp.o)
                0x000000000001a8dc                MicroBitImage::getPixelValue(short, short)
 .text._ZN13MicroBitImage10printImageEssPKh
                0x000000000001a908       0x60 ../ym/microbit-dal/source/microbit-dal.a(MicroBitImage.cpp.o)
                0x000000000001a908                MicroBitImage::printImage(short, short, unsigned char const*)
 .text._ZN13MicroBitImage4initEssPKh
                0x000000000001a968       0x4c ../ym/microbit-dal/source/microbit-dal.a(MicroBitImage.cpp.o)
                0x000000000001a968                MicroBitImage::init(short, short, unsigned char const*)
 .text._ZN13MicroBitImageC2EPKc
                0x000000000001a9b4       0xa4 ../ym/microbit-dal/source/microbit-dal.a(MicroBitImage.cpp.o)
                0x000000000001a9b4                MicroBitImage::MicroBitImage(char const*)
                0x000000000001a9b4                MicroBitImage::MicroBitImage(char const*)
 .text._ZN13MicroBitImage5printEcss
                0x000000000001aa58       0x94 ../ym/microbit-dal/source/microbit-dal.a(MicroBitImage.cpp.o)
                0x000000000001aa58                MicroBitImage::print(char, short, short)
 .text._ZN13MicroBitImage9shiftLeftEs
                0x000000000001aaec       0x54 ../ym/microbit-dal/source/microbit-dal.a(MicroBitImage.cpp.o)
                0x000000000001aaec                MicroBitImage::shiftLeft(short)
 .text.startup._GLOBAL__sub_I__ZN13MicroBitImage10EmptyImageE
                0x000000000001ab40       0x28 ../ym/microbit-dal/source/microbit-dal.a(MicroBitImage.cpp.o)
 .text.startup._GLOBAL__sub_I__ZN12PacketBuffer11EmptyPacketE
                0x000000000001ab68       0x24 ../ym/microbit-dal/source/microbit-dal.a(PacketBuffer.cpp.o)
 .text._ZL16isReadOnlyInlineP10RefCounted
                0x000000000001ab8c       0x24 ../ym/microbit-dal/source/microbit-dal.a(RefCounted.cpp.o)
 .text._ZN21MicroBitAccelerometerD2Ev
                0x000000000001abb0       0x18 ../ym/microbit-dal/source/microbit-dal.a(MicroBitAccelerometer.cpp.o)
                0x000000000001abb0                MicroBitAccelerometer::~MicroBitAccelerometer()
                0x000000000001abb0                MicroBitAccelerometer::~MicroBitAccelerometer()
 .text._ZN21MicroBitAccelerometer9configureEv
                0x000000000001abc8       0xbc ../ym/microbit-dal/source/microbit-dal.a(MicroBitAccelerometer.cpp.o)
                0x000000000001abc8                MicroBitAccelerometer::configure()
 .text._ZN21MicroBitAccelerometer11readCommandEhPhi
                0x000000000001ac84       0x4c ../ym/microbit-dal/source/microbit-dal.a(MicroBitAccelerometer.cpp.o)
                0x000000000001ac84                MicroBitAccelerometer::readCommand(unsigned char, unsigned char*, int)
 .text._ZN21MicroBitAccelerometerC2ER11MicroBitI2Ctt
                0x000000000001acd0       0x94 ../ym/microbit-dal/source/microbit-dal.a(MicroBitAccelerometer.cpp.o)
                0x000000000001acd0                MicroBitAccelerometer::MicroBitAccelerometer(MicroBitI2C&, unsigned short, unsigned short)
                0x000000000001acd0                MicroBitAccelerometer::MicroBitAccelerometer(MicroBitI2C&, unsigned short, unsigned short)
 .text._ZN21MicroBitAccelerometer12updateSampleEv
                0x000000000001ad64       0x80 ../ym/microbit-dal/source/microbit-dal.a(MicroBitAccelerometer.cpp.o)
                0x000000000001ad64                MicroBitAccelerometer::updateSample()
 .text._ZN21MicroBitAccelerometer20instantaneousPostureEv
                0x000000000001ade4      0x20c ../ym/microbit-dal/source/microbit-dal.a(MicroBitAccelerometer.cpp.o)
                0x000000000001ade4                MicroBitAccelerometer::instantaneousPosture()
 .text._ZN21MicroBitAccelerometer8getPitchEv
                0x000000000001aff0       0x2c ../ym/microbit-dal/source/microbit-dal.a(MicroBitAccelerometer.cpp.o)
                0x000000000001aff0                MicroBitAccelerometer::getPitch()
 .text._ZN21MicroBitAccelerometer7getRollEv
                0x000000000001b01c       0x2c ../ym/microbit-dal/source/microbit-dal.a(MicroBitAccelerometer.cpp.o)
                0x000000000001b01c                MicroBitAccelerometer::getRoll()
 .text._ZN14MicroBitButtonD2Ev
                0x000000000001b048       0x18 ../ym/microbit-dal/source/microbit-dal.a(MicroBitButton.cpp.o)
                0x000000000001b048                MicroBitButton::~MicroBitButton()
                0x000000000001b048                MicroBitButton::~MicroBitButton()
 .text._ZN14MicroBitButton10systemTickEv
                0x000000000001b060       0xe0 ../ym/microbit-dal/source/microbit-dal.a(MicroBitButton.cpp.o)
                0x000000000001b060                MicroBitButton::systemTick()
 .text._ZN14MicroBitButtonC2E7PinNamet32MicroBitButtonEventConfiguration7PinMode
                0x000000000001b140       0x5c ../ym/microbit-dal/source/microbit-dal.a(MicroBitButton.cpp.o)
                0x000000000001b140                MicroBitButton::MicroBitButton(PinName, unsigned short, MicroBitButtonEventConfiguration, PinMode)
                0x000000000001b140                MicroBitButton::MicroBitButton(PinName, unsigned short, MicroBitButtonEventConfiguration, PinMode)
 .text._ZN15MicroBitCompassD2Ev
                0x000000000001b19c       0x18 ../ym/microbit-dal/source/microbit-dal.a(MicroBitCompass.cpp.o)
                0x000000000001b19c                MicroBitCompass::~MicroBitCompass()
                0x000000000001b19c                MicroBitCompass::~MicroBitCompass()
 .text._ZN15MicroBitCompass11readCommandEhPhi
                0x000000000001b1b4       0x4c ../ym/microbit-dal/source/microbit-dal.a(MicroBitCompass.cpp.o)
                0x000000000001b1b4                MicroBitCompass::readCommand(unsigned char, unsigned char*, int)
 .text._ZN15MicroBitCompass6read16Eh
                0x000000000001b200       0x4c ../ym/microbit-dal/source/microbit-dal.a(MicroBitCompass.cpp.o)
                0x000000000001b200                MicroBitCompass::read16(unsigned char)
 .text._ZN15MicroBitCompass5read8Eh
                0x000000000001b24c       0x24 ../ym/microbit-dal/source/microbit-dal.a(MicroBitCompass.cpp.o)
                0x000000000001b24c                MicroBitCompass::read8(unsigned char)
 .text._ZN15MicroBitCompass12basicBearingEv
                0x000000000001b270       0x80 ../ym/microbit-dal/source/microbit-dal.a(MicroBitCompass.cpp.o)
                0x000000000001b270                MicroBitCompass::basicBearing()
 .text._ZN15MicroBitCompass22tiltCompensatedBearingEv
                0x000000000001b2f0      0x138 ../ym/microbit-dal/source/microbit-dal.a(MicroBitCompass.cpp.o)
                0x000000000001b2f0                MicroBitCompass::tiltCompensatedBearing()
 .text._ZN15MicroBitCompass9configureEv
                0x000000000001b428       0x8c ../ym/microbit-dal/source/microbit-dal.a(MicroBitCompass.cpp.o)
                0x000000000001b428                MicroBitCompass::configure()
 .text._ZN15MicroBitCompass9calibrateEv
                0x000000000001b4b4       0x4c ../ym/microbit-dal/source/microbit-dal.a(MicroBitCompass.cpp.o)
                0x000000000001b4b4                MicroBitCompass::calibrate()
 .text._ZN15MicroBitCompass7headingEv
                0x000000000001b500       0x30 ../ym/microbit-dal/source/microbit-dal.a(MicroBitCompass.cpp.o)
                0x000000000001b500                MicroBitCompass::heading()
 .text._ZN15MicroBitCompass14setCalibrationE13CompassSample
                0x000000000001b530       0x48 ../ym/microbit-dal/source/microbit-dal.a(MicroBitCompass.cpp.o)
                0x000000000001b530                MicroBitCompass::setCalibration(CompassSample)
 .text._ZN15MicroBitCompass4initEtt
                0x000000000001b578       0x58 ../ym/microbit-dal/source/microbit-dal.a(MicroBitCompass.cpp.o)
                0x000000000001b578                MicroBitCompass::init(unsigned short, unsigned short)
 .text._ZN15MicroBitCompassC2ER11MicroBitI2CR21MicroBitAccelerometerR15MicroBitStoragett
                0x000000000001b5d0       0x50 ../ym/microbit-dal/source/microbit-dal.a(MicroBitCompass.cpp.o)
                0x000000000001b5d0                MicroBitCompass::MicroBitCompass(MicroBitI2C&, MicroBitAccelerometer&, MicroBitStorage&, unsigned short, unsigned short)
                0x000000000001b5d0                MicroBitCompass::MicroBitCompass(MicroBitI2C&, MicroBitAccelerometer&, MicroBitStorage&, unsigned short, unsigned short)
 .text._ZN25MicroBitCompassCalibrator9calibrateE13MicroBitEvent
                0x000000000001b620      0x36c ../ym/microbit-dal/source/microbit-dal.a(MicroBitCompassCalibrator.cpp.o)
                0x000000000001b620                MicroBitCompassCalibrator::calibrate(MicroBitEvent)
 .text._ZN25MicroBitCompassCalibratorC2ER15MicroBitCompassR21MicroBitAccelerometerR15MicroBitDisplay
                0x000000000001b98c       0x94 ../ym/microbit-dal/source/microbit-dal.a(MicroBitCompassCalibrator.cpp.o)
                0x000000000001b98c                MicroBitCompassCalibrator::MicroBitCompassCalibrator(MicroBitCompass&, MicroBitAccelerometer&, MicroBitDisplay&)
                0x000000000001b98c                MicroBitCompassCalibrator::MicroBitCompassCalibrator(MicroBitCompass&, MicroBitAccelerometer&, MicroBitDisplay&)
 .text._ZN15MicroBitDisplay15renderGreyscaleEv
                0x000000000001ba20       0xfc ../ym/microbit-dal/source/microbit-dal.a(MicroBitDisplay.cpp.o)
                0x000000000001ba20                MicroBitDisplay::renderGreyscale()
 .text._ZN4mbed6TickerD2Ev
                0x000000000001bb1c       0x1c ../ym/microbit-dal/source/microbit-dal.a(MicroBitDisplay.cpp.o)
                0x000000000001bb1c                mbed::Ticker::~Ticker()
                0x000000000001bb1c                mbed::Ticker::~Ticker()
 .text._ZN15MicroBitDisplayD2Ev
                0x000000000001bb38       0x48 ../ym/microbit-dal/source/microbit-dal.a(MicroBitDisplay.cpp.o)
                0x000000000001bb38                MicroBitDisplay::~MicroBitDisplay()
                0x000000000001bb38                MicroBitDisplay::~MicroBitDisplay()
 .text._ZN15MicroBitDisplayC2EtRK9MatrixMap
                0x000000000001bb80       0xd8 ../ym/microbit-dal/source/microbit-dal.a(MicroBitDisplay.cpp.o)
                0x000000000001bb80                MicroBitDisplay::MicroBitDisplay(unsigned short, MatrixMap const&)
                0x000000000001bb80                MicroBitDisplay::MicroBitDisplay(unsigned short, MatrixMap const&)
 .text._ZN15MicroBitDisplay6renderEv
                0x000000000001bc58       0xf4 ../ym/microbit-dal/source/microbit-dal.a(MicroBitDisplay.cpp.o)
                0x000000000001bc58                MicroBitDisplay::render()
 .text._ZN15MicroBitDisplay26sendAnimationCompleteEventEv
                0x000000000001bd4c       0x24 ../ym/microbit-dal/source/microbit-dal.a(MicroBitDisplay.cpp.o)
                0x000000000001bd4c                MicroBitDisplay::sendAnimationCompleteEvent()
 .text._ZN15MicroBitDisplay13stopAnimationEv
                0x000000000001bd70       0x38 ../ym/microbit-dal/source/microbit-dal.a(MicroBitDisplay.cpp.o)
                0x000000000001bd70                MicroBitDisplay::stopAnimation()
 .text._ZN15MicroBitDisplay18waitForFreeDisplayEv
                0x000000000001bda8       0x20 ../ym/microbit-dal/source/microbit-dal.a(MicroBitDisplay.cpp.o)
                0x000000000001bda8                MicroBitDisplay::waitForFreeDisplay()
 .text._ZN15MicroBitDisplay9fiberWaitEv
                0x000000000001bdc8       0x2c ../ym/microbit-dal/source/microbit-dal.a(MicroBitDisplay.cpp.o)
                0x000000000001bdc8                MicroBitDisplay::fiberWait()
 .text._ZN15MicroBitDisplay14printCharAsyncEci
                0x000000000001bdf4       0x50 ../ym/microbit-dal/source/microbit-dal.a(MicroBitDisplay.cpp.o)
                0x000000000001bdf4                MicroBitDisplay::printCharAsync(char, int)
 .text._ZN15MicroBitDisplay10printAsyncE13ManagedStringi
                0x000000000001be44       0x6c ../ym/microbit-dal/source/microbit-dal.a(MicroBitDisplay.cpp.o)
                0x000000000001be44                MicroBitDisplay::printAsync(ManagedString, int)
 .text._ZN15MicroBitDisplay10printAsyncE13MicroBitImageiiii
                0x000000000001beb0       0x58 ../ym/microbit-dal/source/microbit-dal.a(MicroBitDisplay.cpp.o)
                0x000000000001beb0                MicroBitDisplay::printAsync(MicroBitImage, int, int, int, int)
 .text._ZN15MicroBitDisplay9printCharEci
                0x000000000001bf08       0x44 ../ym/microbit-dal/source/microbit-dal.a(MicroBitDisplay.cpp.o)
                0x000000000001bf08                MicroBitDisplay::printChar(char, int)
 .text._ZN15MicroBitDisplay5printE13ManagedStringi
                0x000000000001bf4c       0x68 ../ym/microbit-dal/source/microbit-dal.a(MicroBitDisplay.cpp.o)
                0x000000000001bf4c                MicroBitDisplay::print(ManagedString, int)
 .text._ZN15MicroBitDisplay5printE13MicroBitImageiiii
                0x000000000001bfb4       0x64 ../ym/microbit-dal/source/microbit-dal.a(MicroBitDisplay.cpp.o)
                0x000000000001bfb4                MicroBitDisplay::print(MicroBitImage, int, int, int, int)
 .text._ZN15MicroBitDisplay11scrollAsyncE13ManagedStringi
                0x000000000001c018       0x54 ../ym/microbit-dal/source/microbit-dal.a(MicroBitDisplay.cpp.o)
                0x000000000001c018                MicroBitDisplay::scrollAsync(ManagedString, int)
 .text._ZN15MicroBitDisplay6scrollE13ManagedStringi
                0x000000000001c06c       0x4c ../ym/microbit-dal/source/microbit-dal.a(MicroBitDisplay.cpp.o)
                0x000000000001c06c                MicroBitDisplay::scroll(ManagedString, int)
 .text._ZN15MicroBitDisplay12animateAsyncE13MicroBitImageiiii
                0x000000000001c0b8       0x74 ../ym/microbit-dal/source/microbit-dal.a(MicroBitDisplay.cpp.o)
                0x000000000001c0b8                MicroBitDisplay::animateAsync(MicroBitImage, int, int, int, int)
 .text._ZN15MicroBitDisplay7animateE13MicroBitImageiiii
                0x000000000001c12c       0x5c ../ym/microbit-dal/source/microbit-dal.a(MicroBitDisplay.cpp.o)
                0x000000000001c12c                MicroBitDisplay::animate(MicroBitImage, int, int, int, int)
 .text._ZN15MicroBitDisplay13setBrightnessEi
                0x000000000001c188       0x14 ../ym/microbit-dal/source/microbit-dal.a(MicroBitDisplay.cpp.o)
                0x000000000001c188                MicroBitDisplay::setBrightness(int)
 .text._ZN11MicroBitI2C4readEiPcib
                0x000000000001c19c       0x94 ../ym/microbit-dal/source/microbit-dal.a(MicroBitI2C.cpp.o)
                0x000000000001c19c                MicroBitI2C::read(int, char*, int, bool)
 .text._ZN11MicroBitI2C5writeEiPKcib
                0x000000000001c230       0x94 ../ym/microbit-dal/source/microbit-dal.a(MicroBitI2C.cpp.o)
                0x000000000001c230                MicroBitI2C::write(int, char const*, int, bool)
 .text._ZN19MicroBitLightSensor11analogReadyEv
                0x000000000001c2c4       0x54 ../ym/microbit-dal/source/microbit-dal.a(MicroBitLightSensor.cpp.o)
                0x000000000001c2c4                MicroBitLightSensor::analogReady()
 .text._ZN19MicroBitLightSensor12startSensingE13MicroBitEvent
                0x000000000001c318       0xa0 ../ym/microbit-dal/source/microbit-dal.a(MicroBitLightSensor.cpp.o)
                0x000000000001c318                MicroBitLightSensor::startSensing(MicroBitEvent)
 .text._ZN16MicroBitListenerC2I19MicroBitLightSensorEEttPT_MS2_Fv13MicroBitEventEt
                0x000000000001c3b8       0x68 ../ym/microbit-dal/source/microbit-dal.a(MicroBitLightSensor.cpp.o)
                0x000000000001c3b8                MicroBitListener::MicroBitListener<MicroBitLightSensor>(unsigned short, unsigned short, MicroBitLightSensor*, void (MicroBitLightSensor::*)(MicroBitEvent), unsigned short)
                0x000000000001c3b8                MicroBitListener::MicroBitListener<MicroBitLightSensor>(unsigned short, unsigned short, MicroBitLightSensor*, void (MicroBitLightSensor::*)(MicroBitEvent), unsigned short)
 .text._ZN19MicroBitLightSensorC2ERK9MatrixMap
                0x000000000001c420       0x94 ../ym/microbit-dal/source/microbit-dal.a(MicroBitLightSensor.cpp.o)
                0x000000000001c420                MicroBitLightSensor::MicroBitLightSensor(MatrixMap const&)
                0x000000000001c420                MicroBitLightSensor::MicroBitLightSensor(MatrixMap const&)
 .text._ZN19MicroBitLightSensorD2Ev
                0x000000000001c4b4       0x5c ../ym/microbit-dal/source/microbit-dal.a(MicroBitLightSensor.cpp.o)
                0x000000000001c4b4                MicroBitLightSensor::~MicroBitLightSensor()
                0x000000000001c4b4                MicroBitLightSensor::~MicroBitLightSensor()
 .text._ZN18MicroBitMessageBus6removeEP16MicroBitListener
                0x000000000001c510       0x78 ../ym/microbit-dal/source/microbit-dal.a(MicroBitMessageBus.cpp.o)
                0x000000000001c510                MicroBitMessageBus::remove(MicroBitListener*)
 .text._ZN18MicroBitMessageBus3addEP16MicroBitListener
                0x000000000001c588       0xe8 ../ym/microbit-dal/source/microbit-dal.a(MicroBitMessageBus.cpp.o)
                0x000000000001c588                MicroBitMessageBus::add(MicroBitListener*)
 .text._ZN18MicroBitMessageBusD2Ev
                0x000000000001c670       0x20 ../ym/microbit-dal/source/microbit-dal.a(MicroBitMessageBus.cpp.o)
                0x000000000001c670                MicroBitMessageBus::~MicroBitMessageBus()
                0x000000000001c670                MicroBitMessageBus::~MicroBitMessageBus()
 .text._ZThn4_N18MicroBitMessageBusD1Ev
                0x000000000001c690       0x10 ../ym/microbit-dal/source/microbit-dal.a(MicroBitMessageBus.cpp.o)
                0x000000000001c690                non-virtual thunk to MicroBitMessageBus::~MicroBitMessageBus()
 .text._ZThn4_N18MicroBitMessageBusD0Ev
                0x000000000001c6a0       0x10 ../ym/microbit-dal/source/microbit-dal.a(MicroBitMessageBus.cpp.o)
                0x000000000001c6a0                non-virtual thunk to MicroBitMessageBus::~MicroBitMessageBus()
 .text._ZN18MicroBitMessageBusC2Ev
                0x000000000001c6b0       0x3c ../ym/microbit-dal/source/microbit-dal.a(MicroBitMessageBus.cpp.o)
                0x000000000001c6b0                MicroBitMessageBus::MicroBitMessageBus()
                0x000000000001c6b0                MicroBitMessageBus::MicroBitMessageBus()
 .text._ZN18MicroBitMessageBus7processER13MicroBitEventb
                0x000000000001c6ec       0x88 ../ym/microbit-dal/source/microbit-dal.a(MicroBitMessageBus.cpp.o)
                0x000000000001c6ec                MicroBitMessageBus::process(MicroBitEvent&, bool)
 .text._ZThn4_N18MicroBitMessageBus8idleTickEv
                0x000000000001c774       0x10 ../ym/microbit-dal/source/microbit-dal.a(MicroBitMessageBus.cpp.o)
                0x000000000001c774                non-virtual thunk to MicroBitMessageBus::idleTick()
 .text._ZN10EventModel6listenI19MicroBitMultiButtonEEittPT_MS2_Fv13MicroBitEventEt
                0x000000000001c784       0xac ../ym/microbit-dal/source/microbit-dal.a(MicroBitMultiButton.cpp.o)
                0x000000000001c784                int EventModel::listen<MicroBitMultiButton>(unsigned short, unsigned short, MicroBitMultiButton*, void (MicroBitMultiButton::*)(MicroBitEvent), unsigned short)
 .text._ZN19MicroBitMultiButtonC2Ettt
                0x000000000001c830       0x70 ../ym/microbit-dal/source/microbit-dal.a(MicroBitMultiButton.cpp.o)
                0x000000000001c830                MicroBitMultiButton::MicroBitMultiButton(unsigned short, unsigned short, unsigned short)
                0x000000000001c830                MicroBitMultiButton::MicroBitMultiButton(unsigned short, unsigned short, unsigned short)
 .text._ZN11MicroBitPinC2Ei7PinName13PinCapability
                0x000000000001c8a0       0x1c ../ym/microbit-dal/source/microbit-dal.a(MicroBitPin.cpp.o)
                0x000000000001c8a0                MicroBitPin::MicroBitPin(int, PinName, PinCapability)
                0x000000000001c8a0                MicroBitPin::MicroBitPin(int, PinName, PinCapability)
 .text._ZN11MicroBitPin10disconnectEv
                0x000000000001c8bc       0x7c ../ym/microbit-dal/source/microbit-dal.a(MicroBitPin.cpp.o)
                0x000000000001c8bc                MicroBitPin::disconnect()
 .text._ZN11MicroBitPin15setDigitalValueEi
                0x000000000001c938       0x68 ../ym/microbit-dal/source/microbit-dal.a(MicroBitPin.cpp.o)
                0x000000000001c938                MicroBitPin::setDigitalValue(int)
 .text._ZN11MicroBitPin15getDigitalValueEv
                0x000000000001c9a0       0x6c ../ym/microbit-dal/source/microbit-dal.a(MicroBitPin.cpp.o)
                0x000000000001c9a0                MicroBitPin::getDigitalValue()
 .text._ZN11MicroBitPin14setAnalogValueEi
                0x000000000001ca0c       0x4c ../ym/microbit-dal/source/microbit-dal.a(MicroBitPin.cpp.o)
                0x000000000001ca0c                MicroBitPin::setAnalogValue(int)
 .text._ZN11MicroBitPin14getAnalogValueEv
                0x000000000001ca58       0x40 ../ym/microbit-dal/source/microbit-dal.a(MicroBitPin.cpp.o)
                0x000000000001ca58                MicroBitPin::getAnalogValue()
 .text._ZN11MicroBitPin9isTouchedEv
                0x000000000001ca98       0x48 ../ym/microbit-dal/source/microbit-dal.a(MicroBitPin.cpp.o)
                0x000000000001ca98                MicroBitPin::isTouched()
 .text._ZN11MicroBitPin15setServoPulseUsEi
                0x000000000001cae0       0x50 ../ym/microbit-dal/source/microbit-dal.a(MicroBitPin.cpp.o)
                0x000000000001cae0                MicroBitPin::setServoPulseUs(int)
 .text._ZN11MicroBitPin13setServoValueEiii
                0x000000000001cb30       0x58 ../ym/microbit-dal/source/microbit-dal.a(MicroBitPin.cpp.o)
                0x000000000001cb30                MicroBitPin::setServoValue(int, int, int)
 .text._ZN11MicroBitPin17setAnalogPeriodUsEi
                0x000000000001cb88       0x18 ../ym/microbit-dal/source/microbit-dal.a(MicroBitPin.cpp.o)
                0x000000000001cb88                MicroBitPin::setAnalogPeriodUs(int)
 .text._ZN11MicroBitPin7setPullE7PinMode
                0x000000000001cba0       0x2c ../ym/microbit-dal/source/microbit-dal.a(MicroBitPin.cpp.o)
                0x000000000001cba0                MicroBitPin::setPull(PinMode)
 .text._ZN11MicroBitPin20enableRiseFallEventsEi
                0x000000000001cbcc       0x80 ../ym/microbit-dal/source/microbit-dal.a(MicroBitPin.cpp.o)
                0x000000000001cbcc                MicroBitPin::enableRiseFallEvents(int)
 .text._ZN11MicroBitPin7eventOnEi
                0x000000000001cc4c       0x34 ../ym/microbit-dal/source/microbit-dal.a(MicroBitPin.cpp.o)
                0x000000000001cc4c                MicroBitPin::eventOn(int)
 .text._ZN13MicroBitRadioC2Et
                0x000000000001cc80       0x44 ../ym/microbit-dal/source/microbit-dal.a(MicroBitRadio.cpp.o)
                0x000000000001cc80                MicroBitRadio::MicroBitRadio(unsigned short)
                0x000000000001cc80                MicroBitRadio::MicroBitRadio(unsigned short)
 .text._ZN13MicroBitRadio16setTransmitPowerEi
                0x000000000001ccc4       0x28 ../ym/microbit-dal/source/microbit-dal.a(MicroBitRadio.cpp.o)
                0x000000000001ccc4                MicroBitRadio::setTransmitPower(int)
 .text._ZN13MicroBitRadio16setFrequencyBandEi
                0x000000000001ccec       0x30 ../ym/microbit-dal/source/microbit-dal.a(MicroBitRadio.cpp.o)
                0x000000000001ccec                MicroBitRadio::setFrequencyBand(int)
 .text._ZN13MicroBitRadio7setRSSIEi
                0x000000000001cd1c       0x14 ../ym/microbit-dal/source/microbit-dal.a(MicroBitRadio.cpp.o)
                0x000000000001cd1c                MicroBitRadio::setRSSI(int)
 .text._ZN13MicroBitRadio7getRSSIEv
                0x000000000001cd30       0x14 ../ym/microbit-dal/source/microbit-dal.a(MicroBitRadio.cpp.o)
                0x000000000001cd30                MicroBitRadio::getRSSI()
 .text._ZN13MicroBitRadio10queueRxBufEv
                0x000000000001cd44       0x60 ../ym/microbit-dal/source/microbit-dal.a(MicroBitRadio.cpp.o)
                0x000000000001cd44                MicroBitRadio::queueRxBuf()
 .text.RADIO_IRQHandler
                0x000000000001cda4       0x68 ../ym/microbit-dal/source/microbit-dal.a(MicroBitRadio.cpp.o)
                0x000000000001cda4                RADIO_IRQHandler
 .text._ZN13MicroBitRadio8setGroupEh
                0x000000000001ce0c       0x28 ../ym/microbit-dal/source/microbit-dal.a(MicroBitRadio.cpp.o)
                0x000000000001ce0c                MicroBitRadio::setGroup(unsigned char)
 .text._ZN13MicroBitRadio6enableEv
                0x000000000001ce34      0x140 ../ym/microbit-dal/source/microbit-dal.a(MicroBitRadio.cpp.o)
                0x000000000001ce34                MicroBitRadio::enable()
 .text._ZN13MicroBitRadio4recvEv
                0x000000000001cf74       0x28 ../ym/microbit-dal/source/microbit-dal.a(MicroBitRadio.cpp.o)
                0x000000000001cf74                MicroBitRadio::recv()
 .text._ZN13MicroBitRadio4sendEP11FrameBuffer
                0x000000000001cf9c       0xc0 ../ym/microbit-dal/source/microbit-dal.a(MicroBitRadio.cpp.o)
                0x000000000001cf9c                MicroBitRadio::send(FrameBuffer*)
 .text._ZN21MicroBitRadioDatagram4recvEv
                0x000000000001d05c       0x40 ../ym/microbit-dal/source/microbit-dal.a(MicroBitRadioDatagram.cpp.o)
                0x000000000001d05c                MicroBitRadioDatagram::recv()
 .text._ZN21MicroBitRadioDatagram4sendEPhi
                0x000000000001d09c       0x38 ../ym/microbit-dal/source/microbit-dal.a(MicroBitRadioDatagram.cpp.o)
                0x000000000001d09c                MicroBitRadioDatagram::send(unsigned char*, int)
 .text._ZN14MicroBitSerial12dataReceivedEv
                0x000000000001d0d4       0x90 ../ym/microbit-dal/source/microbit-dal.a(MicroBitSerial.cpp.o)
                0x000000000001d0d4                MicroBitSerial::dataReceived()
 .text._ZN14MicroBitSerial6lockRxEv
                0x000000000001d164       0x10 ../ym/microbit-dal/source/microbit-dal.a(MicroBitSerial.cpp.o)
                0x000000000001d164                MicroBitSerial::lockRx()
 .text._ZN14MicroBitSerial6lockTxEv
                0x000000000001d174       0x10 ../ym/microbit-dal/source/microbit-dal.a(MicroBitSerial.cpp.o)
                0x000000000001d174                MicroBitSerial::lockTx()
 .text._ZN14MicroBitSerial8unlockRxEv
                0x000000000001d184       0x10 ../ym/microbit-dal/source/microbit-dal.a(MicroBitSerial.cpp.o)
                0x000000000001d184                MicroBitSerial::unlockRx()
 .text._ZN14MicroBitSerial8unlockTxEv
                0x000000000001d194       0x10 ../ym/microbit-dal/source/microbit-dal.a(MicroBitSerial.cpp.o)
                0x000000000001d194                MicroBitSerial::unlockTx()
 .text._ZN14MicroBitSerial4baudEi
                0x000000000001d1a4       0x14 ../ym/microbit-dal/source/microbit-dal.a(MicroBitSerial.cpp.o)
                0x000000000001d1a4                MicroBitSerial::baud(int)
 .text._ZN14MicroBitSerialC2E7PinNameS0_hh
                0x000000000001d1b8       0x50 ../ym/microbit-dal/source/microbit-dal.a(MicroBitSerial.cpp.o)
                0x000000000001d1b8                MicroBitSerial::MicroBitSerial(PinName, PinName, unsigned char, unsigned char)
                0x000000000001d1b8                MicroBitSerial::MicroBitSerial(PinName, PinName, unsigned char, unsigned char)
 .text._ZN14MicroBitSerial10eventAfterEi18MicroBitSerialMode
                0x000000000001d208       0x38 ../ym/microbit-dal/source/microbit-dal.a(MicroBitSerial.cpp.o)
                0x000000000001d208                MicroBitSerial::eventAfter(int, MicroBitSerialMode)
 .text._ZN14MicroBitSerial7getCharE18MicroBitSerialMode
                0x000000000001d240       0x64 ../ym/microbit-dal/source/microbit-dal.a(MicroBitSerial.cpp.o)
                0x000000000001d240                MicroBitSerial::getChar(MicroBitSerialMode)
 .text._ZN14MicroBitSerial7eventOnE13ManagedString18MicroBitSerialMode
                0x000000000001d2a4       0x28 ../ym/microbit-dal/source/microbit-dal.a(MicroBitSerial.cpp.o)
                0x000000000001d2a4                MicroBitSerial::eventOn(ManagedString, MicroBitSerialMode)
 .text._ZN14MicroBitSerial12initialiseTxEv
                0x000000000001d2cc       0x50 ../ym/microbit-dal/source/microbit-dal.a(MicroBitSerial.cpp.o)
                0x000000000001d2cc                MicroBitSerial::initialiseTx()
 .text._ZN14MicroBitSerial11dataWrittenEv
                0x000000000001d31c       0x60 ../ym/microbit-dal/source/microbit-dal.a(MicroBitSerial.cpp.o)
                0x000000000001d31c                MicroBitSerial::dataWritten()
 .text._ZN4mbed10SerialBase6attachI14MicroBitSerialEEvPT_MS3_FvvENS0_7IrqTypeE
                0x000000000001d37c       0x3c ../ym/microbit-dal/source/microbit-dal.a(MicroBitSerial.cpp.o)
                0x000000000001d37c                void mbed::SerialBase::attach<MicroBitSerial>(MicroBitSerial*, void (MicroBitSerial::*)(), mbed::SerialBase::IrqType)
 .text._ZN14MicroBitSerial14setTxInterruptEPhi18MicroBitSerialMode
                0x000000000001d3b8       0x6c ../ym/microbit-dal/source/microbit-dal.a(MicroBitSerial.cpp.o)
                0x000000000001d3b8                MicroBitSerial::setTxInterrupt(unsigned char*, int, MicroBitSerialMode)
 .text._ZN14MicroBitSerial4sendEPhi18MicroBitSerialMode
                0x000000000001d424       0x74 ../ym/microbit-dal/source/microbit-dal.a(MicroBitSerial.cpp.o)
                0x000000000001d424                MicroBitSerial::send(unsigned char*, int, MicroBitSerialMode)
 .text._ZN14MicroBitSerial12initialiseRxEv
                0x000000000001d498       0x68 ../ym/microbit-dal/source/microbit-dal.a(MicroBitSerial.cpp.o)
                0x000000000001d498                MicroBitSerial::initialiseRx()
 .text._ZN14MicroBitSerial4readE18MicroBitSerialMode
                0x000000000001d500       0x44 ../ym/microbit-dal/source/microbit-dal.a(MicroBitSerial.cpp.o)
                0x000000000001d500                MicroBitSerial::read(MicroBitSerialMode)
 .text._ZN14MicroBitSerial4readEPhi18MicroBitSerialMode
                0x000000000001d544       0xc0 ../ym/microbit-dal/source/microbit-dal.a(MicroBitSerial.cpp.o)
                0x000000000001d544                MicroBitSerial::read(unsigned char*, int, MicroBitSerialMode)
 .text._ZN14MicroBitSerial9readUntilE13ManagedString18MicroBitSerialMode
                0x000000000001d604      0x1d0 ../ym/microbit-dal/source/microbit-dal.a(MicroBitSerial.cpp.o)
                0x000000000001d604                MicroBitSerial::readUntil(ManagedString, MicroBitSerialMode)
 .text._ZN14MicroBitSerial8redirectE7PinNameS0_
                0x000000000001d7d4       0xa0 ../ym/microbit-dal/source/microbit-dal.a(MicroBitSerial.cpp.o)
                0x000000000001d7d4                MicroBitSerial::redirect(PinName, PinName)
 .text._ZN15MicroBitStorage4sizeEv
                0x000000000001d874       0x60 ../ym/microbit-dal/source/microbit-dal.a(MicroBitStorage.cpp.o)
                0x000000000001d874                MicroBitStorage::size()
 .text._ZN15MicroBitStorage3putEPKcPhi
                0x000000000001d8d4      0x1ac ../ym/microbit-dal/source/microbit-dal.a(MicroBitStorage.cpp.o)
                0x000000000001d8d4                MicroBitStorage::put(char const*, unsigned char*, int)
 .text._ZN19MicroBitThermometerC2ER15MicroBitStoraget
                0x000000000001da80       0x48 ../ym/microbit-dal/source/microbit-dal.a(MicroBitThermometer.cpp.o)
                0x000000000001da80                MicroBitThermometer::MicroBitThermometer(MicroBitStorage&, unsigned short)
                0x000000000001da80                MicroBitThermometer::MicroBitThermometer(MicroBitStorage&, unsigned short)
 .text._ZN19MicroBitThermometer12updateSampleEv
                0x000000000001dac8       0x90 ../ym/microbit-dal/source/microbit-dal.a(MicroBitThermometer.cpp.o)
                0x000000000001dac8                MicroBitThermometer::updateSample()
 .text._ZN16TimedInterruptInD2Ev
                0x000000000001db58       0x14 ../ym/microbit-dal/source/microbit-dal.a(TimedInterruptIn.cpp.o)
                0x000000000001db58                TimedInterruptIn::~TimedInterruptIn()
                0x000000000001db58                TimedInterruptIn::~TimedInterruptIn()
 .text._ZN16TimedInterruptInC2E7PinName
                0x000000000001db6c       0x1c ../ym/microbit-dal/source/microbit-dal.a(TimedInterruptIn.cpp.o)
                0x000000000001db6c                TimedInterruptIn::TimedInterruptIn(PinName)
                0x000000000001db6c                TimedInterruptIn::TimedInterruptIn(PinName)
 .text._ZL18nvmc_event_handlerm
                0x000000000001db88       0x10 ../ym/microbit-dal/source/microbit-dal.a(MicroBitFlash.cpp.o)
 .text._ZN13MicroBitFlashC2Ev
                0x000000000001db98       0x24 ../ym/microbit-dal/source/microbit-dal.a(MicroBitFlash.cpp.o)
                0x000000000001db98                MicroBitFlash::MicroBitFlash()
                0x000000000001db98                MicroBitFlash::MicroBitFlash()
 .text._ZN13MicroBitFlash10erase_pageEPm
                0x000000000001dbbc       0x74 ../ym/microbit-dal/source/microbit-dal.a(MicroBitFlash.cpp.o)
                0x000000000001dbbc                MicroBitFlash::erase_page(unsigned long*)
 .text._ZN13MicroBitFlash10flash_burnEPmS0_i
                0x000000000001dc30       0x84 ../ym/microbit-dal/source/microbit-dal.a(MicroBitFlash.cpp.o)
                0x000000000001dc30                MicroBitFlash::flash_burn(unsigned long*, unsigned long*, int)
 .text._ZN18MicroBitBLEManagerD2Ev
                0x000000000001dcb4       0x20 ../ym/microbit-dal/source/microbit-dal.a(MicroBitBLEManager.cpp.o)
                0x000000000001dcb4                MicroBitBLEManager::~MicroBitBLEManager()
                0x000000000001dcb4                MicroBitBLEManager::~MicroBitBLEManager()
 .text._ZL25bleSysAttrMissingCallbackPK32GattSysAttrMissingCallbackParams
                0x000000000001dcd4       0xc4 ../ym/microbit-dal/source/microbit-dal.a(MicroBitBLEManager.cpp.o)
 .text._ZN18MicroBitBLEManager8idleTickEv
                0x000000000001dd98      0x114 ../ym/microbit-dal/source/microbit-dal.a(MicroBitBLEManager.cpp.o)
                0x000000000001dd98                MicroBitBLEManager::idleTick()
 .text._ZN18GapAdvertisingData7addDataENS_10DataType_tEPKhh
                0x000000000001deac       0xc8 ../ym/microbit-dal/source/microbit-dal.a(MicroBitBLEManager.cpp.o)
                0x000000000001deac                GapAdvertisingData::addData(GapAdvertisingData::DataType_t, unsigned char const*, unsigned char)
 .text._ZN18GattCharacteristicC2ERK4UUIDPhtthPP13GattAttributejb
                0x000000000001df74       0x94 ../ym/microbit-dal/source/microbit-dal.a(MicroBitBLEManager.cpp.o)
                0x000000000001df74                GattCharacteristic::GattCharacteristic(UUID const&, unsigned char*, unsigned short, unsigned short, unsigned char, GattAttribute**, unsigned int, bool)
                0x000000000001df74                GattCharacteristic::GattCharacteristic(UUID const&, unsigned char*, unsigned short, unsigned short, unsigned char, GattAttribute**, unsigned int, bool)
 .text._ZN3BLE22setAdvertisingIntervalEt
                0x000000000001e008       0x3c ../ym/microbit-dal/source/microbit-dal.a(MicroBitBLEManager.cpp.o)
                0x000000000001e008                BLE::setAdvertisingInterval(unsigned short)
 .text._ZN24DeviceInformationServiceC2ER3BLEPKcS3_S3_S3_S3_S3_
                0x000000000001e044      0x1dc ../ym/microbit-dal/source/microbit-dal.a(MicroBitBLEManager.cpp.o)
                0x000000000001e044                DeviceInformationService::DeviceInformationService(BLE&, char const*, char const*, char const*, char const*, char const*, char const*)
                0x000000000001e044                DeviceInformationService::DeviceInformationService(BLE&, char const*, char const*, char const*, char const*, char const*, char const*)
 .text._ZN18MicroBitBLEManagerC2ER15MicroBitStorage
                0x000000000001e220       0x38 ../ym/microbit-dal/source/microbit-dal.a(MicroBitBLEManager.cpp.o)
                0x000000000001e220                MicroBitBLEManager::MicroBitBLEManager(MicroBitStorage&)
                0x000000000001e220                MicroBitBLEManager::MicroBitBLEManager(MicroBitStorage&)
 .text._ZL24bleDisconnectionCallbackPKN3Gap29DisconnectionCallbackParams_tE
                0x000000000001e258       0x3c ../ym/microbit-dal/source/microbit-dal.a(MicroBitBLEManager.cpp.o)
 .text._ZN18MicroBitBLEManager16setTransmitPowerEi
                0x000000000001e294       0x30 ../ym/microbit-dal/source/microbit-dal.a(MicroBitBLEManager.cpp.o)
                0x000000000001e294                MicroBitBLEManager::setTransmitPower(int)
 .text._ZN18MicroBitBLEManager4initE13ManagedStringS0_R10EventModelb
                0x000000000001e2c4      0x2c8 ../ym/microbit-dal/source/microbit-dal.a(MicroBitBLEManager.cpp.o)
                0x000000000001e2c4                MicroBitBLEManager::init(ManagedString, ManagedString, EventModel&, bool)
 .text._ZL22passkeyDisplayCallbacktPKh
                0x000000000001e58c       0x34 ../ym/microbit-dal/source/microbit-dal.a(MicroBitBLEManager.cpp.o)
 .text._ZL30securitySetupCompletedCallbacktN15SecurityManager26SecurityCompletionStatus_tE
                0x000000000001e5c0       0x40 ../ym/microbit-dal/source/microbit-dal.a(MicroBitBLEManager.cpp.o)
 .text._ZN18MicroBitBLEManager11pairingModeER15MicroBitDisplayR14MicroBitButton
                0x000000000001e600      0x290 ../ym/microbit-dal/source/microbit-dal.a(MicroBitBLEManager.cpp.o)
                0x000000000001e600                MicroBitBLEManager::pairingMode(MicroBitDisplay&, MicroBitButton&)
 .text._ZN18MicroBitDFUServiceC2ER3BLE
                0x000000000001e890      0x17c ../ym/microbit-dal/source/microbit-dal.a(MicroBitDFUService.cpp.o)
                0x000000000001e890                MicroBitDFUService::MicroBitDFUService(BLE&)
                0x000000000001e890                MicroBitDFUService::MicroBitDFUService(BLE&)
 .text._ZN20MicroBitEventServiceC2ER3BLER10EventModel
                0x000000000001ea0c      0x208 ../ym/microbit-dal/source/microbit-dal.a(MicroBitEventService.cpp.o)
                0x000000000001ea0c                MicroBitEventService::MicroBitEventService(BLE&, EventModel&)
                0x000000000001ea0c                MicroBitEventService::MicroBitEventService(BLE&, EventModel&)
 .text._ZN16MicroBitListenerC2I20MicroBitEventServiceEEttPT_MS2_Fv13MicroBitEventEt
                0x000000000001ec14       0x68 ../ym/microbit-dal/source/microbit-dal.a(MicroBitEventService.cpp.o)
                0x000000000001ec14                MicroBitListener::MicroBitListener<MicroBitEventService>(unsigned short, unsigned short, MicroBitEventService*, void (MicroBitEventService::*)(MicroBitEvent), unsigned short)
                0x000000000001ec14                MicroBitListener::MicroBitListener<MicroBitEventService>(unsigned short, unsigned short, MicroBitEventService*, void (MicroBitEventService::*)(MicroBitEvent), unsigned short)
 .text._ZN20MicroBitEventService13onDataWrittenEPK23GattWriteCallbackParams
                0x000000000001ec7c       0xa4 ../ym/microbit-dal/source/microbit-dal.a(MicroBitEventService.cpp.o)
                0x000000000001ec7c                MicroBitEventService::onDataWritten(GattWriteCallbackParams const*)
 .text._ZN20MicroBitEventService8idleTickEv
                0x000000000001ed20       0x54 ../ym/microbit-dal/source/microbit-dal.a(MicroBitEventService.cpp.o)
                0x000000000001ed20                MicroBitEventService::idleTick()
 .text          0x000000000001ed74      0x124 ../ym/microbit-dal/source/microbit-dal.a(CortexContextSwitch.s.obj)
                0x000000000001ed74                swap_context
                0x000000000001edf6                save_context
                0x000000000001ee3a                save_register_context
                0x000000000001ee6a                restore_register_context
 .text._Z14string_reversePc
                0x000000000001ee98       0x30 ../ym/microbit-dal/source/microbit-dal.a(MicroBitCompat.cpp.o)
                0x000000000001ee98                string_reverse(char*)
 .text._Z4itoaiPc
                0x000000000001eec8       0x68 ../ym/microbit-dal/source/microbit-dal.a(MicroBitCompat.cpp.o)
                0x000000000001eec8                itoa(int, char*)
 .text._ZN10DynamicPwm5writeEf
                0x000000000001ef30       0x28 ../ym/microbit-dal/source/microbit-dal.a(DynamicPwm.cpp.o)
                0x000000000001ef30                DynamicPwm::write(float)
 .text._ZN10DynamicPwm11getPeriodUsEv